Archive member included to satisfy reference by file (symbol)

d:/program files (x86)/gnu tools arm embedded/7 2018q2/bin/../lib/gcc/arm-none-eabi/7.3.1/thumb/v7e-m/fpv4-sp/hard\libgcc.a(_arm_addsubdf3.o)
                              ./rt-thread/packages/cJSON-v1.0.2/cJSON.o (__aeabi_dsub)
d:/program files (x86)/gnu tools arm embedded/7 2018q2/bin/../lib/gcc/arm-none-eabi/7.3.1/thumb/v7e-m/fpv4-sp/hard\libgcc.a(_arm_muldivdf3.o)
                              ./rt-thread/packages/cJSON-v1.0.2/cJSON.o (__aeabi_dmul)
d:/program files (x86)/gnu tools arm embedded/7 2018q2/bin/../lib/gcc/arm-none-eabi/7.3.1/thumb/v7e-m/fpv4-sp/hard\libgcc.a(_arm_cmpdf2.o)
                              ./rt-thread/packages/cJSON-v1.0.2/cJSON.o (__aeabi_dcmpeq)
d:/program files (x86)/gnu tools arm embedded/7 2018q2/bin/../lib/gcc/arm-none-eabi/7.3.1/thumb/v7e-m/fpv4-sp/hard\libgcc.a(_arm_fixdfsi.o)
                              ./rt-thread/packages/cJSON-v1.0.2/cJSON.o (__aeabi_d2iz)
d:/program files (x86)/gnu tools arm embedded/7 2018q2/bin/../lib/gcc/arm-none-eabi/7.3.1/thumb/v7e-m/fpv4-sp/hard\libgcc.a(_aeabi_uldivmod.o)
                              ./driver/drv_pwm.o (__aeabi_uldivmod)
d:/program files (x86)/gnu tools arm embedded/7 2018q2/bin/../lib/gcc/arm-none-eabi/7.3.1/thumb/v7e-m/fpv4-sp/hard\libgcc.a(_udivmoddi4.o)
                              d:/program files (x86)/gnu tools arm embedded/7 2018q2/bin/../lib/gcc/arm-none-eabi/7.3.1/thumb/v7e-m/fpv4-sp/hard\libgcc.a(_aeabi_uldivmod.o) (__udivmoddi4)
d:/program files (x86)/gnu tools arm embedded/7 2018q2/bin/../lib/gcc/arm-none-eabi/7.3.1/thumb/v7e-m/fpv4-sp/hard\libgcc.a(_dvmd_tls.o)
                              d:/program files (x86)/gnu tools arm embedded/7 2018q2/bin/../lib/gcc/arm-none-eabi/7.3.1/thumb/v7e-m/fpv4-sp/hard\libgcc.a(_aeabi_uldivmod.o) (__aeabi_ldiv0)
d:/program files (x86)/gnu tools arm embedded/7 2018q2/bin/../lib/gcc/arm-none-eabi/7.3.1/../../../../arm-none-eabi/lib/thumb/v7e-m/fpv4-sp/hard\libg_nano.a(lib_a-atoi.o)
                              ./rt-thread/components/finsh/finsh_token.o (atoi)
d:/program files (x86)/gnu tools arm embedded/7 2018q2/bin/../lib/gcc/arm-none-eabi/7.3.1/../../../../arm-none-eabi/lib/thumb/v7e-m/fpv4-sp/hard\libg_nano.a(lib_a-atol.o)
                              ./rt-thread/components/drivers/spi/spi_flash_sfud.o (atol)
d:/program files (x86)/gnu tools arm embedded/7 2018q2/bin/../lib/gcc/arm-none-eabi/7.3.1/../../../../arm-none-eabi/lib/thumb/v7e-m/fpv4-sp/hard\libg_nano.a(lib_a-exit.o)
                              d:/program files (x86)/gnu tools arm embedded/7 2018q2/bin/../lib/gcc/arm-none-eabi/7.3.1/../../../../arm-none-eabi/lib/thumb/v7e-m/fpv4-sp/hard/rdimon-crt0.o (exit)
d:/program files (x86)/gnu tools arm embedded/7 2018q2/bin/../lib/gcc/arm-none-eabi/7.3.1/../../../../arm-none-eabi/lib/thumb/v7e-m/fpv4-sp/hard\libg_nano.a(lib_a-getchar.o)
                              ./rt-thread/components/finsh/shell.o (getchar)
d:/program files (x86)/gnu tools arm embedded/7 2018q2/bin/../lib/gcc/arm-none-eabi/7.3.1/../../../../arm-none-eabi/lib/thumb/v7e-m/fpv4-sp/hard\libg_nano.a(lib_a-impure.o)
                              d:/program files (x86)/gnu tools arm embedded/7 2018q2/bin/../lib/gcc/arm-none-eabi/7.3.1/../../../../arm-none-eabi/lib/thumb/v7e-m/fpv4-sp/hard\libg_nano.a(lib_a-exit.o) (_global_impure_ptr)
d:/program files (x86)/gnu tools arm embedded/7 2018q2/bin/../lib/gcc/arm-none-eabi/7.3.1/../../../../arm-none-eabi/lib/thumb/v7e-m/fpv4-sp/hard\libg_nano.a(lib_a-init.o)
                              d:/program files (x86)/gnu tools arm embedded/7 2018q2/bin/../lib/gcc/arm-none-eabi/7.3.1/../../../../arm-none-eabi/lib/thumb/v7e-m/fpv4-sp/hard/rdimon-crt0.o (__libc_init_array)
d:/program files (x86)/gnu tools arm embedded/7 2018q2/bin/../lib/gcc/arm-none-eabi/7.3.1/../../../../arm-none-eabi/lib/thumb/v7e-m/fpv4-sp/hard\libg_nano.a(lib_a-lcltime.o)
                              ./rt-thread/components/dfs/filesystems/elmfat/dfs_elm.o (localtime)
d:/program files (x86)/gnu tools arm embedded/7 2018q2/bin/../lib/gcc/arm-none-eabi/7.3.1/../../../../arm-none-eabi/lib/thumb/v7e-m/fpv4-sp/hard\libg_nano.a(lib_a-lcltime_r.o)
                              d:/program files (x86)/gnu tools arm embedded/7 2018q2/bin/../lib/gcc/arm-none-eabi/7.3.1/../../../../arm-none-eabi/lib/thumb/v7e-m/fpv4-sp/hard\libg_nano.a(lib_a-lcltime.o) (localtime_r)
d:/program files (x86)/gnu tools arm embedded/7 2018q2/bin/../lib/gcc/arm-none-eabi/7.3.1/../../../../arm-none-eabi/lib/thumb/v7e-m/fpv4-sp/hard\libg_nano.a(lib_a-locale.o)
                              ./rt-thread/packages/cJSON-v1.0.2/cJSON.o (__locale_ctype_ptr)
d:/program files (x86)/gnu tools arm embedded/7 2018q2/bin/../lib/gcc/arm-none-eabi/7.3.1/../../../../arm-none-eabi/lib/thumb/v7e-m/fpv4-sp/hard\libg_nano.a(lib_a-malloc.o)
                              ./rt-thread/packages/cJSON-v1.0.2/cJSON.o (malloc)
[...]
Memory Configuration

Name             Origin             Length             Attributes
FLASH            0x08000000         0x00080000         xr
RAM              0x20000000         0x00020000         xrw
CCMRAM           0x10000000         0x00010000         rw
*default*        0x00000000         0xffffffff

Linker script and memory map

LOAD d:/program files (x86)/gnu tools arm embedded/7 2018q2/bin/../lib/gcc/arm-none-eabi/7.3.1/thumb/v7e-m/fpv4-sp/hard/crti.o
LOAD d:/program files (x86)/gnu tools arm embedded/7 2018q2/bin/../lib/gcc/arm-none-eabi/7.3.1/thumb/v7e-m/fpv4-sp/hard/crtbegin.o
LOAD d:/program files (x86)/gnu tools arm embedded/7 2018q2/bin/../lib/gcc/arm-none-eabi/7.3.1/../../../../arm-none-eabi/lib/thumb/v7e-m/fpv4-sp/hard/rdimon-crt0.o
LOAD ./rt-thread/src/clock.o
LOAD ./rt-thread/src/components.o
LOAD ./rt-thread/src/device.o
LOAD ./rt-thread/src/idle.o
LOAD ./rt-thread/src/ipc.o
LOAD ./rt-thread/src/irq.o
LOAD ./rt-thread/src/kservice.o
LOAD ./rt-thread/src/mem.o
LOAD ./rt-thread/src/memheap.o
LOAD ./rt-thread/src/mempool.o
LOAD ./rt-thread/src/module.o
LOAD ./rt-thread/src/object.o
LOAD ./rt-thread/src/scheduler.o
LOAD ./rt-thread/src/signal.o
LOAD ./rt-thread/src/slab.o
LOAD ./rt-thread/src/thread.o
LOAD ./rt-thread/src/timer.o
LOAD ./rt-thread/packages/cJSON-v1.0.2/cJSON.o
LOAD ./rt-thread/packages/cJSON-v1.0.2/cJSON_port.o
LOAD ./rt-thread/packages/cJSON-v1.0.2/cJSON_util.o
LOAD ./rt-thread/libcpu/arm/cortex-m4/context_gcc.o
LOAD ./rt-thread/libcpu/arm/cortex-m4/cpuport.o
LOAD ./rt-thread/libcpu/arm/common/backtrace.o
LOAD ./rt-thread/libcpu/arm/common/div0.o
LOAD ./rt-thread/libcpu/arm/common/showmem.o
LOAD ./rt-thread/components/finsh/cmd.o
LOAD ./rt-thread/components/finsh/finsh_compiler.o
LOAD ./rt-thread/components/finsh/finsh_error.o
LOAD ./rt-thread/components/finsh/finsh_heap.o
LOAD ./rt-thread/components/finsh/finsh_init.o
LOAD ./rt-thread/components/finsh/finsh_node.o
LOAD ./rt-thread/components/finsh/finsh_ops.o
LOAD ./rt-thread/components/finsh/finsh_parser.o
LOAD ./rt-thread/components/finsh/finsh_token.o
LOAD ./rt-thread/components/finsh/finsh_var.o
LOAD ./rt-thread/components/finsh/finsh_vm.o
LOAD ./rt-thread/components/finsh/msh.o
LOAD ./rt-thread/components/finsh/msh_cmd.o
LOAD ./rt-thread/components/finsh/msh_file.o
LOAD ./rt-thread/components/finsh/shell.o
LOAD ./rt-thread/components/finsh/symbol.o
LOAD ./rt-thread/components/drivers/usb/usbdevice/core/core.o
LOAD ./rt-thread/components/drivers/usb/usbdevice/core/usbdevice.o
LOAD ./rt-thread/components/drivers/usb/usbdevice/class/hid.o
LOAD ./rt-thread/components/drivers/src/completion.o
LOAD ./rt-thread/components/drivers/src/dataqueue.o
LOAD ./rt-thread/components/drivers/src/pipe.o
LOAD ./rt-thread/components/drivers/src/ringbuffer.o
LOAD ./rt-thread/components/drivers/src/waitqueue.o
LOAD ./rt-thread/components/drivers/src/workqueue.o
LOAD ./rt-thread/components/drivers/spi/sfud/src/sfud.o
LOAD ./rt-thread/components/drivers/spi/sfud/src/sfud_sfdp.o
LOAD ./rt-thread/components/drivers/spi/spi_core.o
LOAD ./rt-thread/components/drivers/spi/spi_dev.o
LOAD ./rt-thread/components/drivers/spi/spi_flash_sfud.o
LOAD ./rt-thread/components/drivers/serial/serial.o
LOAD ./rt-thread/components/drivers/misc/pin.o
LOAD ./rt-thread/components/drivers/misc/rt_drv_pwm.o
LOAD ./rt-thread/components/drivers/i2c/i2c-bit-ops.o
LOAD ./rt-thread/components/drivers/i2c/i2c_core.o
LOAD ./rt-thread/components/drivers/i2c/i2c_dev.o
LOAD ./rt-thread/components/dfs/src/dfs.o
LOAD ./rt-thread/components/dfs/src/dfs_file.o
LOAD ./rt-thread/components/dfs/src/dfs_fs.o
LOAD ./rt-thread/components/dfs/src/dfs_posix.o
LOAD ./rt-thread/components/dfs/src/poll.o
LOAD ./rt-thread/components/dfs/src/select.o
LOAD ./rt-thread/components/dfs/filesystems/elmfat/option/ccsbcs.o
LOAD ./rt-thread/components/dfs/filesystems/elmfat/dfs_elm.o
LOAD ./rt-thread/components/dfs/filesystems/elmfat/ff.o
LOAD ./rt-thread/components/dfs/filesystems/devfs/devfs.o
LOAD ./driver/board.o
LOAD ./driver/bsp_G780.o
LOAD ./driver/bsp_RMD8.o
LOAD ./driver/bsp_StepMotor.o
LOAD ./driver/bsp_ds18b20.o
LOAD ./driver/bsp_rfid.o
LOAD ./driver/bsp_timer.o
LOAD ./driver/drv_ad1110.o
LOAD ./driver/drv_gpio.o
LOAD ./driver/drv_i2c.o
LOAD ./driver/drv_pwm.o
LOAD ./driver/drv_spi.o
LOAD ./driver/drv_spiflash.o
LOAD ./driver/drv_usart.o
LOAD ./driver/drv_usbd.o
LOAD ./driver/stm32f4xx_it.o
LOAD ./driver/w25qxx.o
LOAD ./components/cm_backtrace/cm_backtrace.o
LOAD ./components/at/src/at_cli.o
LOAD ./components/at/src/at_client.o
LOAD ./components/at/src/at_utils.o
LOAD ./components/TMC5130/TMC5130.o
LOAD ./components/TMC5130/bsp_tmc5130.o
LOAD ./applications/Heat_PID.o
LOAD ./applications/RunLED.o
LOAD ./applications/SaveFlash.o
LOAD ./applications/SenseData.o
LOAD ./applications/ServerData.o
LOAD ./applications/Uart_Screen.o
LOAD ./applications/WorkTask.o
LOAD ./applications/main.o
LOAD ./Libraries/STM32F4xx_HAL_Driver/Src/stm32f4xx_hal.o
LOAD ./Libraries/STM32F4xx_HAL_Driver/Src/stm32f4xx_hal_cortex.o
LOAD ./Libraries/STM32F4xx_HAL_Driver/Src/stm32f4xx_hal_dma.o
LOAD ./Libraries/STM32F4xx_HAL_Driver/Src/stm32f4xx_hal_dma2d.o
LOAD ./Libraries/STM32F4xx_HAL_Driver/Src/stm32f4xx_hal_dma_ex.o
LOAD ./Libraries/STM32F4xx_HAL_Driver/Src/stm32f4xx_hal_gpio.o
LOAD ./Libraries/STM32F4xx_HAL_Driver/Src/stm32f4xx_hal_pcd.o
LOAD ./Libraries/STM32F4xx_HAL_Driver/Src/stm32f4xx_hal_pcd_ex.o
LOAD ./Libraries/STM32F4xx_HAL_Driver/Src/stm32f4xx_hal_pwr.o
LOAD ./Libraries/STM32F4xx_HAL_Driver/Src/stm32f4xx_hal_pwr_ex.o
LOAD ./Libraries/STM32F4xx_HAL_Driver/Src/stm32f4xx_hal_rcc.o
LOAD ./Libraries/STM32F4xx_HAL_Driver/Src/stm32f4xx_hal_rcc_ex.o
LOAD ./Libraries/STM32F4xx_HAL_Driver/Src/stm32f4xx_hal_spi.o
LOAD ./Libraries/STM32F4xx_HAL_Driver/Src/stm32f4xx_hal_tim.o
LOAD ./Libraries/STM32F4xx_HAL_Driver/Src/stm32f4xx_hal_tim_ex.o
LOAD ./Libraries/STM32F4xx_HAL_Driver/Src/stm32f4xx_hal_uart.o
LOAD ./Libraries/STM32F4xx_HAL_Driver/Src/stm32f4xx_hal_usart.o
LOAD ./Libraries/STM32F4xx_HAL_Driver/Src/stm32f4xx_ll_usb.o
LOAD ./Libraries/CMSIS/Device/ST/STM32F4xx/Source/Templates/gcc/startup_stm32f407xx.o
LOAD ./Libraries/CMSIS/Device/ST/STM32F4xx/Source/Templates/system_stm32f4xx.o
START GROUP
LOAD d:/program files (x86)/gnu tools arm embedded/7 2018q2/bin/../lib/gcc/arm-none-eabi/7.3.1/thumb/v7e-m/fpv4-sp/hard\libgcc.a
LOAD d:/program files (x86)/gnu tools arm embedded/7 2018q2/bin/../lib/gcc/arm-none-eabi/7.3.1/../../../../arm-none-eabi/lib/thumb/v7e-m/fpv4-sp/hard\libg_nano.a
LOAD d:/program files (x86)/gnu tools arm embedded/7 2018q2/bin/../lib/gcc/arm-none-eabi/7.3.1/../../../../arm-none-eabi/lib/thumb/v7e-m/fpv4-sp/hard\libc_nano.a
END GROUP
START GROUP
LOAD d:/program files (x86)/gnu tools arm embedded/7 2018q2/bin/../lib/gcc/arm-none-eabi/7.3.1/thumb/v7e-m/fpv4-sp/hard\libgcc.a
LOAD d:/program files (x86)/gnu tools arm embedded/7 2018q2/bin/../lib/gcc/arm-none-eabi/7.3.1/../../../../arm-none-eabi/lib/thumb/v7e-m/fpv4-sp/hard\libc_nano.a
LOAD d:/program files (x86)/gnu tools arm embedded/7 2018q2/bin/../lib/gcc/arm-none-eabi/7.3.1/../../../../arm-none-eabi/lib/thumb/v7e-m/fpv4-sp/hard\librdimon_nano.a
END GROUP
START GROUP
LOAD d:/program files (x86)/gnu tools arm embedded/7 2018q2/bin/../lib/gcc/arm-none-eabi/7.3.1/thumb/v7e-m/fpv4-sp/hard\libgcc.a
LOAD d:/program files (x86)/gnu tools arm embedded/7 2018q2/bin/../lib/gcc/arm-none-eabi/7.3.1/../../../../arm-none-eabi/lib/thumb/v7e-m/fpv4-sp/hard\libc_nano.a
LOAD d:/program files (x86)/gnu tools arm embedded/7 2018q2/bin/../lib/gcc/arm-none-eabi/7.3.1/../../../../arm-none-eabi/lib/thumb/v7e-m/fpv4-sp/hard\librdimon_nano.a
END GROUP
LOAD d:/program files (x86)/gnu tools arm embedded/7 2018q2/bin/../lib/gcc/arm-none-eabi/7.3.1/thumb/v7e-m/fpv4-sp/hard/crtend.o
LOAD d:/program files (x86)/gnu tools arm embedded/7 2018q2/bin/../lib/gcc/arm-none-eabi/7.3.1/thumb/v7e-m/fpv4-sp/hard/crtn.o
                0x2001ffff                _estack = 0x2001ffff
                0x00000200                _Min_Heap_Size = 0x200
                0x00000400                _Min_Stack_Size = 0x400

.isr_vector     0x08000000      0x188
                0x08000000                . = ALIGN (0x4)
 *(.isr_vector)
 .isr_vector    0x08000000      0x188 ./Libraries/CMSIS/Device/ST/STM32F4xx/Source/Templates/gcc/startup_stm32f407xx.o
                0x08000000                g_pfnVectors
                0x08000188                . = ALIGN (0x4)

.text           0x08000190    0x2a058
                0x08000190                _stext = .
                0x08000190                . = ALIGN (0x4)
 *(.text)
 .text          0x08000190       0x40 d:/program files (x86)/gnu tools arm embedded/7 2018q2/bin/../lib/gcc/arm-none-eabi/7.3.1/thumb/v7e-m/fpv4-sp/hard/crtbegin.o
 .text          0x080001d0      0x114 ./rt-thread/libcpu/arm/cortex-m4/context_gcc.o
                0x080001d0                rt_hw_interrupt_disable
                0x080001d8                rt_hw_interrupt_enable
                0x080001de                rt_hw_context_switch_interrupt
                0x080001de                rt_hw_context_switch
                0x080001fe                PendSV_Handler
                0x0800026a                rt_hw_context_switch_to
                0x080002b2                rt_hw_interrupt_thread_switch
                0x080002b6                HardFault_Handler
 .text          0x080002e4      0x378 d:/program files (x86)/gnu tools arm embedded/7 2018q2/bin/../lib/gcc/arm-none-eabi/7.3.1/thumb/v7e-m/fpv4-sp/hard\libgcc.a(_arm_addsubdf3.o)
                0x080002e4                __aeabi_drsub
                0x080002ec                __aeabi_dsub
                0x080002ec                __subdf3
                0x080002f0                __aeabi_dadd
                0x080002f0                __adddf3
                0x08000568                __floatunsidf
                0x08000568                __aeabi_ui2d
                0x08000588                __floatsidf
                0x08000588                __aeabi_i2d
                0x080005ac                __aeabi_f2d
                0x080005ac                __extendsfdf2
                0x080005f0                __floatundidf
                0x080005f0                __aeabi_ul2d
                0x08000600                __floatdidf
                0x08000600                __aeabi_l2d
 .text          0x0800065c      0x424 d:/program files (x86)/gnu tools arm embedded/7 2018q2/bin/../lib/gcc/arm-none-eabi/7.3.1/thumb/v7e-m/fpv4-sp/hard\libgcc.a(_arm_muldivdf3.o)
                0x0800065c                __aeabi_dmul
                0x0800065c                __muldf3
                0x080008b0                __divdf3
                0x080008b0                __aeabi_ddiv
 .text          0x08000a80      0x110 d:/program files (x86)/gnu tools arm embedded/7 2018q2/bin/../lib/gcc/arm-none-eabi/7.3.1/thumb/v7e-m/fpv4-sp/hard\libgcc.a(_arm_cmpdf2.o)
                0x08000a80                __gtdf2
                0x08000a80                __gedf2
                0x08000a88                __ltdf2
                0x08000a88                __ledf2
                0x08000a90                __nedf2
                0x08000a90                __eqdf2
                0x08000a90                __cmpdf2
                0x08000b0c                __aeabi_cdrcmple
                0x08000b1c                __aeabi_cdcmpeq
                0x08000b1c                __aeabi_cdcmple
                0x08000b2c                __aeabi_dcmpeq
                0x08000b40                __aeabi_dcmplt
                0x08000b54                __aeabi_dcmple
                0x08000b68                __aeabi_dcmpge
                0x08000b7c                __aeabi_dcmpgt
 .text          0x08000b90       0x50 d:/program files (x86)/gnu tools arm embedded/7 2018q2/bin/../lib/gcc/arm-none-eabi/7.3.1/thumb/v7e-m/fpv4-sp/hard\libgcc.a(_arm_fixdfsi.o)
                0x08000b90                __aeabi_d2iz
                0x08000b90                __fixdfsi
 .text          0x08000be0       0x30 d:/program files (x86)/gnu tools arm embedded/7 2018q2/bin/../lib/gcc/arm-none-eabi/7.3.1/thumb/v7e-m/fpv4-sp/hard\libgcc.a(_aeabi_uldivmod.o)
                0x08000be0                __aeabi_uldivmod
 .text          0x08000c10      0x2cc d:/program files (x86)/gnu tools arm embedded/7 2018q2/bin/../lib/gcc/arm-none-eabi/7.3.1/thumb/v7e-m/fpv4-sp/hard\libgcc.a(_udivmoddi4.o)
                0x08000c10                __udivmoddi4
 .text          0x08000edc        0x4 d:/program files (x86)/gnu tools arm embedded/7 2018q2/bin/../lib/gcc/arm-none-eabi/7.3.1/thumb/v7e-m/fpv4-sp/hard\libgcc.a(_dvmd_tls.o)
                0x08000edc                __aeabi_idiv0
                0x08000edc                __aeabi_ldiv0
 .text          0x08000ee0       0x14 d:/program files (x86)/gnu tools arm embedded/7 2018q2/bin/../lib/gcc/arm-none-eabi/7.3.1/../../../../arm-none-eabi/lib/thumb/v7e-m/fpv4-sp/hard\libg_nano.a(lib_a-strcmp.o)
                0x08000ee0                strcmp
 .text          0x08000ef4       0x10 d:/program files (x86)/gnu tools arm embedded/7 2018q2/bin/../lib/gcc/arm-none-eabi/7.3.1/../../../../arm-none-eabi/lib/thumb/v7e-m/fpv4-sp/hard\libg_nano.a(lib_a-strlen.o)
                0x08000ef4                strlen
 *fill*         0x08000f04        0xc 
 .text          0x08000f10       0xa0 d:/program files (x86)/gnu tools arm embedded/7 2018q2/bin/../lib/gcc/arm-none-eabi/7.3.1/../../../../arm-none-eabi/lib/thumb/v7e-m/fpv4-sp/hard\libg_nano.a(lib_a-memchr.o)
                0x08000f10                memchr
 .text          0x08000fb0       0xa0 d:/program files (x86)/gnu tools arm embedded/7 2018q2/bin/../lib/gcc/arm-none-eabi/7.3.1/thumb/v7e-m/fpv4-sp/hard\libgcc.a(_aeabi_ldivmod.o)
                0x08000fb0                __aeabi_ldivmod
 .text          0x08001050       0x2c d:/program files (x86)/gnu tools arm embedded/7 2018q2/bin/../lib/gcc/arm-none-eabi/7.3.1/thumb/v7e-m/fpv4-sp/hard\libgcc.a(_arm_unorddf2.o)
                0x08001050                __unorddf2
                0x08001050                __aeabi_dcmpun
 *(.text*)
 .text.rt_tick_get
                0x0800107c       0x18 ./rt-thread/src/clock.o
                0x0800107c                rt_tick_get
 .text.rt_tick_increase
                0x08001094       0x44 ./rt-thread/src/clock.o
                0x08001094                rt_tick_increase
 .text.rt_tick_from_millisecond
                0x080010d8       0x44 ./rt-thread/src/clock.o
                0x080010d8                rt_tick_from_millisecond
 .text.rti_start
                0x0800111c       0x10 ./rt-thread/src/components.o
 .text.rti_board_start
                0x0800112c       0x10 ./rt-thread/src/components.o
 .text.rti_board_end
                0x0800113c       0x10 ./rt-thread/src/components.o
 .text.rti_end  0x0800114c       0x10 ./rt-thread/src/components.o
 .text.rt_components_board_init
                0x0800115c       0x30 ./rt-thread/src/components.o
                0x0800115c                rt_components_board_init
 .text.rt_components_init
                0x0800118c       0x30 ./rt-thread/src/components.o
                0x0800118c                rt_components_init
 .text.entry    0x080011bc       0x12 ./rt-thread/src/components.o
                0x080011bc                entry
 .text.main_thread_entry
                0x080011ce       0x18 ./rt-thread/src/components.o
                0x080011ce                main_thread_entry
 *fill*         0x080011e6        0x2 
 .text.rt_application_init
                0x080011e8       0x4c ./rt-thread/src/components.o
                0x080011e8                rt_application_init
 .text.rtthread_startup
                0x08001234       0x2e ./rt-thread/src/components.o
                0x08001234                rtthread_startup
 .text.rt_list_init
                0x08001262       0x22 ./rt-thread/src/device.o
 .text.rt_device_register
                0x08001284       0x64 ./rt-thread/src/device.o
                0x08001284                rt_device_register
 .text.rt_device_unregister
                0x080012e8       0x34 ./rt-thread/src/device.o
                0x080012e8                rt_device_unregister
 .text.rt_device_find
                0x0800131c       0x90 ./rt-thread/src/device.o
                0x0800131c                rt_device_find
 .text.rt_device_open
                0x080013ac      0x100 ./rt-thread/src/device.o
                0x080013ac                rt_device_open
 .text.rt_device_close
                0x080014ac       0x7c ./rt-thread/src/device.o
                0x080014ac                rt_device_close
 .text.rt_device_read
                0x08001528       0x68 ./rt-thread/src/device.o
                0x08001528                rt_device_read
 .text.rt_device_write
                0x08001590       0x68 ./rt-thread/src/device.o
                0x08001590                rt_device_write
 .text.rt_device_control
                0x080015f8       0x4c ./rt-thread/src/device.o
                0x080015f8                rt_device_control
 .text.rt_device_set_rx_indicate
                0x08001644       0x34 ./rt-thread/src/device.o
                0x08001644                rt_device_set_rx_indicate
 .text.rt_list_remove
                0x08001678       0x36 ./rt-thread/src/idle.o
 *fill*         0x080016ae        0x2 
 .text._has_defunct_thread
                0x080016b0       0x2c ./rt-thread/src/idle.o
 .text.rt_thread_idle_excute
                0x080016dc       0xc4 ./rt-thread/src/idle.o
                0x080016dc                rt_thread_idle_excute
 .text.rt_thread_idle_entry
                0x080017a0       0x20 ./rt-thread/src/idle.o
 .text.rt_thread_idle_init
                0x080017c0       0x40 ./rt-thread/src/idle.o
                0x080017c0                rt_thread_idle_init
 .text.rt_list_init
                0x08001800       0x22 ./rt-thread/src/ipc.o
 .text.rt_list_insert_before
                0x08001822       0x32 ./rt-thread/src/ipc.o
 .text.rt_list_isempty
                0x08001854       0x24 ./rt-thread/src/ipc.o
 .text.rt_ipc_object_init
                0x08001878       0x1c ./rt-thread/src/ipc.o
 .text.rt_ipc_list_suspend
                0x08001894       0x8e ./rt-thread/src/ipc.o
 .text.rt_ipc_list_resume
                0x08001922       0x20 ./rt-thread/src/ipc.o
 .text.rt_ipc_list_resume_all
                0x08001942       0x46 ./rt-thread/src/ipc.o
 .text.rt_sem_init
                0x08001988       0x54 ./rt-thread/src/ipc.o
                0x08001988                rt_sem_init
 .text.rt_sem_detach
                0x080019dc       0x3c ./rt-thread/src/ipc.o
                0x080019dc                rt_sem_detach
 .text.rt_sem_create
                0x08001a18       0x78 ./rt-thread/src/ipc.o
                0x08001a18                rt_sem_create
 .text.rt_sem_take
                0x08001a90      0x144 ./rt-thread/src/ipc.o
                0x08001a90                rt_sem_take
 .text.rt_sem_release
                0x08001bd4       0x68 ./rt-thread/src/ipc.o
                0x08001bd4                rt_sem_release
 .text.rt_sem_control
                0x08001c3c       0x68 ./rt-thread/src/ipc.o
                0x08001c3c                rt_sem_control
 .text.rt_mutex_init
                0x08001ca4       0x64 ./rt-thread/src/ipc.o
                0x08001ca4                rt_mutex_init
 .text.rt_mutex_detach
                0x08001d08       0x40 ./rt-thread/src/ipc.o
                0x08001d08                rt_mutex_detach
 .text.rt_mutex_create
                0x08001d48       0x88 ./rt-thread/src/ipc.o
                0x08001d48                rt_mutex_create
 .text.rt_mutex_delete
                0x08001dd0       0x70 ./rt-thread/src/ipc.o
                0x08001dd0                rt_mutex_delete
 .text.rt_mutex_take
                0x08001e40      0x1b4 ./rt-thread/src/ipc.o
                0x08001e40                rt_mutex_take
 .text.rt_mutex_release
                0x08001ff4      0x15c ./rt-thread/src/ipc.o
                0x08001ff4                rt_mutex_release
 .text.rt_event_init
                0x08002150       0x54 ./rt-thread/src/ipc.o
                0x08002150                rt_event_init
 .text.rt_event_create
                0x080021a4       0x74 ./rt-thread/src/ipc.o
                0x080021a4                rt_event_create
 .text.rt_event_delete
                0x08002218       0x70 ./rt-thread/src/ipc.o
                0x08002218                rt_event_delete
 .text.rt_event_send
                0x08002288      0x128 ./rt-thread/src/ipc.o
                0x08002288                rt_event_send
 .text.rt_event_recv
                0x080023b0      0x1e0 ./rt-thread/src/ipc.o
                0x080023b0                rt_event_recv
 .text.rt_mq_init
                0x08002590       0xc0 ./rt-thread/src/ipc.o
                0x08002590                rt_mq_init
 .text.rt_mq_send
                0x08002650      0x134 ./rt-thread/src/ipc.o
                0x08002650                rt_mq_send
 .text.rt_mq_recv
                0x08002784      0x230 ./rt-thread/src/ipc.o
                0x08002784                rt_mq_recv
 .text.rt_interrupt_enter
                0x080029b4       0x40 ./rt-thread/src/irq.o
                0x080029b4                rt_interrupt_enter
 .text.rt_interrupt_leave
                0x080029f4       0x40 ./rt-thread/src/irq.o
                0x080029f4                rt_interrupt_leave
 .text.rt_interrupt_get_nest
                0x08002a34       0x18 ./rt-thread/src/irq.o
                0x08002a34                rt_interrupt_get_nest
 .text.rt_set_errno
                0x08002a4c       0x40 ./rt-thread/src/kservice.o
                0x08002a4c                rt_set_errno
 .text.rt_memset
                0x08002a8c       0xb6 ./rt-thread/src/kservice.o
                0x08002a8c                rt_memset
 .text.rt_memcpy
                0x08002b42       0xd4 ./rt-thread/src/kservice.o
                0x08002b42                rt_memcpy
 .text.rt_memmove
                0x08002c16       0x86 ./rt-thread/src/kservice.o
                0x08002c16                rt_memmove
 .text.rt_strncpy
                0x08002c9c       0x68 ./rt-thread/src/kservice.o
                0x08002c9c                rt_strncpy
 .text.rt_strncmp
                0x08002d04       0x54 ./rt-thread/src/kservice.o
                0x08002d04                rt_strncmp
 .text.rt_strcmp
                0x08002d58       0x4e ./rt-thread/src/kservice.o
                0x08002d58                rt_strcmp
 .text.rt_strlen
                0x08002da6       0x30 ./rt-thread/src/kservice.o
                0x08002da6                rt_strlen
 .text.rt_strdup
                0x08002dd6       0x3a ./rt-thread/src/kservice.o
                0x08002dd6                rt_strdup
 .text.rt_show_version
                0x08002e10       0x44 ./rt-thread/src/kservice.o
                0x08002e10                rt_show_version
 .text.divide   0x08002e54       0x68 ./rt-thread/src/kservice.o
 .text.skip_atoi
                0x08002ebc       0x44 ./rt-thread/src/kservice.o
 .text.print_number
                0x08002f00      0x1d4 ./rt-thread/src/kservice.o
 .text.rt_vsnprintf
                0x080030d4      0x56c ./rt-thread/src/kservice.o
                0x080030d4                rt_vsnprintf
 .text.rt_snprintf
                0x08003640       0x30 ./rt-thread/src/kservice.o
                0x08003640                rt_snprintf
 .text.rt_vsprintf
                0x08003670       0x24 ./rt-thread/src/kservice.o
                0x08003670                rt_vsprintf
 .text.rt_sprintf
                0x08003694       0x2c ./rt-thread/src/kservice.o
                0x08003694                rt_sprintf
 .text.rt_console_get_device
                0x080036c0       0x18 ./rt-thread/src/kservice.o
                0x080036c0                rt_console_get_device
 .text.rt_console_set_device
                0x080036d8       0x4c ./rt-thread/src/kservice.o
                0x080036d8                rt_console_set_device
 .text.rt_hw_console_output
                0x08003724       0x14 ./rt-thread/src/kservice.o
                0x08003724                rt_hw_console_output
 .text.rt_kprintf
                0x08003738       0x84 ./rt-thread/src/kservice.o
                0x08003738                rt_kprintf
 .text.__rt_ffs
                0x080037bc       0x70 ./rt-thread/src/kservice.o
                0x080037bc                __rt_ffs
 .text.rt_assert_set_hook
                0x0800382c       0x20 ./rt-thread/src/kservice.o
                0x0800382c                rt_assert_set_hook
 .text.rt_assert_handler
                0x0800384c       0x4c ./rt-thread/src/kservice.o
                0x0800384c                rt_assert_handler
 .text.plug_holes
                0x08003898      0x104 ./rt-thread/src/mem.o
 .text.rt_system_heap_init
                0x0800399c      0x118 ./rt-thread/src/mem.o
                0x0800399c                rt_system_heap_init
 .text.rt_malloc
                0x08003ab4      0x290 ./rt-thread/src/mem.o
                0x08003ab4                rt_malloc
 .text.rt_realloc
                0x08003d44      0x198 ./rt-thread/src/mem.o
                0x08003d44                rt_realloc
 .text.rt_calloc
                0x08003edc       0x74 ./rt-thread/src/mem.o
                0x08003edc                rt_calloc
 .text.rt_free  0x08003f50      0x188 ./rt-thread/src/mem.o
                0x08003f50                rt_free
 .text.list_mem
                0x080040d8       0x44 ./rt-thread/src/mem.o
                0x080040d8                list_mem
 .text.rt_list_insert_after
                0x0800411c       0x32 ./rt-thread/src/object.o
 .text.rt_list_remove
                0x0800414e       0x36 ./rt-thread/src/object.o
 .text.rt_object_get_information
                0x08004184       0x48 ./rt-thread/src/object.o
                0x08004184                rt_object_get_information
 .text.rt_object_init
                0x080041cc       0x84 ./rt-thread/src/object.o
                0x080041cc                rt_object_init
 .text.rt_object_detach
                0x08004250       0x54 ./rt-thread/src/object.o
                0x08004250                rt_object_detach
 .text.rt_object_allocate
                0x080042a4       0xcc ./rt-thread/src/object.o
                0x080042a4                rt_object_allocate
 .text.rt_object_delete
                0x08004370       0x74 ./rt-thread/src/object.o
                0x08004370                rt_object_delete
 .text.rt_object_is_systemobject
                0x080043e4       0x3c ./rt-thread/src/object.o
                0x080043e4                rt_object_is_systemobject
 .text.rt_list_init
                0x08004420       0x22 ./rt-thread/src/scheduler.o
 .text.rt_list_insert_before
                0x08004442       0x32 ./rt-thread/src/scheduler.o
 .text.rt_list_remove
                0x08004474       0x36 ./rt-thread/src/scheduler.o
 .text.rt_list_isempty
                0x080044aa       0x24 ./rt-thread/src/scheduler.o
 *fill*         0x080044ce        0x2 
 .text._rt_scheduler_stack_check
                0x080044d0       0x98 ./rt-thread/src/scheduler.o
 .text.rt_system_scheduler_init
                0x08004568       0x54 ./rt-thread/src/scheduler.o
                0x08004568                rt_system_scheduler_init
 .text.rt_system_scheduler_start
                0x080045bc       0x3c ./rt-thread/src/scheduler.o
                0x080045bc                rt_system_scheduler_start
 .text.rt_schedule
                0x080045f8       0xd4 ./rt-thread/src/scheduler.o
                0x080045f8                rt_schedule
 .text.rt_schedule_insert_thread
                0x080046cc       0x80 ./rt-thread/src/scheduler.o
                0x080046cc                rt_schedule_insert_thread
 .text.rt_schedule_remove_thread
                0x0800474c       0x70 ./rt-thread/src/scheduler.o
                0x0800474c                rt_schedule_remove_thread
 .text.rt_enter_critical
                0x080047bc       0x2c ./rt-thread/src/scheduler.o
                0x080047bc                rt_enter_critical
 .text.rt_exit_critical
                0x080047e8       0x48 ./rt-thread/src/scheduler.o
                0x080047e8                rt_exit_critical
 .text.rt_list_init
                0x08004830       0x22 ./rt-thread/src/thread.o
 .text.rt_list_insert_after
                0x08004852       0x32 ./rt-thread/src/thread.o
 .text.rt_list_insert_before
                0x08004884       0x32 ./rt-thread/src/thread.o
 .text.rt_list_remove
                0x080048b6       0x36 ./rt-thread/src/thread.o
 .text.rt_thread_exit
                0x080048ec       0x6c ./rt-thread/src/thread.o
                0x080048ec                rt_thread_exit
 .text._rt_thread_init
                0x08004958       0xf8 ./rt-thread/src/thread.o
 .text.rt_thread_init
                0x08004a50       0x6c ./rt-thread/src/thread.o
                0x08004a50                rt_thread_init
 .text.rt_thread_self
                0x08004abc       0x18 ./rt-thread/src/thread.o
                0x08004abc                rt_thread_self
 .text.rt_thread_startup
                0x08004ad4       0x84 ./rt-thread/src/thread.o
                0x08004ad4                rt_thread_startup
 .text.rt_thread_create
                0x08004b58       0x62 ./rt-thread/src/thread.o
                0x08004b58                rt_thread_create
 *fill*         0x08004bba        0x2 
 .text.rt_thread_delete
                0x08004bbc       0x70 ./rt-thread/src/thread.o
                0x08004bbc                rt_thread_delete
 .text.rt_thread_yield
                0x08004c2c       0x74 ./rt-thread/src/thread.o
                0x08004c2c                rt_thread_yield
 .text.rt_thread_sleep
                0x08004ca0       0x74 ./rt-thread/src/thread.o
                0x08004ca0                rt_thread_sleep
 .text.rt_thread_delay
                0x08004d14       0x18 ./rt-thread/src/thread.o
                0x08004d14                rt_thread_delay
 .text.rt_thread_control
                0x08004d2c       0xb8 ./rt-thread/src/thread.o
                0x08004d2c                rt_thread_control
 .text.rt_thread_suspend
                0x08004de4       0x8c ./rt-thread/src/thread.o
                0x08004de4                rt_thread_suspend
 .text.rt_thread_resume
                0x08004e70       0x7c ./rt-thread/src/thread.o
                0x08004e70                rt_thread_resume
 .text.rt_thread_timeout
                0x08004eec       0x68 ./rt-thread/src/thread.o
                0x08004eec                rt_thread_timeout
 .text.rt_list_init
                0x08004f54       0x22 ./rt-thread/src/timer.o
 .text.rt_list_insert_after
                0x08004f76       0x32 ./rt-thread/src/timer.o
 .text.rt_list_remove
                0x08004fa8       0x36 ./rt-thread/src/timer.o
 .text.rt_list_isempty
                0x08004fde       0x24 ./rt-thread/src/timer.o
 .text._rt_timer_init
                0x08005002       0x68 ./rt-thread/src/timer.o
 .text.rt_timer_list_next_timeout
                0x0800506a       0x2e ./rt-thread/src/timer.o
 .text._rt_timer_remove
                0x08005098       0x34 ./rt-thread/src/timer.o
 .text.rt_timer_init
                0x080050cc       0x48 ./rt-thread/src/timer.o
                0x080050cc                rt_timer_init
 .text.rt_timer_detach
                0x08005114       0x44 ./rt-thread/src/timer.o
                0x08005114                rt_timer_detach
 .text.rt_timer_create
                0x08005158       0x3e ./rt-thread/src/timer.o
                0x08005158                rt_timer_create
 *fill*         0x08005196        0x2 
 .text.rt_timer_delete
                0x08005198       0x44 ./rt-thread/src/timer.o
                0x08005198                rt_timer_delete
 .text.rt_timer_start
                0x080051dc      0x21c ./rt-thread/src/timer.o
                0x080051dc                rt_timer_start
 .text.rt_timer_stop
                0x080053f8       0x74 ./rt-thread/src/timer.o
                0x080053f8                rt_timer_stop
 .text.rt_timer_control
                0x0800546c       0x84 ./rt-thread/src/timer.o
                0x0800546c                rt_timer_control
 .text.rt_timer_check
                0x080054f0       0xb8 ./rt-thread/src/timer.o
                0x080054f0                rt_timer_check
 .text.rt_soft_timer_check
                0x080055a8       0xc4 ./rt-thread/src/timer.o
                0x080055a8                rt_soft_timer_check
 .text.rt_thread_timer_entry
                0x0800566c       0x58 ./rt-thread/src/timer.o
 .text.rt_system_timer_init
                0x080056c4       0x34 ./rt-thread/src/timer.o
                0x080056c4                rt_system_timer_init
 .text.rt_system_timer_thread_init
                0x080056f8       0x68 ./rt-thread/src/timer.o
                0x080056f8                rt_system_timer_thread_init
 .text.cJSON_GetErrorPtr
                0x08005760       0x18 ./rt-thread/packages/cJSON-v1.0.2/cJSON.o
                0x08005760                cJSON_GetErrorPtr
 .text.cJSON_strcasecmp
                0x08005778      0x102 ./rt-thread/packages/cJSON-v1.0.2/cJSON.o
 *fill*         0x0800587a        0x2 
 .text.cJSON_strdup
                0x0800587c       0x40 ./rt-thread/packages/cJSON-v1.0.2/cJSON.o
 .text.cJSON_InitHooks
                0x080058bc       0x60 ./rt-thread/packages/cJSON-v1.0.2/cJSON.o
                0x080058bc                cJSON_InitHooks
 .text.cJSON_New_Item
                0x0800591c       0x30 ./rt-thread/packages/cJSON-v1.0.2/cJSON.o
 .text.cJSON_Delete
                0x0800594c       0x8c ./rt-thread/packages/cJSON-v1.0.2/cJSON.o
                0x0800594c                cJSON_Delete
 .text.parse_number
                0x080059d8      0x25c ./rt-thread/packages/cJSON-v1.0.2/cJSON.o
 .text.pow2gt   0x08005c34       0x50 ./rt-thread/packages/cJSON-v1.0.2/cJSON.o
 .text.ensure   0x08005c84       0xbc ./rt-thread/packages/cJSON-v1.0.2/cJSON.o
 .text.update   0x08005d40       0x3e ./rt-thread/packages/cJSON-v1.0.2/cJSON.o
 *fill*         0x08005d7e        0x2 
 .text.print_number
                0x08005d80      0x210 ./rt-thread/packages/cJSON-v1.0.2/cJSON.o
 .text.parse_hex4
                0x08005f90      0x216 ./rt-thread/packages/cJSON-v1.0.2/cJSON.o
 *fill*         0x080061a6        0x2 
 .text.parse_string
                0x080061a8      0x320 ./rt-thread/packages/cJSON-v1.0.2/cJSON.o
 .text.print_string_ptr
                0x080064c8      0x2a0 ./rt-thread/packages/cJSON-v1.0.2/cJSON.o
 .text.print_string
                0x08006768       0x20 ./rt-thread/packages/cJSON-v1.0.2/cJSON.o
 .text.skip     0x08006788       0x3a ./rt-thread/packages/cJSON-v1.0.2/cJSON.o
 *fill*         0x080067c2        0x2 
 .text.cJSON_ParseWithOpts
                0x080067c4       0x8c ./rt-thread/packages/cJSON-v1.0.2/cJSON.o
                0x080067c4                cJSON_ParseWithOpts
 .text.cJSON_Parse
                0x08006850       0x1c ./rt-thread/packages/cJSON-v1.0.2/cJSON.o
                0x08006850                cJSON_Parse
 .text.cJSON_PrintUnformatted
                0x0800686c       0x1e ./rt-thread/packages/cJSON-v1.0.2/cJSON.o
                0x0800686c                cJSON_PrintUnformatted
 *fill*         0x0800688a        0x2 
 .text.parse_value
                0x0800688c       0xfc ./rt-thread/packages/cJSON-v1.0.2/cJSON.o
 .text.print_value
                0x08006988      0x18c ./rt-thread/packages/cJSON-v1.0.2/cJSON.o
 .text.parse_array
                0x08006b14       0xf4 ./rt-thread/packages/cJSON-v1.0.2/cJSON.o
 .text.print_array
                0x08006c08      0x31c ./rt-thread/packages/cJSON-v1.0.2/cJSON.o
 .text.parse_object
                0x08006f24      0x188 ./rt-thread/packages/cJSON-v1.0.2/cJSON.o
 .text.print_object
                0x080070ac      0x5ec ./rt-thread/packages/cJSON-v1.0.2/cJSON.o
 .text.cJSON_GetObjectItem
                0x08007698       0x3a ./rt-thread/packages/cJSON-v1.0.2/cJSON.o
                0x08007698                cJSON_GetObjectItem
 .text.suffix_object
                0x080076d2       0x22 ./rt-thread/packages/cJSON-v1.0.2/cJSON.o
 .text.cJSON_AddItemToArray
                0x080076f4       0x4a ./rt-thread/packages/cJSON-v1.0.2/cJSON.o
                0x080076f4                cJSON_AddItemToArray
 *fill*         0x0800773e        0x2 
 .text.cJSON_AddItemToObject
                0x08007740       0x48 ./rt-thread/packages/cJSON-v1.0.2/cJSON.o
                0x08007740                cJSON_AddItemToObject
 .text.cJSON_CreateString
                0x08007788       0x30 ./rt-thread/packages/cJSON-v1.0.2/cJSON.o
                0x08007788                cJSON_CreateString
 .text.cJSON_CreateObject
                0x080077b8       0x22 ./rt-thread/packages/cJSON-v1.0.2/cJSON.o
                0x080077b8                cJSON_CreateObject
 *fill*         0x080077da        0x2 
 .text.cJSON_hook_init
                0x080077dc       0x28 ./rt-thread/packages/cJSON-v1.0.2/cJSON_port.o
                0x080077dc                cJSON_hook_init
 .text.cJSON_item_get_string
                0x08007804       0x4e ./rt-thread/packages/cJSON-v1.0.2/cJSON_util.o
                0x08007804                cJSON_item_get_string
 *fill*         0x08007852        0x2 
 .text.rt_hw_stack_init
                0x08007854       0x90 ./rt-thread/libcpu/arm/cortex-m4/cpuport.o
                0x08007854                rt_hw_stack_init
 .text.rt_hw_exception_install
                0x080078e4       0x20 ./rt-thread/libcpu/arm/cortex-m4/cpuport.o
                0x080078e4                rt_hw_exception_install
 .text.rt_hw_hard_fault_exception
                0x08007904       0xc4 ./rt-thread/libcpu/arm/cortex-m4/cpuport.o
                0x08007904                rt_hw_hard_fault_exception
 .text.rt_list_isempty
                0x080079c8       0x24 ./rt-thread/components/finsh/cmd.o
 .text.rt_list_len
                0x080079ec       0x36 ./rt-thread/components/finsh/cmd.o
 *fill*         0x08007a22        0x2 
 .text.hello    0x08007a24       0x14 ./rt-thread/components/finsh/cmd.o
                0x08007a24                hello
 .text.version  0x08007a38        0xe ./rt-thread/components/finsh/cmd.o
                0x08007a38                version
 .text.object_name_maxlen
                0x08007a46       0x6e ./rt-thread/components/finsh/cmd.o
 .text.object_split
                0x08007ab4       0x28 ./rt-thread/components/finsh/cmd.o
 .text._list_thread
                0x08007adc      0x130 ./rt-thread/components/finsh/cmd.o
 .text.list_thread
                0x08007c0c       0x22 ./rt-thread/components/finsh/cmd.o
                0x08007c0c                list_thread
 *fill*         0x08007c2e        0x2 
 .text.show_wait_queue
                0x08007c30       0x50 ./rt-thread/components/finsh/cmd.o
 .text._list_sem
                0x08007c80       0xd4 ./rt-thread/components/finsh/cmd.o
 .text.list_sem
                0x08007d54       0x22 ./rt-thread/components/finsh/cmd.o
                0x08007d54                list_sem
 *fill*         0x08007d76        0x2 
 .text._list_event
                0x08007d78       0xc4 ./rt-thread/components/finsh/cmd.o
 .text.list_event
                0x08007e3c       0x22 ./rt-thread/components/finsh/cmd.o
                0x08007e3c                list_event
 *fill*         0x08007e5e        0x2 
 .text._list_mutex
                0x08007e60       0x94 ./rt-thread/components/finsh/cmd.o
 .text.list_mutex
                0x08007ef4       0x22 ./rt-thread/components/finsh/cmd.o
                0x08007ef4                list_mutex
 *fill*         0x08007f16        0x2 
 .text._list_mailbox
                0x08007f18       0xe4 ./rt-thread/components/finsh/cmd.o
 .text.list_mailbox
                0x08007ffc       0x22 ./rt-thread/components/finsh/cmd.o
                0x08007ffc                list_mailbox
 *fill*         0x0800801e        0x2 
 .text._list_msgqueue
                0x08008020       0xd4 ./rt-thread/components/finsh/cmd.o
 .text.list_msgqueue
                0x080080f4       0x22 ./rt-thread/components/finsh/cmd.o
                0x080080f4                list_msgqueue
 *fill*         0x08008116        0x2 
 .text._list_memheap
                0x08008118       0x84 ./rt-thread/components/finsh/cmd.o
 .text.list_memheap
                0x0800819c       0x22 ./rt-thread/components/finsh/cmd.o
                0x0800819c                list_memheap
 *fill*         0x080081be        0x2 
 .text._list_mempool
                0x080081c0       0xd0 ./rt-thread/components/finsh/cmd.o
 .text.list_mempool
                0x08008290       0x22 ./rt-thread/components/finsh/cmd.o
                0x08008290                list_mempool
 *fill*         0x080082b2        0x2 
 .text._list_timer
                0x080082b4       0xb0 ./rt-thread/components/finsh/cmd.o
 .text.list_timer
                0x08008364       0x22 ./rt-thread/components/finsh/cmd.o
                0x08008364                list_timer
 *fill*         0x08008386        0x2 
 .text._list_device
                0x08008388       0xa8 ./rt-thread/components/finsh/cmd.o
 .text.list_device
                0x08008430       0x22 ./rt-thread/components/finsh/cmd.o
                0x08008430                list_device
 *fill*         0x08008452        0x2 
 .text.list     0x08008454       0x6c ./rt-thread/components/finsh/cmd.o
                0x08008454                list
 .text.msh_is_used
                0x080084c0       0x10 ./rt-thread/components/finsh/msh.o
                0x080084c0                msh_is_used
 .text.msh_help
                0x080084d0       0x7c ./rt-thread/components/finsh/msh.o
                0x080084d0                msh_help
 .text.msh_split
                0x0800854c      0x180 ./rt-thread/components/finsh/msh.o
 .text.msh_get_cmd
                0x080086cc       0x84 ./rt-thread/components/finsh/msh.o
 .text._msh_exec_cmd
                0x08008750       0xd8 ./rt-thread/components/finsh/msh.o
 .text.msh_exec
                0x08008828       0xb0 ./rt-thread/components/finsh/msh.o
                0x08008828                msh_exec
 .text.str_common
                0x080088d8       0x52 ./rt-thread/components/finsh/msh.o
 *fill*         0x0800892a        0x2 
 .text.msh_auto_complete_path
                0x0800892c      0x238 ./rt-thread/components/finsh/msh.o
                0x0800892c                msh_auto_complete_path
 .text.msh_auto_complete
                0x08008b64      0x108 ./rt-thread/components/finsh/msh.o
                0x08008b64                msh_auto_complete
 .text.cmd_ls   0x08008c6c       0x34 ./rt-thread/components/finsh/msh_cmd.o
                0x08008c6c                cmd_ls
 .text.cmd_cp   0x08008ca0       0x44 ./rt-thread/components/finsh/msh_cmd.o
                0x08008ca0                cmd_cp
 .text.cmd_mv   0x08008ce4      0x138 ./rt-thread/components/finsh/msh_cmd.o
                0x08008ce4                cmd_mv
 .text.cmd_cat  0x08008e1c       0x58 ./rt-thread/components/finsh/msh_cmd.o
                0x08008e1c                cmd_cat
 .text.cmd_rm   0x08008e74       0x58 ./rt-thread/components/finsh/msh_cmd.o
                0x08008e74                cmd_rm
 .text.cmd_cd   0x08008ecc       0x58 ./rt-thread/components/finsh/msh_cmd.o
                0x08008ecc                cmd_cd
 .text.cmd_pwd  0x08008f24       0x24 ./rt-thread/components/finsh/msh_cmd.o
                0x08008f24                cmd_pwd
 .text.cmd_mkdir
                0x08008f48       0x40 ./rt-thread/components/finsh/msh_cmd.o
                0x08008f48                cmd_mkdir
 .text.cmd_mkfs
                0x08008f88       0x90 ./rt-thread/components/finsh/msh_cmd.o
                0x08008f88                cmd_mkfs
 .text.cmd_df   0x08009018       0x70 ./rt-thread/components/finsh/msh_cmd.o
                0x08009018                cmd_df
 .text.cmd_echo
                0x08009088       0x94 ./rt-thread/components/finsh/msh_cmd.o
                0x08009088                cmd_echo
 .text.cmd_ps   0x0800911c       0x18 ./rt-thread/components/finsh/msh_cmd.o
                0x0800911c                cmd_ps
 .text.cmd_time
                0x08009134       0x18 ./rt-thread/components/finsh/msh_cmd.o
                0x08009134                cmd_time
 .text.cmd_free
                0x0800914c       0x18 ./rt-thread/components/finsh/msh_cmd.o
                0x0800914c                cmd_free
 .text.msh_readline
                0x08009164       0xae ./rt-thread/components/finsh/msh_file.o
 *fill*         0x08009212        0x2 
 .text.msh_exec_script
                0x08009214      0x170 ./rt-thread/components/finsh/msh_file.o
                0x08009214                msh_exec_script
 .text.finsh_get_prompt
                0x08009384       0x80 ./rt-thread/components/finsh/shell.o
                0x08009384                finsh_get_prompt
 .text.finsh_getchar
                0x08009404       0x10 ./rt-thread/components/finsh/shell.o
 .text.shell_auto_complete
                0x08009414       0x40 ./rt-thread/components/finsh/shell.o
 .text.shell_handle_history
                0x08009454       0x34 ./rt-thread/components/finsh/shell.o
 .text.shell_push_history
                0x08009488      0x15e ./rt-thread/components/finsh/shell.o
 *fill*         0x080095e6        0x2 
 .text.finsh_thread_entry
                0x080095e8      0x5b4 ./rt-thread/components/finsh/shell.o
                0x080095e8                finsh_thread_entry
 .text.finsh_system_function_init
                0x08009b9c       0x2c ./rt-thread/components/finsh/shell.o
                0x08009b9c                finsh_system_function_init
 .text.finsh_system_var_init
                0x08009bc8       0x2c ./rt-thread/components/finsh/shell.o
                0x08009bc8                finsh_system_var_init
 .text.finsh_system_init
                0x08009bf4       0xa8 ./rt-thread/components/finsh/shell.o
                0x08009bf4                finsh_system_init
 .text.rt_list_init
                0x08009c9c       0x22 ./rt-thread/components/drivers/usb/usbdevice/core/core.o
 .text.rt_list_insert_before
                0x08009cbe       0x32 ./rt-thread/components/drivers/usb/usbdevice/core/core.o
 .text.dcd_ep_read_prepare
                0x08009cf0       0x68 ./rt-thread/components/drivers/usb/usbdevice/core/core.o
 .text.dcd_ep_read
                0x08009d58       0x68 ./rt-thread/components/drivers/usb/usbdevice/core/core.o
 .text.dcd_ep_write
                0x08009dc0       0x74 ./rt-thread/components/drivers/usb/usbdevice/core/core.o
 .text.dcd_ep_set_stall
                0x08009e34       0x70 ./rt-thread/components/drivers/usb/usbdevice/core/core.o
 .text.rt_usbd_ep_write
                0x08009ea4       0xcc ./rt-thread/components/drivers/usb/usbdevice/core/core.o
 .text.rt_usbd_ep_read_prepare
                0x08009f70       0xb0 ./rt-thread/components/drivers/usb/usbdevice/core/core.o
 .text.rt_usbd_device_set_string
                0x0800a020       0x4c ./rt-thread/components/drivers/usb/usbdevice/core/core.o
                0x0800a020                rt_usbd_device_set_string
 .text.rt_usbd_interface_new
                0x0800a06c       0x7c ./rt-thread/components/drivers/usb/usbdevice/core/core.o
                0x0800a06c                rt_usbd_interface_new
 .text.rt_usbd_altsetting_new
                0x0800a0e8       0x88 ./rt-thread/components/drivers/usb/usbdevice/core/core.o
                0x0800a0e8                rt_usbd_altsetting_new
 .text.rt_usbd_altsetting_config_descriptor
                0x0800a170       0x64 ./rt-thread/components/drivers/usb/usbdevice/core/core.o
                0x0800a170                rt_usbd_altsetting_config_descriptor
 .text.rt_usbd_function_new
                0x0800a1d4       0x84 ./rt-thread/components/drivers/usb/usbdevice/core/core.o
                0x0800a1d4                rt_usbd_function_new
 .text.rt_usbd_endpoint_new
                0x0800a258       0x6c ./rt-thread/components/drivers/usb/usbdevice/core/core.o
                0x0800a258                rt_usbd_endpoint_new
 .text.rt_usbd_find_altsetting
                0x0800a2c4       0x88 ./rt-thread/components/drivers/usb/usbdevice/core/core.o
                0x0800a2c4                rt_usbd_find_altsetting
 .text.rt_usbd_function_add_interface
                0x0800a34c       0x54 ./rt-thread/components/drivers/usb/usbdevice/core/core.o
                0x0800a34c                rt_usbd_function_add_interface
 .text.rt_usbd_interface_add_altsetting
                0x0800a3a0       0x5c ./rt-thread/components/drivers/usb/usbdevice/core/core.o
                0x0800a3a0                rt_usbd_interface_add_altsetting
 .text.rt_usbd_altsetting_add_endpoint
                0x0800a3fc       0x54 ./rt-thread/components/drivers/usb/usbdevice/core/core.o
                0x0800a3fc                rt_usbd_altsetting_add_endpoint
 .text.rt_usbd_set_altsetting
                0x0800a450       0x44 ./rt-thread/components/drivers/usb/usbdevice/core/core.o
                0x0800a450                rt_usbd_set_altsetting
 .text.rt_usbd_io_request
                0x0800a494       0xb8 ./rt-thread/components/drivers/usb/usbdevice/core/core.o
                0x0800a494                rt_usbd_io_request
 .text.rt_usbd_ep0_set_stall
                0x0800a54c       0x38 ./rt-thread/components/drivers/usb/usbdevice/core/core.o
                0x0800a54c                rt_usbd_ep0_set_stall
 .text.rt_usbd_ep0_setup_handler
                0x0800a584       0x80 ./rt-thread/components/drivers/usb/usbdevice/core/core.o
                0x0800a584                rt_usbd_ep0_setup_handler
 .text.rt_usbd_ep0_in_handler
                0x0800a604       0xbc ./rt-thread/components/drivers/usb/usbdevice/core/core.o
                0x0800a604                rt_usbd_ep0_in_handler
 .text.rt_usbd_ep0_out_handler
                0x0800a6c0       0x44 ./rt-thread/components/drivers/usb/usbdevice/core/core.o
                0x0800a6c0                rt_usbd_ep0_out_handler
 .text.rt_usbd_ep_in_handler
                0x0800a704       0x4c ./rt-thread/components/drivers/usb/usbdevice/core/core.o
                0x0800a704                rt_usbd_ep_in_handler
 .text.rt_usbd_ep_out_handler
                0x0800a750       0x4c ./rt-thread/components/drivers/usb/usbdevice/core/core.o
                0x0800a750                rt_usbd_ep_out_handler
 .text.rt_usbd_reset_handler
                0x0800a79c       0x40 ./rt-thread/components/drivers/usb/usbdevice/core/core.o
                0x0800a79c                rt_usbd_reset_handler
 .text.rt_usbd_connect_handler
                0x0800a7dc       0x40 ./rt-thread/components/drivers/usb/usbdevice/core/core.o
                0x0800a7dc                rt_usbd_connect_handler
 .text.rt_usbd_disconnect_handler
                0x0800a81c       0x40 ./rt-thread/components/drivers/usb/usbdevice/core/core.o
                0x0800a81c                rt_usbd_disconnect_handler
 .text.rt_usbd_sof_handler
                0x0800a85c       0x40 ./rt-thread/components/drivers/usb/usbdevice/core/core.o
                0x0800a85c                rt_usbd_sof_handler
 .text.rt_usbd_ep0_write
                0x0800a89c       0xc8 ./rt-thread/components/drivers/usb/usbdevice/core/core.o
                0x0800a89c                rt_usbd_ep0_write
 .text.rt_usbd_ep0_read
                0x0800a964       0xb4 ./rt-thread/components/drivers/usb/usbdevice/core/core.o
                0x0800a964                rt_usbd_ep0_read
 .text.rt_usbd_event_signal
                0x0800aa18       0x3c ./rt-thread/components/drivers/usb/usbdevice/core/core.o
                0x0800aa18                rt_usbd_event_signal
 .text.rt_list_init
                0x0800aa54       0x22 ./rt-thread/components/drivers/usb/usbdevice/core/usbdevice.o
 .text.rt_list_insert_before
                0x0800aa76       0x32 ./rt-thread/components/drivers/usb/usbdevice/core/usbdevice.o
 .text.rt_usbd_class_list_init
                0x0800aaa8       0x14 ./rt-thread/components/drivers/usb/usbdevice/core/usbdevice.o
                0x0800aaa8                rt_usbd_class_list_init
 .text.rt_usbd_class_register
                0x0800aabc       0x20 ./rt-thread/components/drivers/usb/usbdevice/core/usbdevice.o
                0x0800aabc                rt_usbd_class_register
 .text.dcd_ep0_send_status
                0x0800aadc       0x68 ./rt-thread/components/drivers/usb/usbdevice/class/hid.o
 .text.dump_data
                0x0800ab44       0x68 ./rt-thread/components/drivers/usb/usbdevice/class/hid.o
 .text.dump_report
                0x0800abac       0x3c ./rt-thread/components/drivers/usb/usbdevice/class/hid.o
 .text._ep_out_handler
                0x0800abe8       0xb8 ./rt-thread/components/drivers/usb/usbdevice/class/hid.o
 .text._ep_in_handler
                0x0800aca0       0x60 ./rt-thread/components/drivers/usb/usbdevice/class/hid.o
 .text._hid_set_report_callback
                0x0800ad00       0x1e ./rt-thread/components/drivers/usb/usbdevice/class/hid.o
 *fill*         0x0800ad1e        0x2 
 .text._interface_handler
                0x0800ad20      0x1e4 ./rt-thread/components/drivers/usb/usbdevice/class/hid.o
 .text._function_enable
                0x0800af04       0x9c ./rt-thread/components/drivers/usb/usbdevice/class/hid.o
 .text._function_disable
                0x0800afa0       0x68 ./rt-thread/components/drivers/usb/usbdevice/class/hid.o
 .text._hid_descriptor_config
                0x0800b008       0x1a ./rt-thread/components/drivers/usb/usbdevice/class/hid.o
 .text._hid_write
                0x0800b022       0x84 ./rt-thread/components/drivers/usb/usbdevice/class/hid.o
 .text.HID_Report_Received
                0x0800b0a6       0x16 ./rt-thread/components/drivers/usb/usbdevice/class/hid.o
                0x0800b0a6                HID_Report_Received
 .text.hid_thread_entry
                0x0800b0bc       0x36 ./rt-thread/components/drivers/usb/usbdevice/class/hid.o
 *fill*         0x0800b0f2        0x2 
 .text.rt_usb_hid_init
                0x0800b0f4       0x94 ./rt-thread/components/drivers/usb/usbdevice/class/hid.o
 .text.rt_usbd_function_hid_create
                0x0800b188      0x100 ./rt-thread/components/drivers/usb/usbdevice/class/hid.o
                0x0800b188                rt_usbd_function_hid_create
 .text.rt_usbd_hid_class_register
                0x0800b288       0x14 ./rt-thread/components/drivers/usb/usbdevice/class/hid.o
                0x0800b288                rt_usbd_hid_class_register
 .text.rt_list_init
                0x0800b29c       0x22 ./rt-thread/components/drivers/src/completion.o
 .text.rt_list_insert_before
                0x0800b2be       0x32 ./rt-thread/components/drivers/src/completion.o
 .text.rt_list_isempty
                0x0800b2f0       0x24 ./rt-thread/components/drivers/src/completion.o
 .text.rt_completion_init
                0x0800b314       0x44 ./rt-thread/components/drivers/src/completion.o
                0x0800b314                rt_completion_init
 .text.rt_completion_wait
                0x0800b358       0xfc ./rt-thread/components/drivers/src/completion.o
                0x0800b358                rt_completion_wait
 .text.rt_completion_done
                0x0800b454       0x70 ./rt-thread/components/drivers/src/completion.o
                0x0800b454                rt_completion_done
 .text.rt_list_init
                0x0800b4c4       0x22 ./rt-thread/components/drivers/src/dataqueue.o
 .text.rt_list_insert_before
                0x0800b4e6       0x32 ./rt-thread/components/drivers/src/dataqueue.o
 .text.rt_list_isempty
                0x0800b518       0x24 ./rt-thread/components/drivers/src/dataqueue.o
 .text.rt_data_queue_init
                0x0800b53c       0x84 ./rt-thread/components/drivers/src/dataqueue.o
                0x0800b53c                rt_data_queue_init
 .text.rt_data_queue_push
                0x0800b5c0      0x194 ./rt-thread/components/drivers/src/dataqueue.o
                0x0800b5c0                rt_data_queue_push
 .text.rt_data_queue_pop
                0x0800b754      0x1e8 ./rt-thread/components/drivers/src/dataqueue.o
                0x0800b754                rt_data_queue_pop
 .text.rt_data_queue_peak
                0x0800b93c       0xa0 ./rt-thread/components/drivers/src/dataqueue.o
                0x0800b93c                rt_data_queue_peak
 .text.rt_ringbuffer_status
                0x0800b9dc       0x4e ./rt-thread/components/drivers/src/ringbuffer.o
 *fill*         0x0800ba2a        0x2 
 .text.rt_ringbuffer_init
                0x0800ba2c       0xa0 ./rt-thread/components/drivers/src/ringbuffer.o
                0x0800ba2c                rt_ringbuffer_init
 .text.rt_ringbuffer_put_force
                0x0800bacc      0x1d0 ./rt-thread/components/drivers/src/ringbuffer.o
                0x0800bacc                rt_ringbuffer_put_force
 .text.rt_ringbuffer_getchar
                0x0800bc9c       0xb4 ./rt-thread/components/drivers/src/ringbuffer.o
                0x0800bc9c                rt_ringbuffer_getchar
 .text.rt_ringbuffer_data_len
                0x0800bd50       0x82 ./rt-thread/components/drivers/src/ringbuffer.o
                0x0800bd50                rt_ringbuffer_data_len
 *fill*         0x0800bdd2        0x2 
 .text.rt_ringbuffer_create
                0x0800bdd4       0x70 ./rt-thread/components/drivers/src/ringbuffer.o
                0x0800bdd4                rt_ringbuffer_create
 .text.rt_ringbuffer_destroy
                0x0800be44       0x3c ./rt-thread/components/drivers/src/ringbuffer.o
                0x0800be44                rt_ringbuffer_destroy
 .text.rt_list_init
                0x0800be80       0x22 ./rt-thread/components/drivers/src/waitqueue.o
 .text.rt_list_insert_before
                0x0800bea2       0x32 ./rt-thread/components/drivers/src/waitqueue.o
 .text.rt_list_remove
                0x0800bed4       0x36 ./rt-thread/components/drivers/src/waitqueue.o
 .text.rt_list_isempty
                0x0800bf0a       0x24 ./rt-thread/components/drivers/src/waitqueue.o
 .text.rt_wqueue_add
                0x0800bf2e       0x2a ./rt-thread/components/drivers/src/waitqueue.o
                0x0800bf2e                rt_wqueue_add
 .text.rt_wqueue_remove
                0x0800bf58       0x26 ./rt-thread/components/drivers/src/waitqueue.o
                0x0800bf58                rt_wqueue_remove
 .text.__wqueue_default_wake
                0x0800bf7e       0x18 ./rt-thread/components/drivers/src/waitqueue.o
                0x0800bf7e                __wqueue_default_wake
 .text.rt_wqueue_wakeup
                0x0800bf96       0x76 ./rt-thread/components/drivers/src/waitqueue.o
                0x0800bf96                rt_wqueue_wakeup
 .text.rt_wqueue_wait
                0x0800c00c       0xd0 ./rt-thread/components/drivers/src/waitqueue.o
                0x0800c00c                rt_wqueue_wait
 .text.sfud_device_init
                0x0800c0dc       0x68 ./rt-thread/components/drivers/spi/sfud/src/sfud.o
                0x0800c0dc                sfud_device_init
 .text.hardware_init
                0x0800c144      0x2c8 ./rt-thread/components/drivers/spi/sfud/src/sfud.o
 .text.software_init
                0x0800c40c       0x1a ./rt-thread/components/drivers/spi/sfud/src/sfud.o
 *fill*         0x0800c426        0x2 
 .text.sfud_read
                0x0800c428       0xac ./rt-thread/components/drivers/spi/sfud/src/sfud.o
                0x0800c428                sfud_read
 .text.sfud_chip_erase
                0x0800c4d4       0xc4 ./rt-thread/components/drivers/spi/sfud/src/sfud.o
                0x0800c4d4                sfud_chip_erase
 .text.sfud_erase
                0x0800c598      0x1e0 ./rt-thread/components/drivers/spi/sfud/src/sfud.o
                0x0800c598                sfud_erase
 .text.page256_or_1_byte_write
                0x0800c778      0x21c ./rt-thread/components/drivers/spi/sfud/src/sfud.o
 .text.aai_write
                0x0800c994      0x1ac ./rt-thread/components/drivers/spi/sfud/src/sfud.o
 .text.sfud_write
                0x0800cb40       0x5c ./rt-thread/components/drivers/spi/sfud/src/sfud.o
                0x0800cb40                sfud_write
 .text.sfud_erase_write
                0x0800cb9c       0x40 ./rt-thread/components/drivers/spi/sfud/src/sfud.o
                0x0800cb9c                sfud_erase_write
 .text.reset    0x0800cbdc       0x5c ./rt-thread/components/drivers/spi/sfud/src/sfud.o
 .text.read_jedec_id
                0x0800cc38       0x60 ./rt-thread/components/drivers/spi/sfud/src/sfud.o
 .text.set_write_enabled
                0x0800cc98       0x80 ./rt-thread/components/drivers/spi/sfud/src/sfud.o
 .text.set_4_byte_address_mode
                0x0800cd18       0x8c ./rt-thread/components/drivers/spi/sfud/src/sfud.o
 .text.sfud_read_status
                0x0800cda4       0x30 ./rt-thread/components/drivers/spi/sfud/src/sfud.o
                0x0800cda4                sfud_read_status
 .text.wait_busy
                0x0800cdd4       0x7c ./rt-thread/components/drivers/spi/sfud/src/sfud.o
 .text.make_adress_byte_array
                0x0800ce50       0x58 ./rt-thread/components/drivers/spi/sfud/src/sfud.o
 .text.sfud_write_status
                0x0800cea8       0x8c ./rt-thread/components/drivers/spi/sfud/src/sfud.o
                0x0800cea8                sfud_write_status
 .text.sfud_read_sfdp
                0x0800cf34       0x50 ./rt-thread/components/drivers/spi/sfud/src/sfud_sfdp.o
                0x0800cf34                sfud_read_sfdp
 .text.read_sfdp_header
                0x0800cf84       0x98 ./rt-thread/components/drivers/spi/sfud/src/sfud_sfdp.o
 .text.read_basic_header
                0x0800d01c       0xb0 ./rt-thread/components/drivers/spi/sfud/src/sfud_sfdp.o
 .text.read_basic_table
                0x0800d0cc      0x344 ./rt-thread/components/drivers/spi/sfud/src/sfud_sfdp.o
 .text.read_sfdp_data
                0x0800d410       0x4e ./rt-thread/components/drivers/spi/sfud/src/sfud_sfdp.o
 .text.sfud_sfdp_get_suitable_eraser
                0x0800d45e       0x8e ./rt-thread/components/drivers/spi/sfud/src/sfud_sfdp.o
                0x0800d45e                sfud_sfdp_get_suitable_eraser
 .text.rt_spi_bus_register
                0x0800d4ec       0x44 ./rt-thread/components/drivers/spi/spi_core.o
                0x0800d4ec                rt_spi_bus_register
 .text.rt_spi_bus_attach_device
                0x0800d530       0x62 ./rt-thread/components/drivers/spi/spi_core.o
                0x0800d530                rt_spi_bus_attach_device
 *fill*         0x0800d592        0x2 
 .text.rt_spi_configure
                0x0800d594       0x98 ./rt-thread/components/drivers/spi/spi_core.o
                0x0800d594                rt_spi_configure
 .text.rt_spi_send_then_recv
                0x0800d62c      0x148 ./rt-thread/components/drivers/spi/spi_core.o
                0x0800d62c                rt_spi_send_then_recv
 .text.rt_spi_transfer
                0x0800d774      0x108 ./rt-thread/components/drivers/spi/spi_core.o
                0x0800d774                rt_spi_transfer
 .text._spi_bus_device_read
                0x0800d87c       0x58 ./rt-thread/components/drivers/spi/spi_dev.o
 .text._spi_bus_device_write
                0x0800d8d4       0x58 ./rt-thread/components/drivers/spi/spi_dev.o
 .text._spi_bus_device_control
                0x0800d92c       0x26 ./rt-thread/components/drivers/spi/spi_dev.o
 *fill*         0x0800d952        0x2 
 .text.rt_spi_bus_device_init
                0x0800d954       0x70 ./rt-thread/components/drivers/spi/spi_dev.o
                0x0800d954                rt_spi_bus_device_init
 .text._spidev_device_read
                0x0800d9c4       0x58 ./rt-thread/components/drivers/spi/spi_dev.o
 .text._spidev_device_write
                0x0800da1c       0x58 ./rt-thread/components/drivers/spi/spi_dev.o
 .text._spidev_device_control
                0x0800da74       0x26 ./rt-thread/components/drivers/spi/spi_dev.o
 *fill*         0x0800da9a        0x2 
 .text.rt_spidev_device_init
                0x0800da9c       0x70 ./rt-thread/components/drivers/spi/spi_dev.o
                0x0800da9c                rt_spidev_device_init
 .text.rt_spi_recv
                0x0800db0c       0x22 ./rt-thread/components/drivers/spi/spi_flash_sfud.o
 .text.rt_spi_send
                0x0800db2e       0x22 ./rt-thread/components/drivers/spi/spi_flash_sfud.o
 .text.rt_sfud_control
                0x0800db50       0xe4 ./rt-thread/components/drivers/spi/spi_flash_sfud.o
 .text.rt_sfud_read
                0x0800dc34       0x3c ./rt-thread/components/drivers/spi/spi_flash_sfud.o
 .text.rt_sfud_write
                0x0800dc70       0x3c ./rt-thread/components/drivers/spi/spi_flash_sfud.o
 .text.spi_write_read
                0x0800dcac       0xc4 ./rt-thread/components/drivers/spi/spi_flash_sfud.o
 .text.spi_lock
                0x0800dd70       0x2a ./rt-thread/components/drivers/spi/spi_flash_sfud.o
 .text.spi_unlock
                0x0800dd9a       0x26 ./rt-thread/components/drivers/spi/spi_flash_sfud.o
 .text.retry_delay_100us
                0x0800ddc0        0xe ./rt-thread/components/drivers/spi/spi_flash_sfud.o
 *fill*         0x0800ddce        0x2 
 .text.sfud_log_info
                0x0800ddd0       0x44 ./rt-thread/components/drivers/spi/spi_flash_sfud.o
                0x0800ddd0                sfud_log_info
 .text.sfud_spi_port_init
                0x0800de14       0x54 ./rt-thread/components/drivers/spi/spi_flash_sfud.o
                0x0800de14                sfud_spi_port_init
 .text.rt_sfud_flash_probe
                0x0800de68      0x23c ./rt-thread/components/drivers/spi/spi_flash_sfud.o
                0x0800de68                rt_sfud_flash_probe
 .text.rt_sfud_flash_delete
                0x0800e0a4       0x7c ./rt-thread/components/drivers/spi/spi_flash_sfud.o
                0x0800e0a4                rt_sfud_flash_delete
 .text.sf       0x0800e120      0x7a0 ./rt-thread/components/drivers/spi/spi_flash_sfud.o
 .text.rt_poll_add
                0x0800e8c0       0x30 ./rt-thread/components/drivers/serial/serial.o
 .text.serial_fops_rx_ind
                0x0800e8f0       0x20 ./rt-thread/components/drivers/serial/serial.o
 .text.serial_fops_open
                0x0800e910       0x98 ./rt-thread/components/drivers/serial/serial.o
 .text.serial_fops_close
                0x0800e9a8       0x26 ./rt-thread/components/drivers/serial/serial.o
 *fill*         0x0800e9ce        0x2 
 .text.serial_fops_ioctl
                0x0800e9d0       0x40 ./rt-thread/components/drivers/serial/serial.o
 .text.serial_fops_read
                0x0800ea10       0x62 ./rt-thread/components/drivers/serial/serial.o
 .text.serial_fops_write
                0x0800ea72       0x2a ./rt-thread/components/drivers/serial/serial.o
 .text.serial_fops_poll
                0x0800ea9c       0xa0 ./rt-thread/components/drivers/serial/serial.o
 .text._serial_poll_rx
                0x0800eb3c       0x74 ./rt-thread/components/drivers/serial/serial.o
 .text._serial_poll_tx
                0x0800ebb0       0x7c ./rt-thread/components/drivers/serial/serial.o
 .text._serial_int_rx
                0x0800ec2c       0xd8 ./rt-thread/components/drivers/serial/serial.o
 .text._serial_int_tx
                0x0800ed04       0x90 ./rt-thread/components/drivers/serial/serial.o
 .text._serial_fifo_calc_recved_len
                0x0800ed94       0x88 ./rt-thread/components/drivers/serial/serial.o
 .text.rt_dma_calc_recved_len
                0x0800ee1c       0x18 ./rt-thread/components/drivers/serial/serial.o
 .text.rt_dma_recv_update_get_index
                0x0800ee34       0xa4 ./rt-thread/components/drivers/serial/serial.o
 .text.rt_dma_recv_update_put_index
                0x0800eed8      0x10c ./rt-thread/components/drivers/serial/serial.o
 .text._serial_dma_rx
                0x0800efe4      0x198 ./rt-thread/components/drivers/serial/serial.o
 .text._serial_dma_tx
                0x0800f17c       0x70 ./rt-thread/components/drivers/serial/serial.o
 .text.rt_serial_init
                0x0800f1ec       0x5c ./rt-thread/components/drivers/serial/serial.o
 .text.rt_serial_open
                0x0800f248      0x35c ./rt-thread/components/drivers/serial/serial.o
 .text.rt_serial_close
                0x0800f5a4      0x1a8 ./rt-thread/components/drivers/serial/serial.o
 .text.rt_serial_read
                0x0800f74c       0x84 ./rt-thread/components/drivers/serial/serial.o
 .text.rt_serial_write
                0x0800f7d0       0x84 ./rt-thread/components/drivers/serial/serial.o
 .text.rt_serial_control
                0x0800f854      0x100 ./rt-thread/components/drivers/serial/serial.o
 .text.rt_hw_serial_register
                0x0800f954       0xa4 ./rt-thread/components/drivers/serial/serial.o
                0x0800f954                rt_hw_serial_register
 .text.rt_hw_serial_isr
                0x0800f9f8      0x258 ./rt-thread/components/drivers/serial/serial.o
                0x0800f9f8                rt_hw_serial_isr
 .text._pin_read
                0x0800fc50       0x60 ./rt-thread/components/drivers/misc/pin.o
 .text._pin_write
                0x0800fcb0       0x5c ./rt-thread/components/drivers/misc/pin.o
 .text._pin_control
                0x0800fd0c       0x58 ./rt-thread/components/drivers/misc/pin.o
 .text.rt_device_pin_register
                0x0800fd64       0x74 ./rt-thread/components/drivers/misc/pin.o
                0x0800fd64                rt_device_pin_register
 .text.rt_pin_mode
                0x0800fdd8       0x40 ./rt-thread/components/drivers/misc/pin.o
                0x0800fdd8                rt_pin_mode
 .text.rt_pin_write
                0x0800fe18       0x40 ./rt-thread/components/drivers/misc/pin.o
                0x0800fe18                rt_pin_write
 .text.rt_pin_read
                0x0800fe58       0x3c ./rt-thread/components/drivers/misc/pin.o
                0x0800fe58                rt_pin_read
 .text.rt_pwm_enable
                0x0800fe94       0x50 ./rt-thread/components/drivers/misc/rt_drv_pwm.o
                0x0800fe94                rt_pwm_enable
 .text.rt_pwm_set
                0x0800fee4       0x5c ./rt-thread/components/drivers/misc/rt_drv_pwm.o
                0x0800fee4                rt_pwm_set
 .text.pwm_enable
                0x0800ff40       0x48 ./rt-thread/components/drivers/misc/rt_drv_pwm.o
 .text.pwm_set  0x0800ff88       0x68 ./rt-thread/components/drivers/misc/rt_drv_pwm.o
 .text.i2c_delay
                0x0800fff0       0x20 ./rt-thread/components/drivers/i2c/i2c-bit-ops.o
 .text.i2c_delay2
                0x08010010       0x1c ./rt-thread/components/drivers/i2c/i2c-bit-ops.o
 .text.i2c_delay3
                0x0801002c       0x1e ./rt-thread/components/drivers/i2c/i2c-bit-ops.o
 .text.SCL_H    0x0801004a       0x6e ./rt-thread/components/drivers/i2c/i2c-bit-ops.o
 .text.i2c_start
                0x080100b8       0x34 ./rt-thread/components/drivers/i2c/i2c-bit-ops.o
 .text.i2c_restart
                0x080100ec       0x50 ./rt-thread/components/drivers/i2c/i2c-bit-ops.o
 .text.i2c_stop
                0x0801013c       0x48 ./rt-thread/components/drivers/i2c/i2c-bit-ops.o
 .text.i2c_waitack
                0x08010184       0x6c ./rt-thread/components/drivers/i2c/i2c-bit-ops.o
 .text.i2c_writeb
                0x080101f0       0x92 ./rt-thread/components/drivers/i2c/i2c-bit-ops.o
 .text.i2c_readb
                0x08010282       0x8e ./rt-thread/components/drivers/i2c/i2c-bit-ops.o
 .text.i2c_send_bytes
                0x08010310       0x78 ./rt-thread/components/drivers/i2c/i2c-bit-ops.o
 .text.i2c_send_ack_or_nack
                0x08010388       0x58 ./rt-thread/components/drivers/i2c/i2c-bit-ops.o
 .text.i2c_recv_bytes
                0x080103e0       0x7c ./rt-thread/components/drivers/i2c/i2c-bit-ops.o
 .text.i2c_send_address
                0x0801045c       0x68 ./rt-thread/components/drivers/i2c/i2c-bit-ops.o
 .text.i2c_bit_send_address
                0x080104c4      0x118 ./rt-thread/components/drivers/i2c/i2c-bit-ops.o
 .text.i2c_bit_xfer
                0x080105dc       0xf6 ./rt-thread/components/drivers/i2c/i2c-bit-ops.o
 *fill*         0x080106d2        0x2 
 .text.rt_i2c_bit_add_bus
                0x080106d4       0x28 ./rt-thread/components/drivers/i2c/i2c-bit-ops.o
                0x080106d4                rt_i2c_bit_add_bus
 .text.rt_i2c_bus_device_register
                0x080106fc       0x44 ./rt-thread/components/drivers/i2c/i2c_core.o
                0x080106fc                rt_i2c_bus_device_register
 .text.rt_i2c_bus_device_find
                0x08010740       0x32 ./rt-thread/components/drivers/i2c/i2c_core.o
                0x08010740                rt_i2c_bus_device_find
 .text.rt_i2c_transfer
                0x08010772       0x4c ./rt-thread/components/drivers/i2c/i2c_core.o
                0x08010772                rt_i2c_transfer
 .text.rt_i2c_master_send
                0x080107be       0x50 ./rt-thread/components/drivers/i2c/i2c_core.o
                0x080107be                rt_i2c_master_send
 *fill*         0x0801080e        0x2 
 .text.rt_i2c_master_recv
                0x08010810       0x74 ./rt-thread/components/drivers/i2c/i2c_core.o
                0x08010810                rt_i2c_master_recv
 .text.rt_i2c_core_init
                0x08010884       0x10 ./rt-thread/components/drivers/i2c/i2c_core.o
                0x08010884                rt_i2c_core_init
 .text.i2c_bus_device_read
                0x08010894       0x64 ./rt-thread/components/drivers/i2c/i2c_dev.o
 .text.i2c_bus_device_write
                0x080108f8       0x64 ./rt-thread/components/drivers/i2c/i2c_dev.o
 .text.i2c_bus_device_control
                0x0801095c       0xa8 ./rt-thread/components/drivers/i2c/i2c_dev.o
 .text.rt_i2c_bus_device_device_init
                0x08010a04       0x78 ./rt-thread/components/drivers/i2c/i2c_dev.o
                0x08010a04                rt_i2c_bus_device_device_init
 .text.dfs_init
                0x08010a7c       0x9c ./rt-thread/components/dfs/src/dfs.o
                0x08010a7c                dfs_init
 .text.dfs_lock
                0x08010b18       0x48 ./rt-thread/components/dfs/src/dfs.o
                0x08010b18                dfs_lock
 .text.dfs_unlock
                0x08010b60       0x14 ./rt-thread/components/dfs/src/dfs.o
                0x08010b60                dfs_unlock
 .text.fd_alloc
                0x08010b74      0x10c ./rt-thread/components/dfs/src/dfs.o
 .text.fd_new   0x08010c80       0x58 ./rt-thread/components/dfs/src/dfs.o
                0x08010c80                fd_new
 .text.fd_get   0x08010cd8       0x66 ./rt-thread/components/dfs/src/dfs.o
                0x08010cd8                fd_get
 *fill*         0x08010d3e        0x2 
 .text.fd_put   0x08010d40       0x88 ./rt-thread/components/dfs/src/dfs.o
                0x08010d40                fd_put
 .text.fd_is_open
                0x08010dc8       0xee ./rt-thread/components/dfs/src/dfs.o
                0x08010dc8                fd_is_open
 .text.dfs_subdir
                0x08010eb6       0x52 ./rt-thread/components/dfs/src/dfs.o
                0x08010eb6                dfs_subdir
 .text.dfs_normalize_path
                0x08010f08      0x22c ./rt-thread/components/dfs/src/dfs.o
                0x08010f08                dfs_normalize_path
 .text.dfs_fdtable_get
                0x08011134       0x1c ./rt-thread/components/dfs/src/dfs.o
                0x08011134                dfs_fdtable_get
 .text.list_fd  0x08011150      0x12c ./rt-thread/components/dfs/src/dfs.o
                0x08011150                list_fd
 .text.dfs_file_open
                0x0801127c      0x15c ./rt-thread/components/dfs/src/dfs_file.o
                0x0801127c                dfs_file_open
 .text.dfs_file_close
                0x080113d8       0x52 ./rt-thread/components/dfs/src/dfs_file.o
                0x080113d8                dfs_file_close
 .text.dfs_file_read
                0x0801142a       0x58 ./rt-thread/components/dfs/src/dfs_file.o
                0x0801142a                dfs_file_read
 .text.dfs_file_getdents
                0x08011482       0x48 ./rt-thread/components/dfs/src/dfs_file.o
                0x08011482                dfs_file_getdents
 *fill*         0x080114ca        0x2 
 .text.dfs_file_unlink
                0x080114cc       0xcc ./rt-thread/components/dfs/src/dfs_file.o
                0x080114cc                dfs_file_unlink
 .text.dfs_file_write
                0x08011598       0x40 ./rt-thread/components/dfs/src/dfs_file.o
                0x08011598                dfs_file_write
 .text.dfs_file_lseek
                0x080115d8       0x4a ./rt-thread/components/dfs/src/dfs_file.o
                0x080115d8                dfs_file_lseek
 .text.dfs_file_stat
                0x08011622      0x104 ./rt-thread/components/dfs/src/dfs_file.o
                0x08011622                dfs_file_stat
 .text.dfs_file_rename
                0x08011726       0xda ./rt-thread/components/dfs/src/dfs_file.o
                0x08011726                dfs_file_rename
 .text.ls       0x08011800      0x120 ./rt-thread/components/dfs/src/dfs_file.o
                0x08011800                ls
 .text.rm       0x08011920       0x28 ./rt-thread/components/dfs/src/dfs_file.o
                0x08011920                rm
 .text.cat      0x08011948       0x74 ./rt-thread/components/dfs/src/dfs_file.o
                0x08011948                cat
 .text.copyfile
                0x080119bc       0xe0 ./rt-thread/components/dfs/src/dfs_file.o
 .text.copydir  0x08011a9c      0x18c ./rt-thread/components/dfs/src/dfs_file.o
 .text._get_path_lastname
                0x08011c28       0x2c ./rt-thread/components/dfs/src/dfs_file.o
 .text.copy     0x08011c54      0x15c ./rt-thread/components/dfs/src/dfs_file.o
                0x08011c54                copy
 .text.dfs_register
                0x08011db0       0x9c ./rt-thread/components/dfs/src/dfs_fs.o
                0x08011db0                dfs_register
 .text.dfs_filesystem_lookup
                0x08011e4c       0xc4 ./rt-thread/components/dfs/src/dfs_fs.o
                0x08011e4c                dfs_filesystem_lookup
 .text.dfs_mount
                0x08011f10      0x224 ./rt-thread/components/dfs/src/dfs_fs.o
                0x08011f10                dfs_mount
 .text.dfs_mkfs
                0x08012134       0xb4 ./rt-thread/components/dfs/src/dfs_fs.o
                0x08012134                dfs_mkfs
 .text.dfs_statfs
                0x080121e8       0x3e ./rt-thread/components/dfs/src/dfs_fs.o
                0x080121e8                dfs_statfs
 .text.mkfs     0x08012226       0x1a ./rt-thread/components/dfs/src/dfs_fs.o
                0x08012226                mkfs
 .text.df       0x08012240      0x1b8 ./rt-thread/components/dfs/src/dfs_fs.o
                0x08012240                df
 .text.open     0x080123f8       0x6c ./rt-thread/components/dfs/src/dfs_posix.o
                0x080123f8                open
 .text.close    0x08012464       0x54 ./rt-thread/components/dfs/src/dfs_posix.o
                0x08012464                close
 .text.read     0x080124b8       0x5c ./rt-thread/components/dfs/src/dfs_posix.o
                0x080124b8                read
 .text.write    0x08012514       0x5c ./rt-thread/components/dfs/src/dfs_posix.o
                0x08012514                write
 .text.rename   0x08012570       0x30 ./rt-thread/components/dfs/src/dfs_posix.o
                0x08012570                rename
 .text.unlink   0x080125a0       0x2c ./rt-thread/components/dfs/src/dfs_posix.o
                0x080125a0                unlink
 .text.mkdir    0x080125cc       0x78 ./rt-thread/components/dfs/src/dfs_posix.o
                0x080125cc                mkdir
 .text.opendir  0x08012644       0x98 ./rt-thread/components/dfs/src/dfs_posix.o
                0x08012644                opendir
 .text.readdir  0x080126dc       0xbc ./rt-thread/components/dfs/src/dfs_posix.o
                0x080126dc                readdir
 .text.rewinddir
                0x08012798       0x52 ./rt-thread/components/dfs/src/dfs_posix.o
                0x08012798                rewinddir
 .text.closedir
                0x080127ea       0x5e ./rt-thread/components/dfs/src/dfs_posix.o
                0x080127ea                closedir
 .text.chdir    0x08012848       0xac ./rt-thread/components/dfs/src/dfs_posix.o
                0x08012848                chdir
 .text.getcwd   0x080128f4       0x2c ./rt-thread/components/dfs/src/dfs_posix.o
                0x080128f4                getcwd
 .text.ff_convert
                0x08012920       0x78 ./rt-thread/components/dfs/filesystems/elmfat/option/ccsbcs.o
                0x08012920                ff_convert
 .text.ff_wtoupper
                0x08012998      0x114 ./rt-thread/components/dfs/filesystems/elmfat/option/ccsbcs.o
                0x08012998                ff_wtoupper
 .text.elm_result_to_dfs
                0x08012aac       0xa0 ./rt-thread/components/dfs/filesystems/elmfat/dfs_elm.o
 .text.get_disk
                0x08012b4c       0x40 ./rt-thread/components/dfs/filesystems/elmfat/dfs_elm.o
 .text.dfs_elm_mount
                0x08012b8c      0x158 ./rt-thread/components/dfs/filesystems/elmfat/dfs_elm.o
                0x08012b8c                dfs_elm_mount
 .text.dfs_elm_unmount
                0x08012ce4       0xa0 ./rt-thread/components/dfs/filesystems/elmfat/dfs_elm.o
                0x08012ce4                dfs_elm_unmount
 .text.dfs_elm_mkfs
                0x08012d84      0x14c ./rt-thread/components/dfs/filesystems/elmfat/dfs_elm.o
                0x08012d84                dfs_elm_mkfs
 .text.dfs_elm_statfs
                0x08012ed0       0xbc ./rt-thread/components/dfs/filesystems/elmfat/dfs_elm.o
                0x08012ed0                dfs_elm_statfs
 .text.dfs_elm_open
                0x08012f8c      0x1f8 ./rt-thread/components/dfs/filesystems/elmfat/dfs_elm.o
                0x08012f8c                dfs_elm_open
 .text.dfs_elm_close
                0x08013184       0x88 ./rt-thread/components/dfs/filesystems/elmfat/dfs_elm.o
                0x08013184                dfs_elm_close
 .text.dfs_elm_ioctl
                0x0801320c       0x1c ./rt-thread/components/dfs/filesystems/elmfat/dfs_elm.o
                0x0801320c                dfs_elm_ioctl
 .text.dfs_elm_read
                0x08013228       0x74 ./rt-thread/components/dfs/filesystems/elmfat/dfs_elm.o
                0x08013228                dfs_elm_read
 .text.dfs_elm_write
                0x0801329c       0x7c ./rt-thread/components/dfs/filesystems/elmfat/dfs_elm.o
                0x0801329c                dfs_elm_write
 .text.dfs_elm_flush
                0x08013318       0x44 ./rt-thread/components/dfs/filesystems/elmfat/dfs_elm.o
                0x08013318                dfs_elm_flush
 .text.dfs_elm_lseek
                0x0801335c       0xbc ./rt-thread/components/dfs/filesystems/elmfat/dfs_elm.o
                0x0801335c                dfs_elm_lseek
 .text.dfs_elm_getdents
                0x08013418      0x1a4 ./rt-thread/components/dfs/filesystems/elmfat/dfs_elm.o
                0x08013418                dfs_elm_getdents
 .text.dfs_elm_unlink
                0x080135bc       0x70 ./rt-thread/components/dfs/filesystems/elmfat/dfs_elm.o
                0x080135bc                dfs_elm_unlink
 .text.dfs_elm_rename
                0x0801362c       0x78 ./rt-thread/components/dfs/filesystems/elmfat/dfs_elm.o
                0x0801362c                dfs_elm_rename
 .text.dfs_elm_stat
                0x080136a4      0x210 ./rt-thread/components/dfs/filesystems/elmfat/dfs_elm.o
                0x080136a4                dfs_elm_stat
 .text.elm_init
                0x080138b4       0x14 ./rt-thread/components/dfs/filesystems/elmfat/dfs_elm.o
                0x080138b4                elm_init
 .text.disk_initialize
                0x080138c8       0x18 ./rt-thread/components/dfs/filesystems/elmfat/dfs_elm.o
                0x080138c8                disk_initialize
 .text.disk_status
                0x080138e0       0x18 ./rt-thread/components/dfs/filesystems/elmfat/dfs_elm.o
                0x080138e0                disk_status
 .text.disk_read
                0x080138f8       0x44 ./rt-thread/components/dfs/filesystems/elmfat/dfs_elm.o
                0x080138f8                disk_read
 .text.disk_write
                0x0801393c       0x44 ./rt-thread/components/dfs/filesystems/elmfat/dfs_elm.o
                0x0801393c                disk_write
 .text.disk_ioctl
                0x08013980       0xe4 ./rt-thread/components/dfs/filesystems/elmfat/dfs_elm.o
                0x08013980                disk_ioctl
 .text.get_fattime
                0x08013a64       0x6a ./rt-thread/components/dfs/filesystems/elmfat/dfs_elm.o
                0x08013a64                get_fattime
 *fill*         0x08013ace        0x2 
 .text.ff_cre_syncobj
                0x08013ad0       0x48 ./rt-thread/components/dfs/filesystems/elmfat/dfs_elm.o
                0x08013ad0                ff_cre_syncobj
 .text.ff_del_syncobj
                0x08013b18       0x1e ./rt-thread/components/dfs/filesystems/elmfat/dfs_elm.o
                0x08013b18                ff_del_syncobj
 .text.ff_req_grant
                0x08013b36       0x26 ./rt-thread/components/dfs/filesystems/elmfat/dfs_elm.o
                0x08013b36                ff_req_grant
 .text.ff_rel_grant
                0x08013b5c       0x16 ./rt-thread/components/dfs/filesystems/elmfat/dfs_elm.o
                0x08013b5c                ff_rel_grant
 .text.ff_memalloc
                0x08013b72       0x18 ./rt-thread/components/dfs/filesystems/elmfat/dfs_elm.o
                0x08013b72                ff_memalloc
 .text.ff_memfree
                0x08013b8a       0x16 ./rt-thread/components/dfs/filesystems/elmfat/dfs_elm.o
                0x08013b8a                ff_memfree
 .text.ld_word  0x08013ba0       0x30 ./rt-thread/components/dfs/filesystems/elmfat/ff.o
 .text.ld_dword
                0x08013bd0       0x46 ./rt-thread/components/dfs/filesystems/elmfat/ff.o
 .text.st_word  0x08013c16       0x36 ./rt-thread/components/dfs/filesystems/elmfat/ff.o
 .text.st_dword
                0x08013c4c       0x58 ./rt-thread/components/dfs/filesystems/elmfat/ff.o
 .text.mem_cpy  0x08013ca4       0x42 ./rt-thread/components/dfs/filesystems/elmfat/ff.o
 .text.mem_set  0x08013ce6       0x34 ./rt-thread/components/dfs/filesystems/elmfat/ff.o
 .text.mem_cmp  0x08013d1a       0x4e ./rt-thread/components/dfs/filesystems/elmfat/ff.o
 .text.chk_chr  0x08013d68       0x3c ./rt-thread/components/dfs/filesystems/elmfat/ff.o
 .text.lock_fs  0x08013da4       0x1c ./rt-thread/components/dfs/filesystems/elmfat/ff.o
 .text.unlock_fs
                0x08013dc0       0x36 ./rt-thread/components/dfs/filesystems/elmfat/ff.o
 .text.sync_window
                0x08013df6       0x88 ./rt-thread/components/dfs/filesystems/elmfat/ff.o
 .text.move_window
                0x08013e7e       0x5a ./rt-thread/components/dfs/filesystems/elmfat/ff.o
 .text.sync_fs  0x08013ed8       0xe0 ./rt-thread/components/dfs/filesystems/elmfat/ff.o
 .text.clust2sect
                0x08013fb8       0x3e ./rt-thread/components/dfs/filesystems/elmfat/ff.o
 .text.get_fat  0x08013ff6      0x1a0 ./rt-thread/components/dfs/filesystems/elmfat/ff.o
 .text.put_fat  0x08014196      0x22e ./rt-thread/components/dfs/filesystems/elmfat/ff.o
 .text.remove_chain
                0x080143c4       0xca ./rt-thread/components/dfs/filesystems/elmfat/ff.o
 .text.create_chain
                0x0801448e      0x130 ./rt-thread/components/dfs/filesystems/elmfat/ff.o
 .text.clmt_clust
                0x080145be       0x70 ./rt-thread/components/dfs/filesystems/elmfat/ff.o
 .text.dir_sdi  0x0801462e      0x112 ./rt-thread/components/dfs/filesystems/elmfat/ff.o
 .text.dir_next
                0x08014740      0x1ac ./rt-thread/components/dfs/filesystems/elmfat/ff.o
 .text.dir_alloc
                0x080148ec       0x8e ./rt-thread/components/dfs/filesystems/elmfat/ff.o
 .text.ld_clust
                0x0801497a       0x3e ./rt-thread/components/dfs/filesystems/elmfat/ff.o
 .text.st_clust
                0x080149b8       0x40 ./rt-thread/components/dfs/filesystems/elmfat/ff.o
 .text.cmp_lfn  0x080149f8       0xe0 ./rt-thread/components/dfs/filesystems/elmfat/ff.o
 .text.pick_lfn
                0x08014ad8       0xc8 ./rt-thread/components/dfs/filesystems/elmfat/ff.o
 .text.put_lfn  0x08014ba0       0xd0 ./rt-thread/components/dfs/filesystems/elmfat/ff.o
 .text.gen_numname
                0x08014c70      0x11e ./rt-thread/components/dfs/filesystems/elmfat/ff.o
 .text.sum_sfn  0x08014d8e       0x42 ./rt-thread/components/dfs/filesystems/elmfat/ff.o
 .text.dir_read
                0x08014dd0      0x14e ./rt-thread/components/dfs/filesystems/elmfat/ff.o
 .text.dir_find
                0x08014f1e      0x180 ./rt-thread/components/dfs/filesystems/elmfat/ff.o
 *fill*         0x0801509e        0x2 
 .text.dir_register
                0x080150a0      0x1f0 ./rt-thread/components/dfs/filesystems/elmfat/ff.o
 .text.dir_remove
                0x08015290       0x94 ./rt-thread/components/dfs/filesystems/elmfat/ff.o
 .text.get_fileinfo
                0x08015324      0x1c6 ./rt-thread/components/dfs/filesystems/elmfat/ff.o
 *fill*         0x080154ea        0x2 
 .text.create_name
                0x080154ec      0x378 ./rt-thread/components/dfs/filesystems/elmfat/ff.o
 .text.follow_path
                0x08015864       0xf4 ./rt-thread/components/dfs/filesystems/elmfat/ff.o
 .text.get_ldnumber
                0x08015958       0x92 ./rt-thread/components/dfs/filesystems/elmfat/ff.o
 *fill*         0x080159ea        0x2 
 .text.check_fs
                0x080159ec       0xac ./rt-thread/components/dfs/filesystems/elmfat/ff.o
 .text.find_volume
                0x08015a98      0x510 ./rt-thread/components/dfs/filesystems/elmfat/ff.o
 .text.validate
                0x08015fa8       0x7c ./rt-thread/components/dfs/filesystems/elmfat/ff.o
 .text.f_mount  0x08016024       0xc0 ./rt-thread/components/dfs/filesystems/elmfat/ff.o
                0x08016024                f_mount
 .text.f_open   0x080160e4      0x36a ./rt-thread/components/dfs/filesystems/elmfat/ff.o
                0x080160e4                f_open
 .text.f_read   0x0801644e      0x31c ./rt-thread/components/dfs/filesystems/elmfat/ff.o
                0x0801644e                f_read
 .text.f_write  0x0801676a      0x386 ./rt-thread/components/dfs/filesystems/elmfat/ff.o
                0x0801676a                f_write
 .text.f_sync   0x08016af0      0x112 ./rt-thread/components/dfs/filesystems/elmfat/ff.o
                0x08016af0                f_sync
 .text.f_close  0x08016c02       0x4a ./rt-thread/components/dfs/filesystems/elmfat/ff.o
                0x08016c02                f_close
 .text.f_lseek  0x08016c4c      0x4dc ./rt-thread/components/dfs/filesystems/elmfat/ff.o
                0x08016c4c                f_lseek
 .text.f_opendir
                0x08017128       0xec ./rt-thread/components/dfs/filesystems/elmfat/ff.o
                0x08017128                f_opendir
 .text.f_readdir
                0x08017214       0xb0 ./rt-thread/components/dfs/filesystems/elmfat/ff.o
                0x08017214                f_readdir
 .text.f_seekdir
                0x080172c4       0x5e ./rt-thread/components/dfs/filesystems/elmfat/ff.o
                0x080172c4                f_seekdir
 .text.f_stat   0x08017322       0xaa ./rt-thread/components/dfs/filesystems/elmfat/ff.o
                0x08017322                f_stat
 .text.f_getfree
                0x080173cc      0x178 ./rt-thread/components/dfs/filesystems/elmfat/ff.o
                0x080173cc                f_getfree
 .text.f_unlink
                0x08017544      0x174 ./rt-thread/components/dfs/filesystems/elmfat/ff.o
                0x08017544                f_unlink
 .text.f_mkdir  0x080176b8      0x252 ./rt-thread/components/dfs/filesystems/elmfat/ff.o
                0x080176b8                f_mkdir
 .text.f_rename
                0x0801790a      0x218 ./rt-thread/components/dfs/filesystems/elmfat/ff.o
                0x0801790a                f_rename
 *fill*         0x08017b22        0x2 
 .text.f_mkfs   0x08017b24      0x8a0 ./rt-thread/components/dfs/filesystems/elmfat/ff.o
                0x08017b24                f_mkfs
 .text.elm_get_vol
                0x080183c4       0x40 ./rt-thread/components/dfs/filesystems/elmfat/ff.o
                0x080183c4                elm_get_vol
 .text.dfs_device_fs_mount
                0x08018404       0x1a ./rt-thread/components/dfs/filesystems/devfs/devfs.o
                0x08018404                dfs_device_fs_mount
 *fill*         0x0801841e        0x2 
 .text.dfs_device_fs_ioctl
                0x08018420       0x60 ./rt-thread/components/dfs/filesystems/devfs/devfs.o
                0x08018420                dfs_device_fs_ioctl
 .text.dfs_device_fs_read
                0x08018480       0x68 ./rt-thread/components/dfs/filesystems/devfs/devfs.o
                0x08018480                dfs_device_fs_read
 .text.dfs_device_fs_write
                0x080184e8       0x68 ./rt-thread/components/dfs/filesystems/devfs/devfs.o
                0x080184e8                dfs_device_fs_write
 .text.dfs_device_fs_close
                0x08018550       0x8c ./rt-thread/components/dfs/filesystems/devfs/devfs.o
                0x08018550                dfs_device_fs_close
 .text.dfs_device_fs_open
                0x080185dc      0x170 ./rt-thread/components/dfs/filesystems/devfs/devfs.o
                0x080185dc                dfs_device_fs_open
 .text.dfs_device_fs_stat
                0x0801874c      0x106 ./rt-thread/components/dfs/filesystems/devfs/devfs.o
                0x0801874c                dfs_device_fs_stat
 *fill*         0x08018852        0x2 
 .text.dfs_device_fs_getdents
                0x08018854       0xdc ./rt-thread/components/dfs/filesystems/devfs/devfs.o
                0x08018854                dfs_device_fs_getdents
 .text.dfs_device_fs_poll
                0x08018930       0x1c ./rt-thread/components/dfs/filesystems/devfs/devfs.o
 .text.devfs_init
                0x0801894c       0x14 ./rt-thread/components/dfs/filesystems/devfs/devfs.o
                0x0801894c                devfs_init
 .text.SystemClock_Config
                0x08018960      0x220 ./driver/board.o
 .text.SysTick_Handler