Archive member included to satisfy reference by file (symbol)

d:/program files (x86)/gnu tools arm embedded/7 2018q2/bin/../lib/gcc/arm-none-eabi/7.3.1/thumb/v7e-m/fpv4-sp/hard\libgcc.a(_arm_addsubdf3.o)
                              ./rt-thread/packages/cJSON-v1.0.2/cJSON.o (__aeabi_dsub)
d:/program files (x86)/gnu tools arm embedded/7 2018q2/bin/../lib/gcc/arm-none-eabi/7.3.1/thumb/v7e-m/fpv4-sp/hard\libgcc.a(_arm_muldivdf3.o)
                              ./rt-thread/packages/cJSON-v1.0.2/cJSON.o (__aeabi_dmul)
d:/program files (x86)/gnu tools arm embedded/7 2018q2/bin/../lib/gcc/arm-none-eabi/7.3.1/thumb/v7e-m/fpv4-sp/hard\libgcc.a(_arm_cmpdf2.o)
                              ./rt-thread/packages/cJSON-v1.0.2/cJSON.o (__aeabi_dcmpeq)
d:/program files (x86)/gnu tools arm embedded/7 2018q2/bin/../lib/gcc/arm-none-eabi/7.3.1/thumb/v7e-m/fpv4-sp/hard\libgcc.a(_arm_fixdfsi.o)
                              ./rt-thread/packages/cJSON-v1.0.2/cJSON.o (__aeabi_d2iz)
d:/program files (x86)/gnu tools arm embedded/7 2018q2/bin/../lib/gcc/arm-none-eabi/7.3.1/thumb/v7e-m/fpv4-sp/hard\libgcc.a(_aeabi_uldivmod.o)
                              ./driver/drv_pwm.o (__aeabi_uldivmod)
d:/program files (x86)/gnu tools arm embedded/7 2018q2/bin/../lib/gcc/arm-none-eabi/7.3.1/thumb/v7e-m/fpv4-sp/hard\libgcc.a(_udivmoddi4.o)
                              d:/program files (x86)/gnu tools arm embedded/7 2018q2/bin/../lib/gcc/arm-none-eabi/7.3.1/thumb/v7e-m/fpv4-sp/hard\libgcc.a(_aeabi_uldivmod.o) (__udivmoddi4)
d:/program files (x86)/gnu tools arm embedded/7 2018q2/bin/../lib/gcc/arm-none-eabi/7.3.1/thumb/v7e-m/fpv4-sp/hard\libgcc.a(_dvmd_tls.o)
                              d:/program files (x86)/gnu tools arm embedded/7 2018q2/bin/../lib/gcc/arm-none-eabi/7.3.1/thumb/v7e-m/fpv4-sp/hard\libgcc.a(_aeabi_uldivmod.o) (__aeabi_ldiv0)
d:/program files (x86)/gnu tools arm embedded/7 2018q2/bin/../lib/gcc/arm-none-eabi/7.3.1/../../../../arm-none-eabi/lib/thumb/v7e-m/fpv4-sp/hard\libg_nano.a(lib_a-atoi.o)
                              ./rt-thread/components/finsh/finsh_token.o (atoi)
d:/program files (x86)/gnu tools arm embedded/7 2018q2/bin/../lib/gcc/arm-none-eabi/7.3.1/../../../../arm-none-eabi/lib/thumb/v7e-m/fpv4-sp/hard\libg_nano.a(lib_a-atol.o)
                              ./rt-thread/components/drivers/spi/spi_flash_sfud.o (atol)
d:/program files (x86)/gnu tools arm embedded/7 2018q2/bin/../lib/gcc/arm-none-eabi/7.3.1/../../../../arm-none-eabi/lib/thumb/v7e-m/fpv4-sp/hard\libg_nano.a(lib_a-exit.o)
                              d:/program files (x86)/gnu tools arm embedded/7 2018q2/bin/../lib/gcc/arm-none-eabi/7.3.1/../../../../arm-none-eabi/lib/thumb/v7e-m/fpv4-sp/hard/crt0.o (exit)
d:/program files (x86)/gnu tools arm embedded/7 2018q2/bin/../lib/gcc/arm-none-eabi/7.3.1/../../../../arm-none-eabi/lib/thumb/v7e-m/fpv4-sp/hard\libg_nano.a(lib_a-fclose.o)
                              ./rt-thread/components/libc/compilers/newlib/stdio.o (fclose)
d:/program files (x86)/gnu tools arm embedded/7 2018q2/bin/../lib/gcc/arm-none-eabi/7.3.1/../../../../arm-none-eabi/lib/thumb/v7e-m/fpv4-sp/hard\libg_nano.a(lib_a-fflush.o)
                              d:/program files (x86)/gnu tools arm embedded/7 2018q2/bin/../lib/gcc/arm-none-eabi/7.3.1/../../../../arm-none-eabi/lib/thumb/v7e-m/fpv4-sp/hard\libg_nano.a(lib_a-fclose.o) (__sflush_r)
d:/program files (x86)/gnu tools arm embedded/7 2018q2/bin/../lib/gcc/arm-none-eabi/7.3.1/../../../../arm-none-eabi/lib/thumb/v7e-m/fpv4-sp/hard\libg_nano.a(lib_a-fileno.o)
                              ./rt-thread/components/libc/compilers/newlib/stdio.o (fileno)
d:/program files (x86)/gnu tools arm embedded/7 2018q2/bin/../lib/gcc/arm-none-eabi/7.3.1/../../../../arm-none-eabi/lib/thumb/v7e-m/fpv4-sp/hard\libg_nano.a(lib_a-findfp.o)
                              d:/program files (x86)/gnu tools arm embedded/7 2018q2/bin/../lib/gcc/arm-none-eabi/7.3.1/../../../../arm-none-eabi/lib/thumb/v7e-m/fpv4-sp/hard\libg_nano.a(lib_a-fclose.o) (__sinit)
d:/program files (x86)/gnu tools arm embedded/7 2018q2/bin/../lib/gcc/arm-none-eabi/7.3.1/../../../../arm-none-eabi/lib/thumb/v7e-m/fpv4-sp/hard\libg_nano.a(lib_a-fopen.o)
                              ./rt-thread/components/libc/compilers/newlib/stdio.o (fopen)
d:/program files (x86)/gnu tools arm embedded/7 2018q2/bin/../lib/gcc/arm-none-eabi/7.3.1/../../../../arm-none-eabi/lib/thumb/v7e-m/fpv4-sp/hard\libg_nano.a(lib_a-fseek.o)
                              d:/program files (x86)/gnu tools arm embedded/7 2018q2/bin/../lib/gcc/arm-none-eabi/7.3.1/../../../../arm-none-eabi/lib/thumb/v7e-m/fpv4-sp/hard\libg_nano.a(lib_a-fopen.o) (_fseek_r)
d:/program files (x86)/gnu tools arm embedded/7 2018q2/bin/../lib/gcc/arm-none-eabi/7.3.1/../../../../arm-none-eabi/lib/thumb/v7e-m/fpv4-sp/hard\libg_nano.a(lib_a-fseeko.o)
[...]
Memory Configuration

Name             Origin             Length             Attributes
FLASH            0x08000000         0x00080000         xr
RAM              0x20000000         0x00020000         xrw
CCMRAM           0x10000000         0x00010000         rw
*default*        0x00000000         0xffffffff

Linker script and memory map

LOAD d:/program files (x86)/gnu tools arm embedded/7 2018q2/bin/../lib/gcc/arm-none-eabi/7.3.1/thumb/v7e-m/fpv4-sp/hard/crti.o
LOAD d:/program files (x86)/gnu tools arm embedded/7 2018q2/bin/../lib/gcc/arm-none-eabi/7.3.1/thumb/v7e-m/fpv4-sp/hard/crtbegin.o
LOAD d:/program files (x86)/gnu tools arm embedded/7 2018q2/bin/../lib/gcc/arm-none-eabi/7.3.1/../../../../arm-none-eabi/lib/thumb/v7e-m/fpv4-sp/hard/crt0.o
LOAD ./rt-thread/src/clock.o
LOAD ./rt-thread/src/components.o
LOAD ./rt-thread/src/device.o
LOAD ./rt-thread/src/idle.o
LOAD ./rt-thread/src/ipc.o
LOAD ./rt-thread/src/irq.o
LOAD ./rt-thread/src/kservice.o
LOAD ./rt-thread/src/mem.o
LOAD ./rt-thread/src/memheap.o
LOAD ./rt-thread/src/mempool.o
LOAD ./rt-thread/src/module.o
LOAD ./rt-thread/src/object.o
LOAD ./rt-thread/src/scheduler.o
LOAD ./rt-thread/src/signal.o
LOAD ./rt-thread/src/slab.o
LOAD ./rt-thread/src/thread.o
LOAD ./rt-thread/src/timer.o
LOAD ./rt-thread/packages/cJSON-v1.0.2/cJSON.o
LOAD ./rt-thread/packages/cJSON-v1.0.2/cJSON_port.o
LOAD ./rt-thread/packages/cJSON-v1.0.2/cJSON_util.o
LOAD ./rt-thread/libcpu/arm/cortex-m4/context_gcc.o
LOAD ./rt-thread/libcpu/arm/cortex-m4/cpuport.o
LOAD ./rt-thread/libcpu/arm/common/backtrace.o
LOAD ./rt-thread/libcpu/arm/common/div0.o
LOAD ./rt-thread/libcpu/arm/common/showmem.o
LOAD ./rt-thread/components/libc/compilers/newlib/libc.o
LOAD ./rt-thread/components/libc/compilers/newlib/libc_syms.o
LOAD ./rt-thread/components/libc/compilers/newlib/stdio.o
LOAD ./rt-thread/components/libc/compilers/newlib/syscalls.o
LOAD ./rt-thread/components/libc/compilers/newlib/time.o
LOAD ./rt-thread/components/finsh/cmd.o
LOAD ./rt-thread/components/finsh/finsh_compiler.o
LOAD ./rt-thread/components/finsh/finsh_error.o
LOAD ./rt-thread/components/finsh/finsh_heap.o
LOAD ./rt-thread/components/finsh/finsh_init.o
LOAD ./rt-thread/components/finsh/finsh_node.o
LOAD ./rt-thread/components/finsh/finsh_ops.o
LOAD ./rt-thread/components/finsh/finsh_parser.o
LOAD ./rt-thread/components/finsh/finsh_token.o
LOAD ./rt-thread/components/finsh/finsh_var.o
LOAD ./rt-thread/components/finsh/finsh_vm.o
LOAD ./rt-thread/components/finsh/msh.o
LOAD ./rt-thread/components/finsh/msh_cmd.o
LOAD ./rt-thread/components/finsh/msh_file.o
LOAD ./rt-thread/components/finsh/shell.o
LOAD ./rt-thread/components/finsh/symbol.o
LOAD ./rt-thread/components/drivers/usb/usbdevice/core/core.o
LOAD ./rt-thread/components/drivers/usb/usbdevice/core/usbdevice.o
LOAD ./rt-thread/components/drivers/usb/usbdevice/class/hid.o
LOAD ./rt-thread/components/drivers/src/completion.o
LOAD ./rt-thread/components/drivers/src/dataqueue.o
LOAD ./rt-thread/components/drivers/src/pipe.o
LOAD ./rt-thread/components/drivers/src/ringbuffer.o
LOAD ./rt-thread/components/drivers/src/waitqueue.o
LOAD ./rt-thread/components/drivers/src/workqueue.o
LOAD ./rt-thread/components/drivers/spi/sfud/src/sfud.o
LOAD ./rt-thread/components/drivers/spi/sfud/src/sfud_sfdp.o
LOAD ./rt-thread/components/drivers/spi/spi_core.o
LOAD ./rt-thread/components/drivers/spi/spi_dev.o
LOAD ./rt-thread/components/drivers/spi/spi_flash_sfud.o
LOAD ./rt-thread/components/drivers/serial/serial.o
LOAD ./rt-thread/components/drivers/misc/pin.o
LOAD ./rt-thread/components/drivers/misc/rt_drv_pwm.o
LOAD ./rt-thread/components/drivers/i2c/fm24clxx.o
LOAD ./rt-thread/components/drivers/i2c/i2c-bit-ops.o
LOAD ./rt-thread/components/drivers/i2c/i2c_core.o
LOAD ./rt-thread/components/drivers/i2c/i2c_dev.o
LOAD ./driver/board.o
LOAD ./driver/bsp_G780.o
LOAD ./driver/bsp_RMD8.o
LOAD ./driver/bsp_StepMotor.o
LOAD ./driver/bsp_ds18b20.o
LOAD ./driver/bsp_rfid.o
LOAD ./driver/bsp_timer.o
LOAD ./driver/drv_ad1110.o
LOAD ./driver/drv_gpio.o
LOAD ./driver/drv_i2c.o
LOAD ./driver/drv_pwm.o
LOAD ./driver/drv_spi.o
LOAD ./driver/drv_spiflash.o
LOAD ./driver/drv_usart.o
LOAD ./driver/drv_usbd.o
LOAD ./driver/stm32f4xx_it.o
LOAD ./driver/w25qxx.o
LOAD ./at/src/at_cli.o
LOAD ./at/src/at_client.o
LOAD ./at/src/at_utils.o
LOAD ./applications/AnalogToDigital.o
LOAD ./applications/Heat_PID.o
LOAD ./applications/RunLED.o
LOAD ./applications/SaveData.o
LOAD ./applications/ServerData.o
LOAD ./applications/Uart_Screen.o
LOAD ./applications/WorkTask.o
LOAD ./applications/main.o
LOAD ./TMC5130/TMC5130.o
LOAD ./TMC5130/bsp_tmc5130.o
LOAD ./Libraries/STM32F4xx_HAL_Driver/Src/stm32f4xx_hal.o
LOAD ./Libraries/STM32F4xx_HAL_Driver/Src/stm32f4xx_hal_cortex.o
LOAD ./Libraries/STM32F4xx_HAL_Driver/Src/stm32f4xx_hal_dma.o
LOAD ./Libraries/STM32F4xx_HAL_Driver/Src/stm32f4xx_hal_dma2d.o
LOAD ./Libraries/STM32F4xx_HAL_Driver/Src/stm32f4xx_hal_dma_ex.o
LOAD ./Libraries/STM32F4xx_HAL_Driver/Src/stm32f4xx_hal_gpio.o
LOAD ./Libraries/STM32F4xx_HAL_Driver/Src/stm32f4xx_hal_pcd.o
LOAD ./Libraries/STM32F4xx_HAL_Driver/Src/stm32f4xx_hal_pcd_ex.o
LOAD ./Libraries/STM32F4xx_HAL_Driver/Src/stm32f4xx_hal_pwr.o
LOAD ./Libraries/STM32F4xx_HAL_Driver/Src/stm32f4xx_hal_pwr_ex.o
LOAD ./Libraries/STM32F4xx_HAL_Driver/Src/stm32f4xx_hal_rcc.o
LOAD ./Libraries/STM32F4xx_HAL_Driver/Src/stm32f4xx_hal_rcc_ex.o
LOAD ./Libraries/STM32F4xx_HAL_Driver/Src/stm32f4xx_hal_spi.o
LOAD ./Libraries/STM32F4xx_HAL_Driver/Src/stm32f4xx_hal_tim.o
LOAD ./Libraries/STM32F4xx_HAL_Driver/Src/stm32f4xx_hal_tim_ex.o
LOAD ./Libraries/STM32F4xx_HAL_Driver/Src/stm32f4xx_hal_uart.o
LOAD ./Libraries/STM32F4xx_HAL_Driver/Src/stm32f4xx_hal_usart.o
LOAD ./Libraries/STM32F4xx_HAL_Driver/Src/stm32f4xx_ll_usb.o
LOAD ./Libraries/CMSIS/Device/ST/STM32F4xx/Source/Templates/gcc/startup_stm32f407xx.o
LOAD ./Libraries/CMSIS/Device/ST/STM32F4xx/Source/Templates/system_stm32f4xx.o
START GROUP
LOAD d:/program files (x86)/gnu tools arm embedded/7 2018q2/bin/../lib/gcc/arm-none-eabi/7.3.1/thumb/v7e-m/fpv4-sp/hard\libgcc.a
LOAD d:/program files (x86)/gnu tools arm embedded/7 2018q2/bin/../lib/gcc/arm-none-eabi/7.3.1/../../../../arm-none-eabi/lib/thumb/v7e-m/fpv4-sp/hard\libg_nano.a
LOAD d:/program files (x86)/gnu tools arm embedded/7 2018q2/bin/../lib/gcc/arm-none-eabi/7.3.1/../../../../arm-none-eabi/lib/thumb/v7e-m/fpv4-sp/hard\libc_nano.a
END GROUP
START GROUP
LOAD d:/program files (x86)/gnu tools arm embedded/7 2018q2/bin/../lib/gcc/arm-none-eabi/7.3.1/thumb/v7e-m/fpv4-sp/hard\libgcc.a
LOAD d:/program files (x86)/gnu tools arm embedded/7 2018q2/bin/../lib/gcc/arm-none-eabi/7.3.1/../../../../arm-none-eabi/lib/thumb/v7e-m/fpv4-sp/hard\libc_nano.a
END GROUP
LOAD d:/program files (x86)/gnu tools arm embedded/7 2018q2/bin/../lib/gcc/arm-none-eabi/7.3.1/thumb/v7e-m/fpv4-sp/hard/crtend.o
LOAD d:/program files (x86)/gnu tools arm embedded/7 2018q2/bin/../lib/gcc/arm-none-eabi/7.3.1/thumb/v7e-m/fpv4-sp/hard/crtn.o
                0x2001ffff                _estack = 0x2001ffff
                0x00000200                _Min_Heap_Size = 0x200
                0x00000400                _Min_Stack_Size = 0x400

.isr_vector     0x08000000      0x188
                0x08000000                . = ALIGN (0x4)
 *(.isr_vector)
 .isr_vector    0x08000000      0x188 ./Libraries/CMSIS/Device/ST/STM32F4xx/Source/Templates/gcc/startup_stm32f407xx.o
                0x08000000                g_pfnVectors
                0x08000188                . = ALIGN (0x4)

.text           0x08000190    0x1eab8
                0x08000190                _stext = .
                0x08000190                . = ALIGN (0x4)
 *(.text)
 .text          0x08000190       0x40 d:/program files (x86)/gnu tools arm embedded/7 2018q2/bin/../lib/gcc/arm-none-eabi/7.3.1/thumb/v7e-m/fpv4-sp/hard/crtbegin.o
 .text          0x080001d0      0x114 ./rt-thread/libcpu/arm/cortex-m4/context_gcc.o
                0x080001d0                rt_hw_interrupt_disable
                0x080001d8                rt_hw_interrupt_enable
                0x080001de                rt_hw_context_switch_interrupt
                0x080001de                rt_hw_context_switch
                0x080001fe                PendSV_Handler
                0x0800026a                rt_hw_context_switch_to
                0x080002b2                rt_hw_interrupt_thread_switch
                0x080002b6                HardFault_Handler
 .text          0x080002e4      0x378 d:/program files (x86)/gnu tools arm embedded/7 2018q2/bin/../lib/gcc/arm-none-eabi/7.3.1/thumb/v7e-m/fpv4-sp/hard\libgcc.a(_arm_addsubdf3.o)
                0x080002e4                __aeabi_drsub
                0x080002ec                __aeabi_dsub
                0x080002ec                __subdf3
                0x080002f0                __aeabi_dadd
                0x080002f0                __adddf3
                0x08000568                __floatunsidf
                0x08000568                __aeabi_ui2d
                0x08000588                __floatsidf
                0x08000588                __aeabi_i2d
                0x080005ac                __aeabi_f2d
                0x080005ac                __extendsfdf2
                0x080005f0                __floatundidf
                0x080005f0                __aeabi_ul2d
                0x08000600                __floatdidf
                0x08000600                __aeabi_l2d
 .text          0x0800065c      0x424 d:/program files (x86)/gnu tools arm embedded/7 2018q2/bin/../lib/gcc/arm-none-eabi/7.3.1/thumb/v7e-m/fpv4-sp/hard\libgcc.a(_arm_muldivdf3.o)
                0x0800065c                __aeabi_dmul
                0x0800065c                __muldf3
                0x080008b0                __divdf3
                0x080008b0                __aeabi_ddiv
 .text          0x08000a80      0x110 d:/program files (x86)/gnu tools arm embedded/7 2018q2/bin/../lib/gcc/arm-none-eabi/7.3.1/thumb/v7e-m/fpv4-sp/hard\libgcc.a(_arm_cmpdf2.o)
                0x08000a80                __gtdf2
                0x08000a80                __gedf2
                0x08000a88                __ltdf2
                0x08000a88                __ledf2
                0x08000a90                __nedf2
                0x08000a90                __eqdf2
                0x08000a90                __cmpdf2
                0x08000b0c                __aeabi_cdrcmple
                0x08000b1c                __aeabi_cdcmpeq
                0x08000b1c                __aeabi_cdcmple
                0x08000b2c                __aeabi_dcmpeq
                0x08000b40                __aeabi_dcmplt
                0x08000b54                __aeabi_dcmple
                0x08000b68                __aeabi_dcmpge
                0x08000b7c                __aeabi_dcmpgt
 .text          0x08000b90       0x50 d:/program files (x86)/gnu tools arm embedded/7 2018q2/bin/../lib/gcc/arm-none-eabi/7.3.1/thumb/v7e-m/fpv4-sp/hard\libgcc.a(_arm_fixdfsi.o)
                0x08000b90                __aeabi_d2iz
                0x08000b90                __fixdfsi
 .text          0x08000be0       0x30 d:/program files (x86)/gnu tools arm embedded/7 2018q2/bin/../lib/gcc/arm-none-eabi/7.3.1/thumb/v7e-m/fpv4-sp/hard\libgcc.a(_aeabi_uldivmod.o)
                0x08000be0                __aeabi_uldivmod
 .text          0x08000c10      0x2cc d:/program files (x86)/gnu tools arm embedded/7 2018q2/bin/../lib/gcc/arm-none-eabi/7.3.1/thumb/v7e-m/fpv4-sp/hard\libgcc.a(_udivmoddi4.o)
                0x08000c10                __udivmoddi4
 .text          0x08000edc        0x4 d:/program files (x86)/gnu tools arm embedded/7 2018q2/bin/../lib/gcc/arm-none-eabi/7.3.1/thumb/v7e-m/fpv4-sp/hard\libgcc.a(_dvmd_tls.o)
                0x08000edc                __aeabi_idiv0
                0x08000edc                __aeabi_ldiv0
 .text          0x08000ee0       0x14 d:/program files (x86)/gnu tools arm embedded/7 2018q2/bin/../lib/gcc/arm-none-eabi/7.3.1/../../../../arm-none-eabi/lib/thumb/v7e-m/fpv4-sp/hard\libg_nano.a(lib_a-strcmp.o)
                0x08000ee0                strcmp
 .text          0x08000ef4       0x10 d:/program files (x86)/gnu tools arm embedded/7 2018q2/bin/../lib/gcc/arm-none-eabi/7.3.1/../../../../arm-none-eabi/lib/thumb/v7e-m/fpv4-sp/hard\libg_nano.a(lib_a-strlen.o)
                0x08000ef4                strlen
 *fill*         0x08000f04        0xc 
 .text          0x08000f10       0xa0 d:/program files (x86)/gnu tools arm embedded/7 2018q2/bin/../lib/gcc/arm-none-eabi/7.3.1/../../../../arm-none-eabi/lib/thumb/v7e-m/fpv4-sp/hard\libg_nano.a(lib_a-memchr.o)
                0x08000f10                memchr
 .text          0x08000fb0       0x2c d:/program files (x86)/gnu tools arm embedded/7 2018q2/bin/../lib/gcc/arm-none-eabi/7.3.1/thumb/v7e-m/fpv4-sp/hard\libgcc.a(_arm_unorddf2.o)
                0x08000fb0                __unorddf2
                0x08000fb0                __aeabi_dcmpun
 *(.text*)
 .text.rt_tick_get
                0x08000fdc       0x18 ./rt-thread/src/clock.o
                0x08000fdc                rt_tick_get
 .text.rt_tick_increase
                0x08000ff4       0x44 ./rt-thread/src/clock.o
                0x08000ff4                rt_tick_increase
 .text.rt_tick_from_millisecond
                0x08001038       0x44 ./rt-thread/src/clock.o
                0x08001038                rt_tick_from_millisecond
 .text.rti_start
                0x0800107c       0x10 ./rt-thread/src/components.o
 .text.rti_board_start
                0x0800108c       0x10 ./rt-thread/src/components.o
 .text.rti_board_end
                0x0800109c       0x10 ./rt-thread/src/components.o
 .text.rti_end  0x080010ac       0x10 ./rt-thread/src/components.o
 .text.rt_components_board_init
                0x080010bc       0x30 ./rt-thread/src/components.o
                0x080010bc                rt_components_board_init
 .text.rt_components_init
                0x080010ec       0x30 ./rt-thread/src/components.o
                0x080010ec                rt_components_init
 .text.entry    0x0800111c       0x12 ./rt-thread/src/components.o
                0x0800111c                entry
 .text.main_thread_entry
                0x0800112e       0x18 ./rt-thread/src/components.o
                0x0800112e                main_thread_entry
 *fill*         0x08001146        0x2 
 .text.rt_application_init
                0x08001148       0x4c ./rt-thread/src/components.o
                0x08001148                rt_application_init
 .text.rtthread_startup
                0x08001194       0x2e ./rt-thread/src/components.o
                0x08001194                rtthread_startup
 .text.rt_device_register
                0x080011c2       0x54 ./rt-thread/src/device.o
                0x080011c2                rt_device_register
 *fill*         0x08001216        0x2 
 .text.rt_device_unregister
                0x08001218       0x34 ./rt-thread/src/device.o
                0x08001218                rt_device_unregister
 .text.rt_device_find
                0x0800124c       0x90 ./rt-thread/src/device.o
                0x0800124c                rt_device_find
 .text.rt_device_open
                0x080012dc      0x100 ./rt-thread/src/device.o
                0x080012dc                rt_device_open
 .text.rt_device_close
                0x080013dc       0x7c ./rt-thread/src/device.o
                0x080013dc                rt_device_close
 .text.rt_device_read
                0x08001458       0x68 ./rt-thread/src/device.o
                0x08001458                rt_device_read
 .text.rt_device_write
                0x080014c0       0x68 ./rt-thread/src/device.o
                0x080014c0                rt_device_write
 .text.rt_device_control
                0x08001528       0x4c ./rt-thread/src/device.o
                0x08001528                rt_device_control
 .text.rt_device_set_rx_indicate
                0x08001574       0x34 ./rt-thread/src/device.o
                0x08001574                rt_device_set_rx_indicate
 .text.rt_list_remove
                0x080015a8       0x36 ./rt-thread/src/idle.o
 *fill*         0x080015de        0x2 
 .text._has_defunct_thread
                0x080015e0       0x2c ./rt-thread/src/idle.o
 .text.rt_thread_idle_excute
                0x0800160c       0xc4 ./rt-thread/src/idle.o
                0x0800160c                rt_thread_idle_excute
 .text.rt_thread_idle_entry
                0x080016d0       0x20 ./rt-thread/src/idle.o
 .text.rt_thread_idle_init
                0x080016f0       0x40 ./rt-thread/src/idle.o
                0x080016f0                rt_thread_idle_init
 .text.rt_list_init
                0x08001730       0x22 ./rt-thread/src/ipc.o
 .text.rt_list_insert_before
                0x08001752       0x32 ./rt-thread/src/ipc.o
 .text.rt_list_isempty
                0x08001784       0x24 ./rt-thread/src/ipc.o
 .text.rt_ipc_object_init
                0x080017a8       0x1c ./rt-thread/src/ipc.o
 .text.rt_ipc_list_suspend
                0x080017c4       0x8e ./rt-thread/src/ipc.o
 .text.rt_ipc_list_resume
                0x08001852       0x20 ./rt-thread/src/ipc.o
 .text.rt_ipc_list_resume_all
                0x08001872       0x46 ./rt-thread/src/ipc.o
 .text.rt_sem_init
                0x080018b8       0x54 ./rt-thread/src/ipc.o
                0x080018b8                rt_sem_init
 .text.rt_sem_detach
                0x0800190c       0x3c ./rt-thread/src/ipc.o
                0x0800190c                rt_sem_detach
 .text.rt_sem_create
                0x08001948       0x78 ./rt-thread/src/ipc.o
                0x08001948                rt_sem_create
 .text.rt_sem_take
                0x080019c0      0x144 ./rt-thread/src/ipc.o
                0x080019c0                rt_sem_take
 .text.rt_sem_release
                0x08001b04       0x68 ./rt-thread/src/ipc.o
                0x08001b04                rt_sem_release
 .text.rt_sem_control
                0x08001b6c       0x68 ./rt-thread/src/ipc.o
                0x08001b6c                rt_sem_control
 .text.rt_mutex_init
                0x08001bd4       0x64 ./rt-thread/src/ipc.o
                0x08001bd4                rt_mutex_init
 .text.rt_mutex_detach
                0x08001c38       0x40 ./rt-thread/src/ipc.o
                0x08001c38                rt_mutex_detach
 .text.rt_mutex_create
                0x08001c78       0x88 ./rt-thread/src/ipc.o
                0x08001c78                rt_mutex_create
 .text.rt_mutex_take
                0x08001d00      0x1b4 ./rt-thread/src/ipc.o
                0x08001d00                rt_mutex_take
 .text.rt_mutex_release
                0x08001eb4      0x15c ./rt-thread/src/ipc.o
                0x08001eb4                rt_mutex_release
 .text.rt_event_init
                0x08002010       0x54 ./rt-thread/src/ipc.o
                0x08002010                rt_event_init
 .text.rt_event_create
                0x08002064       0x74 ./rt-thread/src/ipc.o
                0x08002064                rt_event_create
 .text.rt_event_delete
                0x080020d8       0x70 ./rt-thread/src/ipc.o
                0x080020d8                rt_event_delete
 .text.rt_event_send
                0x08002148      0x128 ./rt-thread/src/ipc.o
                0x08002148                rt_event_send
 .text.rt_event_recv
                0x08002270      0x1e0 ./rt-thread/src/ipc.o
                0x08002270                rt_event_recv
 .text.rt_mq_init
                0x08002450       0xc0 ./rt-thread/src/ipc.o
                0x08002450                rt_mq_init
 .text.rt_mq_send
                0x08002510      0x134 ./rt-thread/src/ipc.o
                0x08002510                rt_mq_send
 .text.rt_mq_recv
                0x08002644      0x230 ./rt-thread/src/ipc.o
                0x08002644                rt_mq_recv
 .text.rt_interrupt_enter
                0x08002874       0x40 ./rt-thread/src/irq.o
                0x08002874                rt_interrupt_enter
 .text.rt_interrupt_leave
                0x080028b4       0x40 ./rt-thread/src/irq.o
                0x080028b4                rt_interrupt_leave
 .text.rt_interrupt_get_nest
                0x080028f4       0x18 ./rt-thread/src/irq.o
                0x080028f4                rt_interrupt_get_nest
 .text.rt_set_errno
                0x0800290c       0x40 ./rt-thread/src/kservice.o
                0x0800290c                rt_set_errno
 .text.rt_memset
                0x0800294c       0xb6 ./rt-thread/src/kservice.o
                0x0800294c                rt_memset
 .text.rt_memcpy
                0x08002a02       0xd4 ./rt-thread/src/kservice.o
                0x08002a02                rt_memcpy
 .text.rt_memmove
                0x08002ad6       0x86 ./rt-thread/src/kservice.o
                0x08002ad6                rt_memmove
 .text.rt_strncpy
                0x08002b5c       0x68 ./rt-thread/src/kservice.o
                0x08002b5c                rt_strncpy
 .text.rt_strncmp
                0x08002bc4       0x54 ./rt-thread/src/kservice.o
                0x08002bc4                rt_strncmp
 .text.rt_strcmp
                0x08002c18       0x4e ./rt-thread/src/kservice.o
                0x08002c18                rt_strcmp
 .text.rt_strlen
                0x08002c66       0x30 ./rt-thread/src/kservice.o
                0x08002c66                rt_strlen
 *fill*         0x08002c96        0x2 
 .text.rt_show_version
                0x08002c98       0x44 ./rt-thread/src/kservice.o
                0x08002c98                rt_show_version
 .text.divide   0x08002cdc       0x68 ./rt-thread/src/kservice.o
 .text.skip_atoi
                0x08002d44       0x44 ./rt-thread/src/kservice.o
 .text.print_number
                0x08002d88      0x1d4 ./rt-thread/src/kservice.o
 .text.rt_vsnprintf
                0x08002f5c      0x56c ./rt-thread/src/kservice.o
                0x08002f5c                rt_vsnprintf
 .text.rt_vsprintf
                0x080034c8       0x24 ./rt-thread/src/kservice.o
                0x080034c8                rt_vsprintf
 .text.rt_sprintf
                0x080034ec       0x2c ./rt-thread/src/kservice.o
                0x080034ec                rt_sprintf
 .text.rt_console_get_device
                0x08003518       0x18 ./rt-thread/src/kservice.o
                0x08003518                rt_console_get_device
 .text.rt_console_set_device
                0x08003530       0x4c ./rt-thread/src/kservice.o
                0x08003530                rt_console_set_device
 .text.rt_hw_console_output
                0x0800357c       0x14 ./rt-thread/src/kservice.o
                0x0800357c                rt_hw_console_output
 .text.rt_kprintf
                0x08003590       0x84 ./rt-thread/src/kservice.o
                0x08003590                rt_kprintf
 .text.__rt_ffs
                0x08003614       0x70 ./rt-thread/src/kservice.o
                0x08003614                __rt_ffs
 .text.rt_assert_handler
                0x08003684       0x4c ./rt-thread/src/kservice.o
                0x08003684                rt_assert_handler
 .text.plug_holes
                0x080036d0      0x104 ./rt-thread/src/mem.o
 .text.rt_system_heap_init
                0x080037d4      0x118 ./rt-thread/src/mem.o
                0x080037d4                rt_system_heap_init
 .text.rt_malloc
                0x080038ec      0x290 ./rt-thread/src/mem.o
                0x080038ec                rt_malloc
 .text.rt_realloc
                0x08003b7c      0x198 ./rt-thread/src/mem.o
                0x08003b7c                rt_realloc
 .text.rt_calloc
                0x08003d14       0x74 ./rt-thread/src/mem.o
                0x08003d14                rt_calloc
 .text.rt_free  0x08003d88      0x188 ./rt-thread/src/mem.o
                0x08003d88                rt_free
 .text.list_mem
                0x08003f10       0x44 ./rt-thread/src/mem.o
                0x08003f10                list_mem
 .text.rt_list_insert_after
                0x08003f54       0x32 ./rt-thread/src/object.o
 .text.rt_list_remove
                0x08003f86       0x36 ./rt-thread/src/object.o
 .text.rt_object_get_information
                0x08003fbc       0x48 ./rt-thread/src/object.o
                0x08003fbc                rt_object_get_information
 .text.rt_object_init
                0x08004004       0x84 ./rt-thread/src/object.o
                0x08004004                rt_object_init
 .text.rt_object_detach
                0x08004088       0x54 ./rt-thread/src/object.o
                0x08004088                rt_object_detach
 .text.rt_object_allocate
                0x080040dc       0xcc ./rt-thread/src/object.o
                0x080040dc                rt_object_allocate
 .text.rt_object_delete
                0x080041a8       0x74 ./rt-thread/src/object.o
                0x080041a8                rt_object_delete
 .text.rt_object_is_systemobject
                0x0800421c       0x3c ./rt-thread/src/object.o
                0x0800421c                rt_object_is_systemobject
 .text.rt_list_init
                0x08004258       0x22 ./rt-thread/src/scheduler.o
 .text.rt_list_insert_before
                0x0800427a       0x32 ./rt-thread/src/scheduler.o
 .text.rt_list_remove
                0x080042ac       0x36 ./rt-thread/src/scheduler.o
 .text.rt_list_isempty
                0x080042e2       0x24 ./rt-thread/src/scheduler.o
 *fill*         0x08004306        0x2 
 .text._rt_scheduler_stack_check
                0x08004308       0x98 ./rt-thread/src/scheduler.o
 .text.rt_system_scheduler_init
                0x080043a0       0x54 ./rt-thread/src/scheduler.o
                0x080043a0                rt_system_scheduler_init
 .text.rt_system_scheduler_start
                0x080043f4       0x3c ./rt-thread/src/scheduler.o
                0x080043f4                rt_system_scheduler_start
 .text.rt_schedule
                0x08004430       0xd4 ./rt-thread/src/scheduler.o
                0x08004430                rt_schedule
 .text.rt_schedule_insert_thread
                0x08004504       0x80 ./rt-thread/src/scheduler.o
                0x08004504                rt_schedule_insert_thread
 .text.rt_schedule_remove_thread
                0x08004584       0x70 ./rt-thread/src/scheduler.o
                0x08004584                rt_schedule_remove_thread
 .text.rt_enter_critical
                0x080045f4       0x2c ./rt-thread/src/scheduler.o
                0x080045f4                rt_enter_critical
 .text.rt_exit_critical
                0x08004620       0x48 ./rt-thread/src/scheduler.o
                0x08004620                rt_exit_critical
 .text.rt_list_init
                0x08004668       0x22 ./rt-thread/src/thread.o
 .text.rt_list_insert_after
                0x0800468a       0x32 ./rt-thread/src/thread.o
 .text.rt_list_insert_before
                0x080046bc       0x32 ./rt-thread/src/thread.o
 .text.rt_list_remove
                0x080046ee       0x36 ./rt-thread/src/thread.o
 .text.rt_thread_exit
                0x08004724       0x6c ./rt-thread/src/thread.o
                0x08004724                rt_thread_exit
 .text._rt_thread_init
                0x08004790       0xf8 ./rt-thread/src/thread.o
 .text.rt_thread_init
                0x08004888       0x6c ./rt-thread/src/thread.o
                0x08004888                rt_thread_init
 .text.rt_thread_self
                0x080048f4       0x18 ./rt-thread/src/thread.o
                0x080048f4                rt_thread_self
 .text.rt_thread_startup
                0x0800490c       0x84 ./rt-thread/src/thread.o
                0x0800490c                rt_thread_startup
 .text.rt_thread_create
                0x08004990       0x62 ./rt-thread/src/thread.o
                0x08004990                rt_thread_create
 *fill*         0x080049f2        0x2 
 .text.rt_thread_delete
                0x080049f4       0x70 ./rt-thread/src/thread.o
                0x080049f4                rt_thread_delete
 .text.rt_thread_yield
                0x08004a64       0x74 ./rt-thread/src/thread.o
                0x08004a64                rt_thread_yield
 .text.rt_thread_sleep
                0x08004ad8       0x74 ./rt-thread/src/thread.o
                0x08004ad8                rt_thread_sleep
 .text.rt_thread_delay
                0x08004b4c       0x18 ./rt-thread/src/thread.o
                0x08004b4c                rt_thread_delay
 .text.rt_thread_control
                0x08004b64       0xb8 ./rt-thread/src/thread.o
                0x08004b64                rt_thread_control
 .text.rt_thread_suspend
                0x08004c1c       0x8c ./rt-thread/src/thread.o
                0x08004c1c                rt_thread_suspend
 .text.rt_thread_resume
                0x08004ca8       0x7c ./rt-thread/src/thread.o
                0x08004ca8                rt_thread_resume
 .text.rt_thread_timeout
                0x08004d24       0x68 ./rt-thread/src/thread.o
                0x08004d24                rt_thread_timeout
 .text.rt_list_init
                0x08004d8c       0x22 ./rt-thread/src/timer.o
 .text.rt_list_insert_after
                0x08004dae       0x32 ./rt-thread/src/timer.o
 .text.rt_list_remove
                0x08004de0       0x36 ./rt-thread/src/timer.o
 .text.rt_list_isempty
                0x08004e16       0x24 ./rt-thread/src/timer.o
 .text._rt_timer_init
                0x08004e3a       0x68 ./rt-thread/src/timer.o
 .text.rt_timer_list_next_timeout
                0x08004ea2       0x2e ./rt-thread/src/timer.o
 .text._rt_timer_remove
                0x08004ed0       0x34 ./rt-thread/src/timer.o
 .text.rt_timer_init
                0x08004f04       0x48 ./rt-thread/src/timer.o
                0x08004f04                rt_timer_init
 .text.rt_timer_detach
                0x08004f4c       0x44 ./rt-thread/src/timer.o
                0x08004f4c                rt_timer_detach
 .text.rt_timer_create
                0x08004f90       0x3e ./rt-thread/src/timer.o
                0x08004f90                rt_timer_create
 *fill*         0x08004fce        0x2 
 .text.rt_timer_delete
                0x08004fd0       0x44 ./rt-thread/src/timer.o
                0x08004fd0                rt_timer_delete
 .text.rt_timer_start
                0x08005014      0x21c ./rt-thread/src/timer.o
                0x08005014                rt_timer_start
 .text.rt_timer_stop
                0x08005230       0x74 ./rt-thread/src/timer.o
                0x08005230                rt_timer_stop
 .text.rt_timer_control
                0x080052a4       0x84 ./rt-thread/src/timer.o
                0x080052a4                rt_timer_control
 .text.rt_timer_check
                0x08005328       0xb8 ./rt-thread/src/timer.o
                0x08005328                rt_timer_check
 .text.rt_soft_timer_check
                0x080053e0       0xc4 ./rt-thread/src/timer.o
                0x080053e0                rt_soft_timer_check
 .text.rt_thread_timer_entry
                0x080054a4       0x58 ./rt-thread/src/timer.o
 .text.rt_system_timer_init
                0x080054fc       0x34 ./rt-thread/src/timer.o
                0x080054fc                rt_system_timer_init
 .text.rt_system_timer_thread_init
                0x08005530       0x68 ./rt-thread/src/timer.o
                0x08005530                rt_system_timer_thread_init
 .text.cJSON_GetErrorPtr
                0x08005598       0x18 ./rt-thread/packages/cJSON-v1.0.2/cJSON.o
                0x08005598                cJSON_GetErrorPtr
 .text.cJSON_strcasecmp
                0x080055b0      0x102 ./rt-thread/packages/cJSON-v1.0.2/cJSON.o
 *fill*         0x080056b2        0x2 
 .text.cJSON_strdup
                0x080056b4       0x40 ./rt-thread/packages/cJSON-v1.0.2/cJSON.o
 .text.cJSON_InitHooks
                0x080056f4       0x60 ./rt-thread/packages/cJSON-v1.0.2/cJSON.o
                0x080056f4                cJSON_InitHooks
 .text.cJSON_New_Item
                0x08005754       0x30 ./rt-thread/packages/cJSON-v1.0.2/cJSON.o
 .text.cJSON_Delete
                0x08005784       0x8c ./rt-thread/packages/cJSON-v1.0.2/cJSON.o
                0x08005784                cJSON_Delete
 .text.parse_number
                0x08005810      0x25c ./rt-thread/packages/cJSON-v1.0.2/cJSON.o
 .text.pow2gt   0x08005a6c       0x50 ./rt-thread/packages/cJSON-v1.0.2/cJSON.o
 .text.ensure   0x08005abc       0xbc ./rt-thread/packages/cJSON-v1.0.2/cJSON.o
 .text.update   0x08005b78       0x3e ./rt-thread/packages/cJSON-v1.0.2/cJSON.o
 *fill*         0x08005bb6        0x2 
 .text.print_number
                0x08005bb8      0x210 ./rt-thread/packages/cJSON-v1.0.2/cJSON.o
 .text.parse_hex4
                0x08005dc8      0x216 ./rt-thread/packages/cJSON-v1.0.2/cJSON.o
 *fill*         0x08005fde        0x2 
 .text.parse_string
                0x08005fe0      0x320 ./rt-thread/packages/cJSON-v1.0.2/cJSON.o
 .text.print_string_ptr
                0x08006300      0x2a0 ./rt-thread/packages/cJSON-v1.0.2/cJSON.o
 .text.print_string
                0x080065a0       0x20 ./rt-thread/packages/cJSON-v1.0.2/cJSON.o
 .text.skip     0x080065c0       0x3a ./rt-thread/packages/cJSON-v1.0.2/cJSON.o
 *fill*         0x080065fa        0x2 
 .text.cJSON_ParseWithOpts
                0x080065fc       0x8c ./rt-thread/packages/cJSON-v1.0.2/cJSON.o
                0x080065fc                cJSON_ParseWithOpts
 .text.cJSON_Parse
                0x08006688       0x1c ./rt-thread/packages/cJSON-v1.0.2/cJSON.o
                0x08006688                cJSON_Parse
 .text.cJSON_PrintUnformatted
                0x080066a4       0x1e ./rt-thread/packages/cJSON-v1.0.2/cJSON.o
                0x080066a4                cJSON_PrintUnformatted
 *fill*         0x080066c2        0x2 
 .text.parse_value
                0x080066c4       0xfc ./rt-thread/packages/cJSON-v1.0.2/cJSON.o
 .text.print_value
                0x080067c0      0x18c ./rt-thread/packages/cJSON-v1.0.2/cJSON.o
 .text.parse_array
                0x0800694c       0xf4 ./rt-thread/packages/cJSON-v1.0.2/cJSON.o
 .text.print_array
                0x08006a40      0x31c ./rt-thread/packages/cJSON-v1.0.2/cJSON.o
 .text.parse_object
                0x08006d5c      0x188 ./rt-thread/packages/cJSON-v1.0.2/cJSON.o
 .text.print_object
                0x08006ee4      0x5ec ./rt-thread/packages/cJSON-v1.0.2/cJSON.o
 .text.cJSON_GetObjectItem
                0x080074d0       0x3a ./rt-thread/packages/cJSON-v1.0.2/cJSON.o
                0x080074d0                cJSON_GetObjectItem
 .text.suffix_object
                0x0800750a       0x22 ./rt-thread/packages/cJSON-v1.0.2/cJSON.o
 .text.cJSON_AddItemToArray
                0x0800752c       0x4a ./rt-thread/packages/cJSON-v1.0.2/cJSON.o
                0x0800752c                cJSON_AddItemToArray
 *fill*         0x08007576        0x2 
 .text.cJSON_AddItemToObject
                0x08007578       0x48 ./rt-thread/packages/cJSON-v1.0.2/cJSON.o
                0x08007578                cJSON_AddItemToObject
 .text.cJSON_CreateString
                0x080075c0       0x30 ./rt-thread/packages/cJSON-v1.0.2/cJSON.o
                0x080075c0                cJSON_CreateString
 .text.cJSON_CreateObject
                0x080075f0       0x22 ./rt-thread/packages/cJSON-v1.0.2/cJSON.o
                0x080075f0                cJSON_CreateObject
 *fill*         0x08007612        0x2 
 .text.cJSON_hook_init
                0x08007614       0x28 ./rt-thread/packages/cJSON-v1.0.2/cJSON_port.o
                0x08007614                cJSON_hook_init
 .text.cJSON_item_get_string
                0x0800763c       0x4e ./rt-thread/packages/cJSON-v1.0.2/cJSON_util.o
                0x0800763c                cJSON_item_get_string
 *fill*         0x0800768a        0x2 
 .text.rt_hw_stack_init
                0x0800768c       0x90 ./rt-thread/libcpu/arm/cortex-m4/cpuport.o
                0x0800768c                rt_hw_stack_init
 .text.rt_hw_hard_fault_exception
                0x0800771c       0xc4 ./rt-thread/libcpu/arm/cortex-m4/cpuport.o
                0x0800771c                rt_hw_hard_fault_exception
 .text.libc_system_init
                0x080077e0       0x20 ./rt-thread/components/libc/compilers/newlib/libc.o
                0x080077e0                libc_system_init
 .text._malloc_r
                0x08007800       0x28 ./rt-thread/components/libc/compilers/newlib/syscalls.o
                0x08007800                _malloc_r
 .text._realloc_r
                0x08007828       0x2c ./rt-thread/components/libc/compilers/newlib/syscalls.o
                0x08007828                _realloc_r
 .text._free_r  0x08007854       0x18 ./rt-thread/components/libc/compilers/newlib/syscalls.o
                0x08007854                _free_r
 .text.__libc_init_array
                0x0800786c        0xe ./rt-thread/components/libc/compilers/newlib/syscalls.o
                0x0800786c                __libc_init_array
 .text.rt_list_isempty
                0x0800787a       0x24 ./rt-thread/components/finsh/cmd.o
 .text.rt_list_len
                0x0800789e       0x36 ./rt-thread/components/finsh/cmd.o
 .text.hello    0x080078d4       0x14 ./rt-thread/components/finsh/cmd.o
                0x080078d4                hello
 .text.version  0x080078e8        0xe ./rt-thread/components/finsh/cmd.o
                0x080078e8                version
 .text.object_name_maxlen
                0x080078f6       0x6e ./rt-thread/components/finsh/cmd.o
 .text.object_split
                0x08007964       0x28 ./rt-thread/components/finsh/cmd.o
 .text._list_thread
                0x0800798c      0x130 ./rt-thread/components/finsh/cmd.o
 .text.list_thread
                0x08007abc       0x22 ./rt-thread/components/finsh/cmd.o
                0x08007abc                list_thread
 *fill*         0x08007ade        0x2 
 .text.show_wait_queue
                0x08007ae0       0x50 ./rt-thread/components/finsh/cmd.o
 .text._list_sem
                0x08007b30       0xd4 ./rt-thread/components/finsh/cmd.o
 .text.list_sem
                0x08007c04       0x22 ./rt-thread/components/finsh/cmd.o
                0x08007c04                list_sem
 *fill*         0x08007c26        0x2 
 .text._list_event
                0x08007c28       0xc4 ./rt-thread/components/finsh/cmd.o
 .text.list_event
                0x08007cec       0x22 ./rt-thread/components/finsh/cmd.o
                0x08007cec                list_event
 *fill*         0x08007d0e        0x2 
 .text._list_mutex
                0x08007d10       0x94 ./rt-thread/components/finsh/cmd.o
 .text.list_mutex
                0x08007da4       0x22 ./rt-thread/components/finsh/cmd.o
                0x08007da4                list_mutex
 *fill*         0x08007dc6        0x2 
 .text._list_mailbox
                0x08007dc8       0xe4 ./rt-thread/components/finsh/cmd.o
 .text.list_mailbox
                0x08007eac       0x22 ./rt-thread/components/finsh/cmd.o
                0x08007eac                list_mailbox
 *fill*         0x08007ece        0x2 
 .text._list_msgqueue
                0x08007ed0       0xd4 ./rt-thread/components/finsh/cmd.o
 .text.list_msgqueue
                0x08007fa4       0x22 ./rt-thread/components/finsh/cmd.o
                0x08007fa4                list_msgqueue
 *fill*         0x08007fc6        0x2 
 .text._list_memheap
                0x08007fc8       0x84 ./rt-thread/components/finsh/cmd.o
 .text.list_memheap
                0x0800804c       0x22 ./rt-thread/components/finsh/cmd.o
                0x0800804c                list_memheap
 *fill*         0x0800806e        0x2 
 .text._list_mempool
                0x08008070       0xd0 ./rt-thread/components/finsh/cmd.o
 .text.list_mempool
                0x08008140       0x22 ./rt-thread/components/finsh/cmd.o
                0x08008140                list_mempool
 *fill*         0x08008162        0x2 
 .text._list_timer
                0x08008164       0xb0 ./rt-thread/components/finsh/cmd.o
 .text.list_timer
                0x08008214       0x22 ./rt-thread/components/finsh/cmd.o
                0x08008214                list_timer
 *fill*         0x08008236        0x2 
 .text._list_device
                0x08008238       0xa8 ./rt-thread/components/finsh/cmd.o
 .text.list_device
                0x080082e0       0x22 ./rt-thread/components/finsh/cmd.o
                0x080082e0                list_device
 *fill*         0x08008302        0x2 
 .text.list     0x08008304       0x6c ./rt-thread/components/finsh/cmd.o
                0x08008304                list
 .text.msh_is_used
                0x08008370       0x10 ./rt-thread/components/finsh/msh.o
                0x08008370                msh_is_used
 .text.msh_help
                0x08008380       0x7c ./rt-thread/components/finsh/msh.o
                0x08008380                msh_help
 .text.msh_split
                0x080083fc      0x180 ./rt-thread/components/finsh/msh.o
 .text.msh_get_cmd
                0x0800857c       0x84 ./rt-thread/components/finsh/msh.o
 .text._msh_exec_cmd
                0x08008600       0xd8 ./rt-thread/components/finsh/msh.o
 .text.msh_exec
                0x080086d8       0x8c ./rt-thread/components/finsh/msh.o
                0x080086d8                msh_exec
 .text.str_common
                0x08008764       0x52 ./rt-thread/components/finsh/msh.o
 *fill*         0x080087b6        0x2 
 .text.msh_auto_complete
                0x080087b8       0xd4 ./rt-thread/components/finsh/msh.o
                0x080087b8                msh_auto_complete
 .text.cmd_ps   0x0800888c       0x18 ./rt-thread/components/finsh/msh_cmd.o
                0x0800888c                cmd_ps
 .text.cmd_time
                0x080088a4       0x18 ./rt-thread/components/finsh/msh_cmd.o
                0x080088a4                cmd_time
 .text.cmd_free
                0x080088bc       0x18 ./rt-thread/components/finsh/msh_cmd.o
                0x080088bc                cmd_free
 .text.finsh_get_prompt
                0x080088d4       0x60 ./rt-thread/components/finsh/shell.o
                0x080088d4                finsh_get_prompt
 .text.finsh_getchar
                0x08008934       0x5c ./rt-thread/components/finsh/shell.o
 .text.finsh_rx_ind
                0x08008990       0x3c ./rt-thread/components/finsh/shell.o
 .text.finsh_set_device
                0x080089cc       0xd8 ./rt-thread/components/finsh/shell.o
                0x080089cc                finsh_set_device
 .text.shell_auto_complete
                0x08008aa4       0x40 ./rt-thread/components/finsh/shell.o
 .text.shell_handle_history
                0x08008ae4       0x34 ./rt-thread/components/finsh/shell.o
 .text.shell_push_history
                0x08008b18      0x15e ./rt-thread/components/finsh/shell.o
 *fill*         0x08008c76        0x2 
 .text.finsh_thread_entry
                0x08008c78      0x5d4 ./rt-thread/components/finsh/shell.o
                0x08008c78                finsh_thread_entry
 .text.finsh_system_function_init
                0x0800924c       0x2c ./rt-thread/components/finsh/shell.o
                0x0800924c                finsh_system_function_init
 .text.finsh_system_var_init
                0x08009278       0x2c ./rt-thread/components/finsh/shell.o
                0x08009278                finsh_system_var_init
 .text.finsh_system_init
                0x080092a4       0xa8 ./rt-thread/components/finsh/shell.o
                0x080092a4                finsh_system_init
 .text.rt_list_init
                0x0800934c       0x22 ./rt-thread/components/drivers/usb/usbdevice/core/core.o
 .text.rt_list_insert_before
                0x0800936e       0x32 ./rt-thread/components/drivers/usb/usbdevice/core/core.o
 .text.dcd_ep_read_prepare
                0x080093a0       0x68 ./rt-thread/components/drivers/usb/usbdevice/core/core.o
 .text.dcd_ep_read
                0x08009408       0x68 ./rt-thread/components/drivers/usb/usbdevice/core/core.o
 .text.dcd_ep_write
                0x08009470       0x74 ./rt-thread/components/drivers/usb/usbdevice/core/core.o
 .text.dcd_ep_set_stall
                0x080094e4       0x70 ./rt-thread/components/drivers/usb/usbdevice/core/core.o
 .text.rt_usbd_ep_write
                0x08009554       0xcc ./rt-thread/components/drivers/usb/usbdevice/core/core.o
 .text.rt_usbd_ep_read_prepare
                0x08009620       0xb0 ./rt-thread/components/drivers/usb/usbdevice/core/core.o
 .text.rt_usbd_device_set_string
                0x080096d0       0x4c ./rt-thread/components/drivers/usb/usbdevice/core/core.o
                0x080096d0                rt_usbd_device_set_string
 .text.rt_usbd_interface_new
                0x0800971c       0x7c ./rt-thread/components/drivers/usb/usbdevice/core/core.o
                0x0800971c                rt_usbd_interface_new
 .text.rt_usbd_altsetting_new
                0x08009798       0x88 ./rt-thread/components/drivers/usb/usbdevice/core/core.o
                0x08009798                rt_usbd_altsetting_new
 .text.rt_usbd_altsetting_config_descriptor
                0x08009820       0x64 ./rt-thread/components/drivers/usb/usbdevice/core/core.o
                0x08009820                rt_usbd_altsetting_config_descriptor
 .text.rt_usbd_function_new
                0x08009884       0x84 ./rt-thread/components/drivers/usb/usbdevice/core/core.o
                0x08009884                rt_usbd_function_new
 .text.rt_usbd_endpoint_new
                0x08009908       0x6c ./rt-thread/components/drivers/usb/usbdevice/core/core.o
                0x08009908                rt_usbd_endpoint_new
 .text.rt_usbd_find_altsetting
                0x08009974       0x88 ./rt-thread/components/drivers/usb/usbdevice/core/core.o
                0x08009974                rt_usbd_find_altsetting
 .text.rt_usbd_function_add_interface
                0x080099fc       0x54 ./rt-thread/components/drivers/usb/usbdevice/core/core.o
                0x080099fc                rt_usbd_function_add_interface
 .text.rt_usbd_interface_add_altsetting
                0x08009a50       0x5c ./rt-thread/components/drivers/usb/usbdevice/core/core.o
                0x08009a50                rt_usbd_interface_add_altsetting
 .text.rt_usbd_altsetting_add_endpoint
                0x08009aac       0x54 ./rt-thread/components/drivers/usb/usbdevice/core/core.o
                0x08009aac                rt_usbd_altsetting_add_endpoint
 .text.rt_usbd_set_altsetting
                0x08009b00       0x44 ./rt-thread/components/drivers/usb/usbdevice/core/core.o
                0x08009b00                rt_usbd_set_altsetting
 .text.rt_usbd_io_request
                0x08009b44       0xb8 ./rt-thread/components/drivers/usb/usbdevice/core/core.o
                0x08009b44                rt_usbd_io_request
 .text.rt_usbd_ep0_set_stall
                0x08009bfc       0x38 ./rt-thread/components/drivers/usb/usbdevice/core/core.o
                0x08009bfc                rt_usbd_ep0_set_stall
 .text.rt_usbd_ep0_setup_handler
                0x08009c34       0x80 ./rt-thread/components/drivers/usb/usbdevice/core/core.o
                0x08009c34                rt_usbd_ep0_setup_handler
 .text.rt_usbd_ep0_in_handler
                0x08009cb4       0xb8 ./rt-thread/components/drivers/usb/usbdevice/core/core.o
                0x08009cb4                rt_usbd_ep0_in_handler
 .text.rt_usbd_ep0_out_handler
                0x08009d6c       0x44 ./rt-thread/components/drivers/usb/usbdevice/core/core.o
                0x08009d6c                rt_usbd_ep0_out_handler
 .text.rt_usbd_ep_in_handler
                0x08009db0       0x4c ./rt-thread/components/drivers/usb/usbdevice/core/core.o
                0x08009db0                rt_usbd_ep_in_handler
 .text.rt_usbd_ep_out_handler
                0x08009dfc       0x4c ./rt-thread/components/drivers/usb/usbdevice/core/core.o
                0x08009dfc                rt_usbd_ep_out_handler
 .text.rt_usbd_reset_handler
                0x08009e48       0x40 ./rt-thread/components/drivers/usb/usbdevice/core/core.o
                0x08009e48                rt_usbd_reset_handler
 .text.rt_usbd_connect_handler
                0x08009e88       0x40 ./rt-thread/components/drivers/usb/usbdevice/core/core.o
                0x08009e88                rt_usbd_connect_handler
 .text.rt_usbd_disconnect_handler
                0x08009ec8       0x40 ./rt-thread/components/drivers/usb/usbdevice/core/core.o
                0x08009ec8                rt_usbd_disconnect_handler
 .text.rt_usbd_sof_handler
                0x08009f08       0x40 ./rt-thread/components/drivers/usb/usbdevice/core/core.o
                0x08009f08                rt_usbd_sof_handler
 .text.rt_usbd_ep0_write
                0x08009f48       0xc8 ./rt-thread/components/drivers/usb/usbdevice/core/core.o
                0x08009f48                rt_usbd_ep0_write
 .text.rt_usbd_ep0_read
                0x0800a010       0xb4 ./rt-thread/components/drivers/usb/usbdevice/core/core.o
                0x0800a010                rt_usbd_ep0_read
 .text.rt_usbd_event_signal
                0x0800a0c4       0x3c ./rt-thread/components/drivers/usb/usbdevice/core/core.o
                0x0800a0c4                rt_usbd_event_signal
 .text.rt_list_init
                0x0800a100       0x22 ./rt-thread/components/drivers/usb/usbdevice/core/usbdevice.o
 .text.rt_list_insert_before
                0x0800a122       0x32 ./rt-thread/components/drivers/usb/usbdevice/core/usbdevice.o
 .text.rt_usbd_class_list_init
                0x0800a154       0x14 ./rt-thread/components/drivers/usb/usbdevice/core/usbdevice.o
                0x0800a154                rt_usbd_class_list_init
 .text.rt_usbd_class_register
                0x0800a168       0x20 ./rt-thread/components/drivers/usb/usbdevice/core/usbdevice.o
                0x0800a168                rt_usbd_class_register
 .text.dcd_ep0_send_status
                0x0800a188       0x68 ./rt-thread/components/drivers/usb/usbdevice/class/hid.o
 .text.dump_data
                0x0800a1f0       0x68 ./rt-thread/components/drivers/usb/usbdevice/class/hid.o
 .text.dump_report
                0x0800a258       0x3c ./rt-thread/components/drivers/usb/usbdevice/class/hid.o
 .text._ep_out_handler
                0x0800a294       0xb8 ./rt-thread/components/drivers/usb/usbdevice/class/hid.o
 .text._ep_in_handler
                0x0800a34c       0x60 ./rt-thread/components/drivers/usb/usbdevice/class/hid.o
 .text._hid_set_report_callback
                0x0800a3ac       0x1e ./rt-thread/components/drivers/usb/usbdevice/class/hid.o
 *fill*         0x0800a3ca        0x2 
 .text._interface_handler
                0x0800a3cc      0x1e4 ./rt-thread/components/drivers/usb/usbdevice/class/hid.o
 .text._function_enable
                0x0800a5b0       0x9c ./rt-thread/components/drivers/usb/usbdevice/class/hid.o
 .text._function_disable
                0x0800a64c       0x68 ./rt-thread/components/drivers/usb/usbdevice/class/hid.o
 .text._hid_descriptor_config
                0x0800a6b4       0x1a ./rt-thread/components/drivers/usb/usbdevice/class/hid.o
 .text._hid_write
                0x0800a6ce       0x84 ./rt-thread/components/drivers/usb/usbdevice/class/hid.o
 .text.HID_Report_Received
                0x0800a752       0x16 ./rt-thread/components/drivers/usb/usbdevice/class/hid.o
                0x0800a752                HID_Report_Received
 .text.hid_thread_entry
                0x0800a768       0x36 ./rt-thread/components/drivers/usb/usbdevice/class/hid.o
 *fill*         0x0800a79e        0x2 
 .text.rt_usb_hid_init
                0x0800a7a0       0x94 ./rt-thread/components/drivers/usb/usbdevice/class/hid.o
 .text.rt_usbd_function_hid_create
                0x0800a834      0x100 ./rt-thread/components/drivers/usb/usbdevice/class/hid.o
                0x0800a834                rt_usbd_function_hid_create
 .text.rt_usbd_hid_class_register
                0x0800a934       0x14 ./rt-thread/components/drivers/usb/usbdevice/class/hid.o
                0x0800a934                rt_usbd_hid_class_register
 .text.rt_list_init
                0x0800a948       0x22 ./rt-thread/components/drivers/src/completion.o
 .text.rt_list_insert_before
                0x0800a96a       0x32 ./rt-thread/components/drivers/src/completion.o
 .text.rt_list_isempty
                0x0800a99c       0x24 ./rt-thread/components/drivers/src/completion.o
 .text.rt_completion_init
                0x0800a9c0       0x44 ./rt-thread/components/drivers/src/completion.o
                0x0800a9c0                rt_completion_init
 .text.rt_completion_wait
                0x0800aa04       0xfc ./rt-thread/components/drivers/src/completion.o
                0x0800aa04                rt_completion_wait
 .text.rt_completion_done
                0x0800ab00       0x70 ./rt-thread/components/drivers/src/completion.o
                0x0800ab00                rt_completion_done
 .text.rt_list_init
                0x0800ab70       0x22 ./rt-thread/components/drivers/src/dataqueue.o
 .text.rt_list_insert_before
                0x0800ab92       0x32 ./rt-thread/components/drivers/src/dataqueue.o
 .text.rt_list_isempty
                0x0800abc4       0x24 ./rt-thread/components/drivers/src/dataqueue.o
 .text.rt_data_queue_init
                0x0800abe8       0x84 ./rt-thread/components/drivers/src/dataqueue.o
                0x0800abe8                rt_data_queue_init
 .text.rt_data_queue_push
                0x0800ac6c      0x194 ./rt-thread/components/drivers/src/dataqueue.o
                0x0800ac6c                rt_data_queue_push
 .text.rt_data_queue_pop
                0x0800ae00      0x1e8 ./rt-thread/components/drivers/src/dataqueue.o
                0x0800ae00                rt_data_queue_pop
 .text.rt_data_queue_peak
                0x0800afe8       0xa0 ./rt-thread/components/drivers/src/dataqueue.o
                0x0800afe8                rt_data_queue_peak
 .text.rt_ringbuffer_status
                0x0800b088       0x4e ./rt-thread/components/drivers/src/ringbuffer.o
 *fill*         0x0800b0d6        0x2 
 .text.rt_ringbuffer_init
                0x0800b0d8       0xa0 ./rt-thread/components/drivers/src/ringbuffer.o
                0x0800b0d8                rt_ringbuffer_init
 .text.rt_ringbuffer_put_force
                0x0800b178      0x1d0 ./rt-thread/components/drivers/src/ringbuffer.o
                0x0800b178                rt_ringbuffer_put_force
 .text.rt_ringbuffer_getchar
                0x0800b348       0xb4 ./rt-thread/components/drivers/src/ringbuffer.o
                0x0800b348                rt_ringbuffer_getchar
 .text.rt_ringbuffer_data_len
                0x0800b3fc       0x82 ./rt-thread/components/drivers/src/ringbuffer.o
                0x0800b3fc                rt_ringbuffer_data_len
 *fill*         0x0800b47e        0x2 
 .text.rt_ringbuffer_create
                0x0800b480       0x70 ./rt-thread/components/drivers/src/ringbuffer.o
                0x0800b480                rt_ringbuffer_create
 .text.rt_ringbuffer_destroy
                0x0800b4f0       0x3c ./rt-thread/components/drivers/src/ringbuffer.o
                0x0800b4f0                rt_ringbuffer_destroy
 .text.sfud_device_init
                0x0800b52c       0x68 ./rt-thread/components/drivers/spi/sfud/src/sfud.o
                0x0800b52c                sfud_device_init
 .text.hardware_init
                0x0800b594      0x2c8 ./rt-thread/components/drivers/spi/sfud/src/sfud.o
 .text.software_init
                0x0800b85c       0x1a ./rt-thread/components/drivers/spi/sfud/src/sfud.o
 *fill*         0x0800b876        0x2 
 .text.sfud_read
                0x0800b878       0xac ./rt-thread/components/drivers/spi/sfud/src/sfud.o
                0x0800b878                sfud_read
 .text.sfud_chip_erase
                0x0800b924       0xc4 ./rt-thread/components/drivers/spi/sfud/src/sfud.o
                0x0800b924                sfud_chip_erase
 .text.sfud_erase
                0x0800b9e8      0x1e0 ./rt-thread/components/drivers/spi/sfud/src/sfud.o
                0x0800b9e8                sfud_erase
 .text.page256_or_1_byte_write
                0x0800bbc8      0x21c ./rt-thread/components/drivers/spi/sfud/src/sfud.o
 .text.aai_write
                0x0800bde4      0x1ac ./rt-thread/components/drivers/spi/sfud/src/sfud.o
 .text.sfud_write
                0x0800bf90       0x5c ./rt-thread/components/drivers/spi/sfud/src/sfud.o
                0x0800bf90                sfud_write
 .text.sfud_erase_write
                0x0800bfec       0x40 ./rt-thread/components/drivers/spi/sfud/src/sfud.o
                0x0800bfec                sfud_erase_write
 .text.reset    0x0800c02c       0x5c ./rt-thread/components/drivers/spi/sfud/src/sfud.o
 .text.read_jedec_id
                0x0800c088       0x60 ./rt-thread/components/drivers/spi/sfud/src/sfud.o
 .text.set_write_enabled
                0x0800c0e8       0x80 ./rt-thread/components/drivers/spi/sfud/src/sfud.o
 .text.set_4_byte_address_mode
                0x0800c168       0x8c ./rt-thread/components/drivers/spi/sfud/src/sfud.o
 .text.sfud_read_status
                0x0800c1f4       0x30 ./rt-thread/components/drivers/spi/sfud/src/sfud.o
                0x0800c1f4                sfud_read_status
 .text.wait_busy
                0x0800c224       0x7c ./rt-thread/components/drivers/spi/sfud/src/sfud.o
 .text.make_adress_byte_array
                0x0800c2a0       0x58 ./rt-thread/components/drivers/spi/sfud/src/sfud.o
 .text.sfud_write_status
                0x0800c2f8       0x8c ./rt-thread/components/drivers/spi/sfud/src/sfud.o
                0x0800c2f8                sfud_write_status
 .text.sfud_read_sfdp
                0x0800c384       0x50 ./rt-thread/components/drivers/spi/sfud/src/sfud_sfdp.o
                0x0800c384                sfud_read_sfdp
 .text.read_sfdp_header
                0x0800c3d4       0x98 ./rt-thread/components/drivers/spi/sfud/src/sfud_sfdp.o
 .text.read_basic_header
                0x0800c46c       0xb0 ./rt-thread/components/drivers/spi/sfud/src/sfud_sfdp.o
 .text.read_basic_table
                0x0800c51c      0x344 ./rt-thread/components/drivers/spi/sfud/src/sfud_sfdp.o
 .text.read_sfdp_data
                0x0800c860       0x4e ./rt-thread/components/drivers/spi/sfud/src/sfud_sfdp.o
 .text.sfud_sfdp_get_suitable_eraser
                0x0800c8ae       0x8e ./rt-thread/components/drivers/spi/sfud/src/sfud_sfdp.o
                0x0800c8ae                sfud_sfdp_get_suitable_eraser
 .text.rt_spi_bus_register
                0x0800c93c       0x44 ./rt-thread/components/drivers/spi/spi_core.o
                0x0800c93c                rt_spi_bus_register
 .text.rt_spi_bus_attach_device
                0x0800c980       0x62 ./rt-thread/components/drivers/spi/spi_core.o
                0x0800c980                rt_spi_bus_attach_device
 *fill*         0x0800c9e2        0x2 
 .text.rt_spi_configure
                0x0800c9e4       0x98 ./rt-thread/components/drivers/spi/spi_core.o
                0x0800c9e4                rt_spi_configure
 .text.rt_spi_send_then_recv
                0x0800ca7c      0x148 ./rt-thread/components/drivers/spi/spi_core.o
                0x0800ca7c                rt_spi_send_then_recv
 .text.rt_spi_transfer
                0x0800cbc4      0x108 ./rt-thread/components/drivers/spi/spi_core.o
                0x0800cbc4                rt_spi_transfer
 .text._spi_bus_device_read
                0x0800cccc       0x58 ./rt-thread/components/drivers/spi/spi_dev.o
 .text._spi_bus_device_write
                0x0800cd24       0x58 ./rt-thread/components/drivers/spi/spi_dev.o
 .text._spi_bus_device_control
                0x0800cd7c       0x26 ./rt-thread/components/drivers/spi/spi_dev.o
 *fill*         0x0800cda2        0x2 
 .text.rt_spi_bus_device_init
                0x0800cda4       0x70 ./rt-thread/components/drivers/spi/spi_dev.o
                0x0800cda4                rt_spi_bus_device_init
 .text._spidev_device_read
                0x0800ce14       0x58 ./rt-thread/components/drivers/spi/spi_dev.o
 .text._spidev_device_write
                0x0800ce6c       0x58 ./rt-thread/components/drivers/spi/spi_dev.o
 .text._spidev_device_control
                0x0800cec4       0x26 ./rt-thread/components/drivers/spi/spi_dev.o
 *fill*         0x0800ceea        0x2 
 .text.rt_spidev_device_init
                0x0800ceec       0x70 ./rt-thread/components/drivers/spi/spi_dev.o
                0x0800ceec                rt_spidev_device_init
 .text.rt_spi_recv
                0x0800cf5c       0x22 ./rt-thread/components/drivers/spi/spi_flash_sfud.o
 .text.rt_spi_send
                0x0800cf7e       0x22 ./rt-thread/components/drivers/spi/spi_flash_sfud.o
 .text.rt_sfud_control
                0x0800cfa0       0xe0 ./rt-thread/components/drivers/spi/spi_flash_sfud.o
 .text.rt_sfud_read
                0x0800d080       0x3a ./rt-thread/components/drivers/spi/spi_flash_sfud.o
 .text.rt_sfud_write
                0x0800d0ba       0x3a ./rt-thread/components/drivers/spi/spi_flash_sfud.o
 .text.spi_write_read
                0x0800d0f4       0xc4 ./rt-thread/components/drivers/spi/spi_flash_sfud.o
 .text.spi_lock
                0x0800d1b8       0x2a ./rt-thread/components/drivers/spi/spi_flash_sfud.o
 .text.spi_unlock
                0x0800d1e2       0x26 ./rt-thread/components/drivers/spi/spi_flash_sfud.o
 .text.retry_delay_100us
                0x0800d208        0xe ./rt-thread/components/drivers/spi/spi_flash_sfud.o
 *fill*         0x0800d216        0x2 
 .text.sfud_log_info
                0x0800d218       0x44 ./rt-thread/components/drivers/spi/spi_flash_sfud.o
                0x0800d218                sfud_log_info
 .text.sfud_spi_port_init
                0x0800d25c       0x54 ./rt-thread/components/drivers/spi/spi_flash_sfud.o
                0x0800d25c                sfud_spi_port_init
 .text.rt_sfud_flash_probe
                0x0800d2b0      0x238 ./rt-thread/components/drivers/spi/spi_flash_sfud.o
                0x0800d2b0                rt_sfud_flash_probe
 .text.rt_sfud_flash_delete
                0x0800d4e8       0x7c ./rt-thread/components/drivers/spi/spi_flash_sfud.o
                0x0800d4e8                rt_sfud_flash_delete
 .text.sf       0x0800d564      0x79c ./rt-thread/components/drivers/spi/spi_flash_sfud.o
 .text._serial_poll_rx
                0x0800dd00       0x74 ./rt-thread/components/drivers/serial/serial.o
 .text._serial_poll_tx
                0x0800dd74       0x7c ./rt-thread/components/drivers/serial/serial.o
 .text._serial_int_rx
                0x0800ddf0       0xd8 ./rt-thread/components/drivers/serial/serial.o
 .text._serial_int_tx
                0x0800dec8       0x90 ./rt-thread/components/drivers/serial/serial.o
 .text._serial_fifo_calc_recved_len
                0x0800df58       0x88 ./rt-thread/components/drivers/serial/serial.o
 .text.rt_dma_calc_recved_len
                0x0800dfe0       0x18 ./rt-thread/components/drivers/serial/serial.o
 .text.rt_dma_recv_update_get_index
                0x0800dff8       0xa4 ./rt-thread/components/drivers/serial/serial.o
 .text.rt_dma_recv_update_put_index
                0x0800e09c      0x10c ./rt-thread/components/drivers/serial/serial.o
 .text._serial_dma_rx
                0x0800e1a8      0x198 ./rt-thread/components/drivers/serial/serial.o
 .text._serial_dma_tx
                0x0800e340       0x70 ./rt-thread/components/drivers/serial/serial.o
 .text.rt_serial_init
                0x0800e3b0       0x5c ./rt-thread/components/drivers/serial/serial.o
 .text.rt_serial_open
                0x0800e40c      0x35c ./rt-thread/components/drivers/serial/serial.o
 .text.rt_serial_close
                0x0800e768      0x1a8 ./rt-thread/components/drivers/serial/serial.o
 .text.rt_serial_read
                0x0800e910       0x84 ./rt-thread/components/drivers/serial/serial.o
 .text.rt_serial_write
                0x0800e994       0x84 ./rt-thread/components/drivers/serial/serial.o
 .text.rt_serial_control
                0x0800ea18       0xd0 ./rt-thread/components/drivers/serial/serial.o
 .text.rt_hw_serial_register
                0x0800eae8       0x9c ./rt-thread/components/drivers/serial/serial.o
                0x0800eae8                rt_hw_serial_register
 .text.rt_hw_serial_isr
                0x0800eb84      0x258 ./rt-thread/components/drivers/serial/serial.o
                0x0800eb84                rt_hw_serial_isr
 .text._pin_read
                0x0800eddc       0x60 ./rt-thread/components/drivers/misc/pin.o
 .text._pin_write
                0x0800ee3c       0x5c ./rt-thread/components/drivers/misc/pin.o
 .text._pin_control
                0x0800ee98       0x58 ./rt-thread/components/drivers/misc/pin.o
 .text.rt_device_pin_register
                0x0800eef0       0x74 ./rt-thread/components/drivers/misc/pin.o
                0x0800eef0                rt_device_pin_register
 .text.rt_pin_mode
                0x0800ef64       0x40 ./rt-thread/components/drivers/misc/pin.o
                0x0800ef64                rt_pin_mode
 .text.rt_pin_write
                0x0800efa4       0x40 ./rt-thread/components/drivers/misc/pin.o
                0x0800efa4                rt_pin_write
 .text.rt_pin_read
                0x0800efe4       0x3c ./rt-thread/components/drivers/misc/pin.o
                0x0800efe4                rt_pin_read
 .text._pwm_control
                0x0800f020       0x38 ./rt-thread/components/drivers/misc/rt_drv_pwm.o
 .text._pwm_read
                0x0800f058       0x60 ./rt-thread/components/drivers/misc/rt_drv_pwm.o
 .text._pwm_write
                0x0800f0b8       0x7c ./rt-thread/components/drivers/misc/rt_drv_pwm.o
 .text.rt_device_pwm_register
                0x0800f134       0x78 ./rt-thread/components/drivers/misc/rt_drv_pwm.o
                0x0800f134                rt_device_pwm_register
 .text.rt_pwm_enable
                0x0800f1ac       0x50 ./rt-thread/components/drivers/misc/rt_drv_pwm.o
                0x0800f1ac                rt_pwm_enable
 .text.rt_pwm_set
                0x0800f1fc       0x5c ./rt-thread/components/drivers/misc/rt_drv_pwm.o
                0x0800f1fc                rt_pwm_set
 .text.pwm_enable
                0x0800f258       0x48 ./rt-thread/components/drivers/misc/rt_drv_pwm.o
 .text.pwm_set  0x0800f2a0       0x68 ./rt-thread/components/drivers/misc/rt_drv_pwm.o
 .text.i2c_delay
                0x0800f308       0x20 ./rt-thread/components/drivers/i2c/i2c-bit-ops.o
 .text.i2c_delay2
                0x0800f328       0x1c ./rt-thread/components/drivers/i2c/i2c-bit-ops.o
 .text.i2c_delay3
                0x0800f344       0x1e ./rt-thread/components/drivers/i2c/i2c-bit-ops.o
 .text.SCL_H    0x0800f362       0x6e ./rt-thread/components/drivers/i2c/i2c-bit-ops.o
 .text.i2c_start
                0x0800f3d0       0x34 ./rt-thread/components/drivers/i2c/i2c-bit-ops.o
 .text.i2c_restart
                0x0800f404       0x50 ./rt-thread/components/drivers/i2c/i2c-bit-ops.o
 .text.i2c_stop
                0x0800f454       0x48 ./rt-thread/components/drivers/i2c/i2c-bit-ops.o
 .text.i2c_waitack
                0x0800f49c       0x6c ./rt-thread/components/drivers/i2c/i2c-bit-ops.o
 .text.i2c_writeb
                0x0800f508       0x90 ./rt-thread/components/drivers/i2c/i2c-bit-ops.o
 .text.i2c_readb
                0x0800f598       0x8c ./rt-thread/components/drivers/i2c/i2c-bit-ops.o
 .text.i2c_send_bytes
                0x0800f624       0x78 ./rt-thread/components/drivers/i2c/i2c-bit-ops.o
 .text.i2c_send_ack_or_nack
                0x0800f69c       0x56 ./rt-thread/components/drivers/i2c/i2c-bit-ops.o
 .text.i2c_recv_bytes
                0x0800f6f2       0x7c ./rt-thread/components/drivers/i2c/i2c-bit-ops.o
 .text.i2c_send_address
                0x0800f76e       0x66 ./rt-thread/components/drivers/i2c/i2c-bit-ops.o
 .text.i2c_bit_send_address
                0x0800f7d4      0x116 ./rt-thread/components/drivers/i2c/i2c-bit-ops.o
 .text.i2c_bit_xfer
                0x0800f8ea       0xf4 ./rt-thread/components/drivers/i2c/i2c-bit-ops.o
 *fill*         0x0800f9de        0x2 
 .text.rt_i2c_bit_add_bus
                0x0800f9e0       0x28 ./rt-thread/components/drivers/i2c/i2c-bit-ops.o
                0x0800f9e0                rt_i2c_bit_add_bus
 .text.rt_i2c_bus_device_register
                0x0800fa08       0x44 ./rt-thread/components/drivers/i2c/i2c_core.o
                0x0800fa08                rt_i2c_bus_device_register
 .text.rt_i2c_bus_device_find
                0x0800fa4c       0x32 ./rt-thread/components/drivers/i2c/i2c_core.o
                0x0800fa4c                rt_i2c_bus_device_find
 .text.rt_i2c_transfer
                0x0800fa7e       0x4c ./rt-thread/components/drivers/i2c/i2c_core.o
                0x0800fa7e                rt_i2c_transfer
 .text.rt_i2c_master_send
                0x0800faca       0x50 ./rt-thread/components/drivers/i2c/i2c_core.o
                0x0800faca                rt_i2c_master_send
 *fill*         0x0800fb1a        0x2 
 .text.rt_i2c_master_recv
                0x0800fb1c       0x74 ./rt-thread/components/drivers/i2c/i2c_core.o
                0x0800fb1c                rt_i2c_master_recv
 .text.rt_i2c_core_init
                0x0800fb90       0x10 ./rt-thread/components/drivers/i2c/i2c_core.o
                0x0800fb90                rt_i2c_core_init
 .text.i2c_bus_device_read
                0x0800fba0       0x64 ./rt-thread/components/drivers/i2c/i2c_dev.o
 .text.i2c_bus_device_write
                0x0800fc04       0x64 ./rt-thread/components/drivers/i2c/i2c_dev.o
 .text.i2c_bus_device_control
                0x0800fc68       0xa8 ./rt-thread/components/drivers/i2c/i2c_dev.o
 .text.rt_i2c_bus_device_device_init
                0x0800fd10       0x78 ./rt-thread/components/drivers/i2c/i2c_dev.o
                0x0800fd10                rt_i2c_bus_device_device_init
 .text.SystemClock_Config
                0x0800fd88      0x220 ./driver/board.o
 .text.SysTick_Handler
                0x0800ffa8       0x18 ./driver/board.o
                0x0800ffa8                SysTick_Handler
 .text.HAL_InitTick
                0x0800ffc0       0x38 ./driver/board.o
                0x0800ffc0                HAL_InitTick
 .text.HAL_MspInit
                0x0800fff8       0x62 ./driver/board.o
                0x0800fff8                HAL_MspInit
 *fill*         0x0801005a        0x2 
 .text.rt_hw_board_init
                0x0801005c       0x30 ./driver/board.o
                0x0801005c                rt_hw_board_init
 .text.g780_event_send
                0x0801008c       0x24 ./driver/bsp_G780.o
 .text.g780_event_recv
                0x080100b0       0x4c ./driver/bsp_G780.o
 .text.g780_socket_send
                0x080100fc       0xf4 ./driver/bsp_G780.o
                0x080100fc                g780_socket_send
 .text.g780_socket_set_event_cb
                0x080101f0       0x20 ./driver/bsp_G780.o
 .text.urc_connect_func
                0x08010210       0x88 ./driver/bsp_G780.o
 .text.urc_func
                0x08010298       0x64 ./driver/bsp_G780.o
 .text.urc_recv_func
                0x080102fc       0xa0 ./driver/bsp_G780.o
 .text.at_client_port_init
                0x0801039c       0xb0 ./driver/bsp_G780.o
                0x0801039c                at_client_port_init
 .text.g780_Get_LocIP
                0x0801044c      0x178 ./driver/bsp_G780.o
                0x0801044c                g780_Get_LocIP
 .text.g780_Get_BaseStation
                0x080105c4      0x17c ./driver/bsp_G780.o
                0x080105c4                g780_Get_BaseStation
 .text.g780_enter_config
                0x08010740      0x108 ./driver/bsp_G780.o
                0x08010740                g780_enter_config
 .text.g780_enter_communicate
                0x08010848       0xc0 ./driver/bsp_G780.o
                0x08010848                g780_enter_communicate
 .text.g780_net_init
                0x08010908      0x204 ./driver/bsp_G780.o
                0x08010908                g780_net_init
 .text.g780_test
                0x08010b0c      0x120 ./driver/bsp_G780.o
                0x08010b0c                g780_test
 .text.printer_uart_putchar
                0x08010c2c       0x44 ./driver/bsp_RMD8.o
                0x08010c2c                printer_uart_putchar
 .text.PrinterSendData
                0x08010c70       0xd6 ./driver/bsp_RMD8.o
                0x08010c70                PrinterSendData
 .text.printer_init
                0x08010d46      0x19e ./driver/bsp_RMD8.o
                0x08010d46                printer_init
 .text.printer_set_font
                0x08010ee4       0x4e ./driver/bsp_RMD8.o
                0x08010ee4                printer_set_font
 .text.printer_set_gap
                0x08010f32       0x4e ./driver/bsp_RMD8.o
                0x08010f32                printer_set_gap
 .text.TestPrinter
                0x08010f80       0xa8 ./driver/bsp_RMD8.o
                0x08010f80                TestPrinter
 .text.printer_uart_open
                0x08011028       0x68 ./driver/bsp_RMD8.o
                0x08011028                printer_uart_open
 .text.hw_printer_init
                0x08011090       0x3c ./driver/bsp_RMD8.o
                0x08011090                hw_printer_init
 .text.StepMotorRampDataInit
                0x080110cc      0x1c4 ./driver/bsp_StepMotor.o
                0x080110cc                StepMotorRampDataInit
 .text.TIM8_Init
                0x08011290       0xc8 ./driver/bsp_StepMotor.o
                0x08011290                TIM8_Init
 .text.TIM2_Init
                0x08011358       0x8c ./driver/bsp_StepMotor.o
                0x08011358                TIM2_Init
 .text.TIM3_Init
                0x080113e4       0x78 ./driver/bsp_StepMotor.o
                0x080113e4                TIM3_Init
 .text.TIM4_Init
                0x0801145c       0x90 ./driver/bsp_StepMotor.o
                0x0801145c                TIM4_Init
 .text.TIM8_GPIOInit
                0x080114ec       0x90 ./driver/bsp_StepMotor.o
                0x080114ec                TIM8_GPIOInit
 .text.TIM3_GPIOInit
                0x0801157c       0xa4 ./driver/bsp_StepMotor.o
                0x0801157c                TIM3_GPIOInit
 .text.TIM4_GPIOInit
                0x08011620       0x8c ./driver/bsp_StepMotor.o
                0x08011620                TIM4_GPIOInit
 .text.TIM2_GPIOInit
                0x080116ac       0xa8 ./driver/bsp_StepMotor.o
                0x080116ac                TIM2_GPIOInit
 .text.HAL_TIM_OC_MspInit
                0x08011754      0x108 ./driver/bsp_StepMotor.o
                0x08011754                HAL_TIM_OC_MspInit
 .text.bsp_InitStepMotor
                0x0801185c       0x28 ./driver/bsp_StepMotor.o
                0x0801185c                bsp_InitStepMotor
 .text.M1_CCW   0x08011884       0x24 ./driver/bsp_StepMotor.o
 .text.M2_CCW   0x080118a8       0x24 ./driver/bsp_StepMotor.o
 .text.M3_CCW   0x080118cc       0x24 ./driver/bsp_StepMotor.o
 .text.M4_CCW   0x080118f0       0x24 ./driver/bsp_StepMotor.o
 .text.M1_HalfCurrent
                0x08011914       0x24 ./driver/bsp_StepMotor.o
 .text.M2_HalfCurrent
                0x08011938       0x24 ./driver/bsp_StepMotor.o
 .text.M3_HalfCurrent
                0x0801195c       0x24 ./driver/bsp_StepMotor.o
 .text.M4_HalfCurrent
                0x08011980       0x34 ./driver/bsp_StepMotor.o
 .text.M1_optofun
                0x080119b4       0x28 ./driver/bsp_StepMotor.o
 .text.M2_optofun
                0x080119dc       0x30 ./driver/bsp_StepMotor.o
 .text.M3_optofun
                0x08011a0c       0x28 ./driver/bsp_StepMotor.o
 .text.M4_optofun
                0x08011a34       0x3c ./driver/bsp_StepMotor.o
 .text.TIM4_IRQHandler
                0x08011a70       0x14 ./driver/bsp_StepMotor.o
                0x08011a70                TIM4_IRQHandler
 .text.TIM3_IRQHandler
                0x08011a84       0x14 ./driver/bsp_StepMotor.o
                0x08011a84                TIM3_IRQHandler
 .text.TIM8_CC_IRQHandler
                0x08011a98       0x14 ./driver/bsp_StepMotor.o
                0x08011a98                TIM8_CC_IRQHandler
 .text.TIM2_IRQHandler
                0x08011aac       0x14 ./driver/bsp_StepMotor.o
                0x08011aac                TIM2_IRQHandler
 .text.HAL_TIM_OC_DelayElapsedCallback
                0x08011ac0       0x5c ./driver/bsp_StepMotor.o
                0x08011ac0                HAL_TIM_OC_DelayElapsedCallback
 .text.motor_set_end_indicate
                0x08011b1c       0x1e ./driver/bsp_StepMotor.o
                0x08011b1c                motor_set_end_indicate
 *fill*         0x08011b3a        0x2 
 .text.StartMotorTimer
                0x08011b3c       0x68 ./driver/bsp_StepMotor.o
                0x08011b3c                StartMotorTimer
 .text.StopMotorTimer
                0x08011ba4       0xbc ./driver/bsp_StepMotor.o
                0x08011ba4                StopMotorTimer
 .text.ConfigPosition
                0x08011c60      0x178 ./driver/bsp_StepMotor.o
 .text.ConfigSpeed
                0x08011dd8      0x118 ./driver/bsp_StepMotor.o
 .text.StepMotor_AxisMoveRel
                0x08011ef0      0x144 ./driver/bsp_StepMotor.o
                0x08011ef0                StepMotor_AxisMoveRel
 .text.StepMotor_PeriodSet
                0x08012034      0x19c ./driver/bsp_StepMotor.o
                0x08012034                StepMotor_PeriodSet
 .text.StepMotor_ConutStep
                0x080121d0      0x180 ./driver/bsp_StepMotor.o
 .text.bsp_udelay
                0x08012350       0x38 ./driver/bsp_ds18b20.o
 .text.ds18b20_reset
                0x08012388       0xd2 ./driver/bsp_ds18b20.o
                0x08012388                ds18b20_reset
 .text.ds18b20_write_byte
                0x0801245a       0x7c ./driver/bsp_ds18b20.o
                0x0801245a                ds18b20_write_byte
 .text.ds18b20_read_byte
                0x080124d6       0x70 ./driver/bsp_ds18b20.o
                0x080124d6                ds18b20_read_byte
 .text.ds18b20_read_reg
                0x08012546       0x6a ./driver/bsp_ds18b20.o
                0x08012546                ds18b20_read_reg
 .text.ds18b20_gpio_init
                0x080125b0       0x6c ./driver/bsp_ds18b20.o
 .text.ds18b20_hw_init
                0x0801261c       0x20 ./driver/bsp_ds18b20.o
                0x0801261c                ds18b20_hw_init
 .text.rfid_hw_init
                0x0801263c       0x2c ./driver/bsp_rfid.o
                0x0801263c                rfid_hw_init
 .text.TIM6_Init
                0x08012668       0x64 ./driver/bsp_timer.o
                0x08012668                TIM6_Init
 .text.HAL_TIM_Base_MspInit
                0x080126cc       0x50 ./driver/bsp_timer.o
                0x080126cc                HAL_TIM_Base_MspInit
 .text.TIM6_DAC_IRQHandler
                0x0801271c       0x14 ./driver/bsp_timer.o
                0x0801271c                TIM6_DAC_IRQHandler
 .text.HAL_TIM_PeriodElapsedCallback
                0x08012730       0x5c ./driver/bsp_timer.o
                0x08012730                HAL_TIM_PeriodElapsedCallback
 .text.ad1110_read_reg
                0x0801278c       0x60 ./driver/drv_ad1110.o
                0x0801278c                ad1110_read_reg
 .text.ad1110_hw_init
                0x080127ec       0x50 ./driver/drv_ad1110.o
                0x080127ec                ad1110_hw_init
 .text.GPIOA_CLK_ENABLE
                0x0801283c       0x34 ./driver/drv_gpio.o
 .text.GPIOB_CLK_ENABLE
                0x08012870       0x34 ./driver/drv_gpio.o
 .text.GPIOC_CLK_ENABLE
                0x080128a4       0x34 ./driver/drv_gpio.o
 .text.GPIOD_CLK_ENABLE
                0x080128d8       0x34 ./driver/drv_gpio.o
 .text.GPIOE_CLK_ENABLE
                0x0801290c       0x34 ./driver/drv_gpio.o
 .text.GPIOF_CLK_ENABLE
                0x08012940       0x34 ./driver/drv_gpio.o
 .text.GPIOG_CLK_ENABLE
                0x08012974       0x34 ./driver/drv_gpio.o
 .text.get_pin  0x080129a8       0x40 ./driver/drv_gpio.o
                0x080129a8                get_pin
 .text.stm32_pin_write
                0x080129e8       0x3c ./driver/drv_gpio.o
                0x080129e8                stm32_pin_write
 .text.stm32_pin_read
                0x08012a24       0x44 ./driver/drv_gpio.o
                0x08012a24                stm32_pin_read
 .text.stm32_pin_mode
                0x08012a68       0x9e ./driver/drv_gpio.o
                0x08012a68                stm32_pin_mode
 .text.bit2bitno
                0x08012b06       0x3e ./driver/drv_gpio.o
 .text.get_pin_irq_map
                0x08012b44       0x34 ./driver/drv_gpio.o
 .text.stm32_pin_attach_irq
                0x08012b78      0x148 ./driver/drv_gpio.o
                0x08012b78                stm32_pin_attach_irq
 .text.stm32_pin_dettach_irq
                0x08012cc0       0xd0 ./driver/drv_gpio.o
                0x08012cc0                stm32_pin_dettach_irq
 .text.stm32_pin_irq_enable
                0x08012d90      0x140 ./driver/drv_gpio.o
                0x08012d90                stm32_pin_irq_enable
 .text.rt_hw_pin_init
                0x08012ed0       0x24 ./driver/drv_gpio.o
                0x08012ed0                rt_hw_pin_init
 .text.pin_irq_hdr
                0x08012ef4       0x54 ./driver/drv_gpio.o
 .text.HAL_GPIO_EXTI_Callback
                0x08012f48       0x22 ./driver/drv_gpio.o
                0x08012f48                HAL_GPIO_EXTI_Callback
 .text.EXTI0_IRQHandler
                0x08012f6a       0x16 ./driver/drv_gpio.o
                0x08012f6a                EXTI0_IRQHandler
 .text.EXTI1_IRQHandler
                0x08012f80       0x16 ./driver/drv_gpio.o
                0x08012f80                EXTI1_IRQHandler
 .text.EXTI2_IRQHandler
                0x08012f96       0x16 ./driver/drv_gpio.o
                0x08012f96                EXTI2_IRQHandler
 .text.EXTI3_IRQHandler
                0x08012fac       0x16 ./driver/drv_gpio.o
                0x08012fac                EXTI3_IRQHandler
 .text.EXTI4_IRQHandler
                0x08012fc2       0x16 ./driver/drv_gpio.o
                0x08012fc2                EXTI4_IRQHandler
 .text.EXTI9_5_IRQHandler
                0x08012fd8       0x32 ./driver/drv_gpio.o
                0x08012fd8                EXTI9_5_IRQHandler
 .text.EXTI15_10_IRQHandler
                0x0801300a       0x40 ./driver/drv_gpio.o
                0x0801300a                EXTI15_10_IRQHandler
 *fill*         0x0801304a        0x2 
 .text.drv_i2c_gpio_init
                0x0801304c       0xfc ./driver/drv_i2c.o
 .text.drv_set_sda
                0x08013148       0x34 ./driver/drv_i2c.o
 .text.drv_set_scl
                0x0801317c       0x34 ./driver/drv_i2c.o
 .text.drv_get_sda
                0x080131b0       0x34 ./driver/drv_i2c.o
 .text.drv_get_scl
                0x080131e4       0x34 ./driver/drv_i2c.o
 .text.drv_udelay
                0x08013218       0x38 ./driver/drv_i2c.o
 .text.drv_i2c_init
                0x08013250       0x88 ./driver/drv_i2c.o
                0x08013250                drv_i2c_init
 .text.drv_pwm_enable
                0x080132d8       0x36 ./driver/drv_pwm.o
 *fill*         0x0801330e        0x2 
 .text.drv_pwm_get
                0x08013310       0xe8 ./driver/drv_pwm.o
 .text.drv_pwm_set
                0x080133f8      0x120 ./driver/drv_pwm.o
 .text.drv_pwm_control
                0x08013518       0x74 ./driver/drv_pwm.o
 .text.MX_TIM1_Init
                0x0801358c      0x114 ./driver/drv_pwm.o
 .text.MX_TIM12_Init
                0x080136a0       0xc8 ./driver/drv_pwm.o
 .text.MX_TIM3_Init
                0x08013768       0xd8 ./driver/drv_pwm.o
                0x08013768                MX_TIM3_Init
 .text.HAL_TIM_PWM_MspInit
                0x08013840       0x9c ./driver/drv_pwm.o
                0x08013840                HAL_TIM_PWM_MspInit
 .text.HAL_TIM_MspPostInit
                0x080138dc      0x104 ./driver/drv_pwm.o
 .text.drv_pwm_init
                0x080139e0       0x68 ./driver/drv_pwm.o
                0x080139e0                drv_pwm_init
 .text.stm32_spi_init
                0x08013a48      0x196 ./driver/drv_spi.o
 .text.spitxrx1b
                0x08013bde       0xae ./driver/drv_spi.o
 .text.spixfer  0x08013c8c      0x120 ./driver/drv_spi.o
 .text.spi_configure
                0x08013dac       0x2e ./driver/drv_spi.o
                0x08013dac                spi_configure
 *fill*         0x08013dda        0x2 
 .text.stm32_spi_register_bus
                0x08013ddc       0x90 ./driver/drv_spi.o
                0x08013ddc                stm32_spi_register_bus
 .text.stm32_spi_bus_attach_device
                0x08013e6c       0x7c ./driver/drv_spi.o
                0x08013e6c                stm32_spi_bus_attach_device
 .text.stm32_hw_spi_init
                0x08013ee8       0x38 ./driver/drv_spi.o
                0x08013ee8                stm32_hw_spi_init
 .text.HAL_SPI_MspInit
                0x08013f20      0x1c8 ./driver/drv_spi.o
                0x08013f20                HAL_SPI_MspInit
 .text.rt_nor_flash_init
                0x080140e8       0x68 ./driver/drv_spiflash.o
                0x080140e8                rt_nor_flash_init
 .text.NVIC_EnableIRQ
                0x08014150       0x34 ./driver/drv_usart.o
 .text.NVIC_DisableIRQ
                0x08014184       0x34 ./driver/drv_usart.o
 .text.drv_configure
                0x080141b8      0x108 ./driver/drv_usart.o
 .text.drv_control
                0x080142c0       0x7c ./driver/drv_usart.o
 .text.drv_putc
                0x0801433c       0x50 ./driver/drv_usart.o
 .text.drv_getc
                0x0801438c       0x50 ./driver/drv_usart.o
 .text.USART1_IRQHandler
                0x080143dc       0x50 ./driver/drv_usart.o
                0x080143dc                USART1_IRQHandler
 .text.USART2_IRQHandler
                0x0801442c       0x50 ./driver/drv_usart.o
                0x0801442c                USART2_IRQHandler
 .text.USART3_IRQHandler
                0x0801447c       0x50 ./driver/drv_usart.o
                0x0801447c                USART3_IRQHandler
 .text.UART4_IRQHandler
                0x080144cc       0x50 ./driver/drv_usart.o
                0x080144cc                UART4_IRQHandler
 .text.HAL_UART_MspInit
                0x0801451c      0x2b4 ./driver/drv_usart.o
                0x0801451c                HAL_UART_MspInit
 .text.hw_usart_init
                0x080147d0      0x134 ./driver/drv_usart.o
                0x080147d0                hw_usart_init
 .text.OTG_FS_IRQHandler
                0x08014904       0x1c ./driver/drv_usbd.o
                0x08014904                OTG_FS_IRQHandler
 .text.HAL_PCD_ResetCallback
                0x08014920       0x34 ./driver/drv_usbd.o
                0x08014920                HAL_PCD_ResetCallback
 .text.HAL_PCD_SetupStageCallback
                0x08014954       0x24 ./driver/drv_usbd.o
                0x08014954                HAL_PCD_SetupStageCallback
 .text.HAL_PCD_DataInStageCallback
                0x08014978       0x4c ./driver/drv_usbd.o
                0x08014978                HAL_PCD_DataInStageCallback
 .text.HAL_PCD_ConnectCallback
                0x080149c4       0x1c ./driver/drv_usbd.o
                0x080149c4                HAL_PCD_ConnectCallback
 .text.HAL_PCD_SOFCallback
                0x080149e0       0x1c ./driver/drv_usbd.o
                0x080149e0                HAL_PCD_SOFCallback
 .text.HAL_PCD_DisconnectCallback
                0x080149fc       0x1c ./driver/drv_usbd.o
                0x080149fc                HAL_PCD_DisconnectCallback
 .text.HAL_PCD_DataOutStageCallback
                0x08014a18       0x4c ./driver/drv_usbd.o
                0x08014a18                HAL_PCD_DataOutStageCallback
 .text.NMI_Handler
                0x08014a64        0xe ./driver/stm32f4xx_it.o
                0x08014a64                NMI_Handler
 .text.MemManage_Handler
                0x08014a72        0x6 ./driver/stm32f4xx_it.o
                0x08014a72                MemManage_Handler
 .text.BusFault_Handler
                0x08014a78        0x6 ./driver/stm32f4xx_it.o
                0x08014a78                BusFault_Handler
 .text.UsageFault_Handler
                0x08014a7e        0x6 ./driver/stm32f4xx_it.o
                0x08014a7e                UsageFault_Handler
 .text.SVC_Handler
                0x08014a84        0xe ./driver/stm32f4xx_it.o
                0x08014a84                SVC_Handler
 *fill*         0x08014a92        0x2 
 .text.console_getchar
                0x08014a94       0x34 ./at/src/at_cli.o
 .text.console_getchar_rx_ind
                0x08014ac8       0x5c ./at/src/at_cli.o
 .text.at_cli_init
                0x08014b24       0x80 ./at/src/at_cli.o
                0x08014b24                at_cli_init
 .text.at_cli_deinit
                0x08014ba4       0x58 ./at/src/at_cli.o
                0x08014ba4                at_cli_deinit
 .text.client_getchar
                0x08014bfc       0x34 ./at/src/at_cli.o
 .text.at_client_entry
                0x08014c30       0x24 ./at/src/at_cli.o
 .text.client_getchar_rx_ind
                0x08014c54       0x5c ./at/src/at_cli.o
 .text.client_cli_parser
                0x08014cb0      0x1b4 ./at/src/at_cli.o
 .text.at       0x08014e64       0x74 ./at/src/at_cli.o
 .text.at_create_resp
                0x08014ed8       0xb0 ./at/src/at_client.o
                0x08014ed8                at_create_resp
 .text.at_delete_resp
                0x08014f88       0x38 ./at/src/at_client.o
                0x08014f88                at_delete_resp
 .text.at_resp_set_info
                0x08014fc0       0x8c ./at/src/at_client.o
                0x08014fc0                at_resp_set_info
 .text.at_resp_get_line
                0x0801504c       0xb0 ./at/src/at_client.o
                0x0801504c                at_resp_get_line
 .text.at_exec_cmd
                0x080150fc      0x148 ./at/src/at_client.o
                0x080150fc                at_exec_cmd
 .text.at_client_wait_connect
                0x08015244      0x118 ./at/src/at_client.o
                0x08015244                at_client_wait_connect
 .text.at_client_send
                0x0801535c       0x48 ./at/src/at_client.o
                0x0801535c                at_client_send
 .text.at_client_getchar
                0x080153a4       0x54 ./at/src/at_client.o
 .text.rt_at_get_client
                0x080153f8       0x48 ./at/src/at_client.o
                0x080153f8                rt_at_get_client
 .text.get_urc_obj
                0x08015440       0xfc ./at/src/at_client.o
 .text.at_recv_readline
                0x0801553c      0x108 ./at/src/at_client.o
 .text.client_parser
                0x08015644      0x1a0 ./at/src/at_client.o
 .text.at_client_rx_ind
                0x080157e4       0x2c ./at/src/at_client.o
 .text.at_set_urc_table
                0x08015810       0x90 ./at/src/at_client.o
                0x08015810                at_set_urc_table
 .text.at_client_init
                0x080158a0      0x318 ./at/src/at_client.o
                0x080158a0                at_client_init
 .text.at_get_last_cmd
                0x08015bb8       0x28 ./at/src/at_utils.o
                0x08015bb8                at_get_last_cmd
 .text.at_vprintf
                0x08015be0       0x40 ./at/src/at_utils.o
                0x08015be0                at_vprintf
 .text.at_vprintfln
                0x08015c20       0x34 ./at/src/at_utils.o
                0x08015c20                at_vprintfln
 .text.Get_AdsData
                0x08015c54      0x160 ./applications/AnalogToDigital.o
                0x08015c54                Get_AdsData
 .text.GetTempAndDisplay
                0x08015db4       0x64 ./applications/AnalogToDigital.o
                0x08015db4                GetTempAndDisplay
 .text.Function_AnalogToDigital
                0x08015e18       0x8c ./applications/AnalogToDigital.o
                0x08015e18                Function_AnalogToDigital
 .text.pid_calculate
                0x08015ea4      0x108 ./applications/Heat_PID.o
                0x08015ea4                pid_calculate
 .text.heat_init
                0x08015fac       0x94 ./applications/Heat_PID.o
                0x08015fac                heat_init
 .text.set_duty
                0x08016040       0x60 ./applications/Heat_PID.o
                0x08016040                set_duty
 .text.head_system_init
                0x080160a0       0x14 ./applications/Heat_PID.o
                0x080160a0                head_system_init
 .text.start_heat
                0x080160b4       0x7c ./applications/Heat_PID.o
                0x080160b4                start_heat
 .text.stop_heat
                0x08016130       0x46 ./applications/Heat_PID.o
                0x08016130                stop_heat
 .text.GpioDeviceInit
                0x08016176       0x92 ./applications/RunLED.o
                0x08016176                GpioDeviceInit
 .text.Function_RunLED
                0x08016208       0xb0 ./applications/RunLED.o
                0x08016208                Function_RunLED
 .text.ConnectServer
                0x080162b8      0x118 ./applications/ServerData.o
                0x080162b8                ConnectServer
 .text.UploadSampleServer
                0x080163d0      0x22c ./applications/ServerData.o
                0x080163d0                UploadSampleServer
 .text.GetTimeForServer
                0x080165fc       0xfc ./applications/ServerData.o
                0x080165fc                GetTimeForServer
 .text.SendPositionToServer
                0x080166f8      0x15c ./applications/ServerData.o
                0x080166f8                SendPositionToServer
 .text.AnalyseJSONFromServer
                0x08016854      0x100 ./applications/ServerData.o
                0x08016854                AnalyseJSONFromServer
 .text.device_activate
                0x08016954       0xf0 ./applications/ServerData.o
                0x08016954                device_activate
 .text.device_test
                0x08016a44       0xf0 ./applications/ServerData.o
                0x08016a44                device_test
 .text.device_sample
                0x08016b34      0x15c ./applications/ServerData.o
                0x08016b34                device_sample
 .text.g780_rev_cb
                0x08016c90       0x28 ./applications/ServerData.o
                0x08016c90                g780_rev_cb
 .text.uart_intput
                0x08016cb8       0x20 ./applications/Uart_Screen.o
 .text.uart_getchar
                0x08016cd8       0x40 ./applications/Uart_Screen.o
                0x08016cd8                uart_getchar
 .text.uart_putchar
                0x08016d18       0x44 ./applications/Uart_Screen.o
                0x08016d18                uart_putchar
 .text.choose_channel
                0x08016d5c       0xfc ./applications/Uart_Screen.o